============================= test session starts =============================
platform win32 -- Python 3.13.12, pytest-9.0.2, pluggy-1.6.0 -- C:\Users\arunk\OneDrive\Desktop\files\candidate_screening_platform\backend\app\.venv\Scripts\python.exe
cachedir: .pytest_cache
rootdir: c:\Users\arunk\OneDrive\Desktop\files\candidate_screening_platform\backend
plugins: anyio-4.13.0
collecting ... collected 52 items

..\tests\test_api.py::test_index_page ERROR                              [  1%]
..\tests\test_api.py::test_create_pipeline_run ERROR                     [  3%]
..\tests\test_api.py::test_set_job_description ERROR                     [  5%]
..\tests\test_api.py::test_set_job_description_invalid_run ERROR         [  7%]
..\tests\test_api.py::test_upload_candidates_csv ERROR                   [  9%]
..\tests\test_api.py::test_upload_candidates_csv_invalid_run ERROR       [ 11%]
..\tests\test_api.py::test_get_pipeline_status ERROR                     [ 13%]
..\tests\test_api.py::test_get_pipeline_status_with_candidates ERROR     [ 15%]
..\tests\test_api.py::test_leaderboard_empty ERROR                       [ 17%]
..\tests\test_api.py::test_leaderboard_with_candidates ERROR             [ 19%]
..\tests\test_api.py::test_get_test_links_empty ERROR                    [ 21%]
..\tests\test_api.py::test_get_interview_events_empty ERROR              [ 23%]
..\tests\test_api.py::test_start_pipeline_without_jd ERROR               [ 25%]
..\tests\test_api.py::test_schedule_interviews_empty ERROR               [ 26%]
..\tests\test_api.py::test_submit_test_invalid_token ERROR               [ 28%]
..\tests\test_api.py::test_take_test_invalid_token ERROR                 [ 30%]
..\tests\test_models.py::test_create_pipeline_run ERROR                  [ 32%]
..\tests\test_models.py::test_create_candidate ERROR                     [ 34%]
..\tests\test_models.py::test_resume_extraction ERROR                    [ 36%]
..\tests\test_models.py::test_ai_evaluation ERROR                        [ 38%]
..\tests\test_models.py::test_github_analysis ERROR                      [ 40%]
..\tests\test_models.py::test_full_ranking_chain ERROR                   [ 42%]
..\tests\test_models.py::test_interview_event ERROR                      [ 44%]
..\tests\test_models.py::test_email_send_log ERROR                       [ 46%]
..\tests\test_pipeline.py::TestGoogleDriveUrl::test_converts_drive_link ERROR [ 48%]
..\tests\test_pipeline.py::TestGoogleDriveUrl::test_returns_non_drive_url_unchanged ERROR [ 50%]
..\tests\test_pipeline.py::TestGoogleDriveUrl::test_handles_none ERROR   [ 51%]
..\tests\test_pipeline.py::TestGoogleDriveUrl::test_handles_empty_string ERROR [ 53%]
..\tests\test_pipeline.py::TestGithubUsername::test_extracts_username ERROR [ 55%]
..\tests\test_pipeline.py::TestGithubUsername::test_extracts_from_repo_url ERROR [ 57%]
..\tests\test_pipeline.py::TestGithubUsername::test_handles_none ERROR   [ 59%]
..\tests\test_pipeline.py::TestGithubUsername::test_handles_empty ERROR  [ 61%]
..\tests\test_pipeline.py::TestGithubUsername::test_handles_non_github ERROR [ 63%]
..\tests\test_pipeline.py::TestExtractKeywords::test_extracts_keywords ERROR [ 65%]
..\tests\test_pipeline.py::TestExtractKeywords::test_filters_stop_words ERROR [ 67%]
..\tests\test_pipeline.py::TestExtractKeywords::test_empty_jd ERROR      [ 69%]
..\tests\test_pipeline.py::TestKeywordFallbackScore::test_full_match ERROR [ 71%]
..\tests\test_pipeline.py::TestKeywordFallbackScore::test_no_match ERROR [ 73%]
..\tests\test_pipeline.py::TestKeywordFallbackScore::test_partial_match ERROR [ 75%]
..\tests\test_pipeline.py::TestKeywordFallbackScore::test_empty_jd ERROR [ 76%]
..\tests\test_pipeline.py::TestNormalizeCgpa::test_perfect_score ERROR   [ 78%]
..\tests\test_pipeline.py::TestNormalizeCgpa::test_mid_score ERROR       [ 80%]
..\tests\test_pipeline.py::TestNormalizeCgpa::test_zero ERROR            [ 82%]
..\tests\test_pipeline.py::TestNormalizeCgpa::test_none ERROR            [ 84%]
..\tests\test_pipeline.py::TestNormalizeCgpa::test_over_max ERROR        [ 86%]
..\tests\test_pipeline.py::TestGithubScoreRepo::test_scores_good_repo ERROR [ 88%]
..\tests\test_pipeline.py::TestGithubScoreRepo::test_scores_empty_repo ERROR [ 90%]
..\tests\test_pipeline.py::TestUpsertCandidates::test_upsert_from_dataframe ERROR [ 92%]
..\tests\test_pipeline.py::TestUpsertCandidates::test_upsert_idempotent ERROR [ 94%]
..\tests\test_pipeline.py::TestPhase6Rank::test_ranking_calculation ERROR [ 96%]
..\tests\test_pipeline.py::TestPhase8FinalRanking::test_final_ranking ERROR [ 98%]
..\tests\test_pipeline.py::TestRecomputeFinalScores::test_recompute ERROR [100%]

=================================== ERRORS ====================================
______________________ ERROR at setup of test_index_page ______________________
.venv\Lib\site-packages\sqlalchemy\engine\base.py:146: in __init__
    self._dbapi_connection = engine.raw_connection()
                             ^^^^^^^^^^^^^^^^^^^^^^^
.venv\Lib\site-packages\sqlalchemy\engine\base.py:3302: in raw_connection
    return self.pool.connect()
           ^^^^^^^^^^^^^^^^^^^
.venv\Lib\site-packages\sqlalchemy\pool\base.py:449: in connect
    return _ConnectionFairy._checkout(self)
           ^^^^^^^^^^^^^^^^^^^^^^^^^^^^^^^^
.venv\Lib\site-packages\sqlalchemy\pool\base.py:1263: in _checkout
    fairy = _ConnectionRecord.checkout(pool)
            ^^^^^^^^^^^^^^^^^^^^^^^^^^^^^^^^
.venv\Lib\site-packages\sqlalchemy\pool\base.py:712: in checkout
    rec = pool._do_get()
          ^^^^^^^^^^^^^^
.venv\Lib\site-packages\sqlalchemy\pool\impl.py:179: in _do_get
    with util.safe_reraise():
         ^^^^^^^^^^^^^^^^^^^
.venv\Lib\site-packages\sqlalchemy\util\langhelpers.py:146: in __exit__
    raise exc_value.with_traceback(exc_tb)
.venv\Lib\site-packages\sqlalchemy\pool\impl.py:177: in _do_get
    return self._create_connection()
           ^^^^^^^^^^^^^^^^^^^^^^^^^
.venv\Lib\site-packages\sqlalchemy\pool\base.py:390: in _create_connection
    return _ConnectionRecord(self)
           ^^^^^^^^^^^^^^^^^^^^^^^
.venv\Lib\site-packages\sqlalchemy\pool\base.py:674: in __init__
    self.__connect()
.venv\Lib\site-packages\sqlalchemy\pool\base.py:900: in __connect
    with util.safe_reraise():
         ^^^^^^^^^^^^^^^^^^^
.venv\Lib\site-packages\sqlalchemy\util\langhelpers.py:146: in __exit__
    raise exc_value.with_traceback(exc_tb)
.venv\Lib\site-packages\sqlalchemy\pool\base.py:896: in __connect
    self.dbapi_connection = connection = pool._invoke_creator(self)
                                         ^^^^^^^^^^^^^^^^^^^^^^^^^^
.venv\Lib\site-packages\sqlalchemy\engine\create.py:643: in connect
    return dialect.connect(*cargs, **cparams)
           ^^^^^^^^^^^^^^^^^^^^^^^^^^^^^^^^^^
.venv\Lib\site-packages\sqlalchemy\engine\default.py:621: in connect
    return self.loaded_dbapi.connect(*cargs, **cparams)
           ^^^^^^^^^^^^^^^^^^^^^^^^^^^^^^^^^^^^^^^^^^^^
E   sqlite3.OperationalError: unable to open database file

The above exception was the direct cause of the following exception:
..\tests\conftest.py:33: in setup_db
    Base.metadata.create_all(bind=test_engine)
.venv\Lib\site-packages\sqlalchemy\sql\schema.py:5868: in create_all
    bind._run_ddl_visitor(
.venv\Lib\site-packages\sqlalchemy\engine\base.py:3252: in _run_ddl_visitor
    with self.begin() as conn:
         ^^^^^^^^^^^^
C:\Program Files\WindowsApps\PythonSoftwareFoundation.Python.3.13_3.13.3312.0_x64__qbz5n2kfra8p0\Lib\contextlib.py:141: in __enter__
    return next(self.gen)
           ^^^^^^^^^^^^^^
.venv\Lib\site-packages\sqlalchemy\engine\base.py:3242: in begin
    with self.connect() as conn:
         ^^^^^^^^^^^^^^
.venv\Lib\site-packages\sqlalchemy\engine\base.py:3278: in connect
    return self._connection_cls(self)
           ^^^^^^^^^^^^^^^^^^^^^^^^^^
.venv\Lib\site-packages\sqlalchemy\engine\base.py:148: in __init__
    Connection._handle_dbapi_exception_noconnection(
.venv\Lib\site-packages\sqlalchemy\engine\base.py:2442: in _handle_dbapi_exception_noconnection
    raise sqlalchemy_exception.with_traceback(exc_info[2]) from e
.venv\Lib\site-packages\sqlalchemy\engine\base.py:146: in __init__
    self._dbapi_connection = engine.raw_connection()
                             ^^^^^^^^^^^^^^^^^^^^^^^
.venv\Lib\site-packages\sqlalchemy\engine\base.py:3302: in raw_connection
    return self.pool.connect()
           ^^^^^^^^^^^^^^^^^^^
.venv\Lib\site-packages\sqlalchemy\pool\base.py:449: in connect
    return _ConnectionFairy._checkout(self)
           ^^^^^^^^^^^^^^^^^^^^^^^^^^^^^^^^
.venv\Lib\site-packages\sqlalchemy\pool\base.py:1263: in _checkout
    fairy = _ConnectionRecord.checkout(pool)
            ^^^^^^^^^^^^^^^^^^^^^^^^^^^^^^^^
.venv\Lib\site-packages\sqlalchemy\pool\base.py:712: in checkout
    rec = pool._do_get()
          ^^^^^^^^^^^^^^
.venv\Lib\site-packages\sqlalchemy\pool\impl.py:179: in _do_get
    with util.safe_reraise():
         ^^^^^^^^^^^^^^^^^^^
.venv\Lib\site-packages\sqlalchemy\util\langhelpers.py:146: in __exit__
    raise exc_value.with_traceback(exc_tb)
.venv\Lib\site-packages\sqlalchemy\pool\impl.py:177: in _do_get
    return self._create_connection()
           ^^^^^^^^^^^^^^^^^^^^^^^^^
.venv\Lib\site-packages\sqlalchemy\pool\base.py:390: in _create_connection
    return _ConnectionRecord(self)
           ^^^^^^^^^^^^^^^^^^^^^^^
.venv\Lib\site-packages\sqlalchemy\pool\base.py:674: in __init__
    self.__connect()
.venv\Lib\site-packages\sqlalchemy\pool\base.py:900: in __connect
    with util.safe_reraise():
         ^^^^^^^^^^^^^^^^^^^
.venv\Lib\site-packages\sqlalchemy\util\langhelpers.py:146: in __exit__
    raise exc_value.with_traceback(exc_tb)
.venv\Lib\site-packages\sqlalchemy\pool\base.py:896: in __connect
    self.dbapi_connection = connection = pool._invoke_creator(self)
                                         ^^^^^^^^^^^^^^^^^^^^^^^^^^
.venv\Lib\site-packages\sqlalchemy\engine\create.py:643: in connect
    return dialect.connect(*cargs, **cparams)
           ^^^^^^^^^^^^^^^^^^^^^^^^^^^^^^^^^^
.venv\Lib\site-packages\sqlalchemy\engine\default.py:621: in connect
    return self.loaded_dbapi.connect(*cargs, **cparams)
           ^^^^^^^^^^^^^^^^^^^^^^^^^^^^^^^^^^^^^^^^^^^^
E   sqlalchemy.exc.OperationalError: (sqlite3.OperationalError) unable to open database file
E   (Background on this error at: https://sqlalche.me/e/20/e3q8)
_________________ ERROR at setup of test_create_pipeline_run __________________
.venv\Lib\site-packages\sqlalchemy\engine\base.py:146: in __init__
    self._dbapi_connection = engine.raw_connection()
                             ^^^^^^^^^^^^^^^^^^^^^^^
.venv\Lib\site-packages\sqlalchemy\engine\base.py:3302: in raw_connection
    return self.pool.connect()
           ^^^^^^^^^^^^^^^^^^^
.venv\Lib\site-packages\sqlalchemy\pool\base.py:449: in connect
    return _ConnectionFairy._checkout(self)
           ^^^^^^^^^^^^^^^^^^^^^^^^^^^^^^^^
.venv\Lib\site-packages\sqlalchemy\pool\base.py:1263: in _checkout
    fairy = _ConnectionRecord.checkout(pool)
            ^^^^^^^^^^^^^^^^^^^^^^^^^^^^^^^^
.venv\Lib\site-packages\sqlalchemy\pool\base.py:712: in checkout
    rec = pool._do_get()
          ^^^^^^^^^^^^^^
.venv\Lib\site-packages\sqlalchemy\pool\impl.py:179: in _do_get
    with util.safe_reraise():
         ^^^^^^^^^^^^^^^^^^^
.venv\Lib\site-packages\sqlalchemy\util\langhelpers.py:146: in __exit__
    raise exc_value.with_traceback(exc_tb)
.venv\Lib\site-packages\sqlalchemy\pool\impl.py:177: in _do_get
    return self._create_connection()
           ^^^^^^^^^^^^^^^^^^^^^^^^^
.venv\Lib\site-packages\sqlalchemy\pool\base.py:390: in _create_connection
    return _ConnectionRecord(self)
           ^^^^^^^^^^^^^^^^^^^^^^^
.venv\Lib\site-packages\sqlalchemy\pool\base.py:674: in __init__
    self.__connect()
.venv\Lib\site-packages\sqlalchemy\pool\base.py:900: in __connect
    with util.safe_reraise():
         ^^^^^^^^^^^^^^^^^^^
.venv\Lib\site-packages\sqlalchemy\util\langhelpers.py:146: in __exit__
    raise exc_value.with_traceback(exc_tb)
.venv\Lib\site-packages\sqlalchemy\pool\base.py:896: in __connect
    self.dbapi_connection = connection = pool._invoke_creator(self)
                                         ^^^^^^^^^^^^^^^^^^^^^^^^^^
.venv\Lib\site-packages\sqlalchemy\engine\create.py:643: in connect
    return dialect.connect(*cargs, **cparams)
           ^^^^^^^^^^^^^^^^^^^^^^^^^^^^^^^^^^
.venv\Lib\site-packages\sqlalchemy\engine\default.py:621: in connect
    return self.loaded_dbapi.connect(*cargs, **cparams)
           ^^^^^^^^^^^^^^^^^^^^^^^^^^^^^^^^^^^^^^^^^^^^
E   sqlite3.OperationalError: unable to open database file

The above exception was the direct cause of the following exception:
..\tests\conftest.py:33: in setup_db
    Base.metadata.create_all(bind=test_engine)
.venv\Lib\site-packages\sqlalchemy\sql\schema.py:5868: in create_all
    bind._run_ddl_visitor(
.venv\Lib\site-packages\sqlalchemy\engine\base.py:3252: in _run_ddl_visitor
    with self.begin() as conn:
         ^^^^^^^^^^^^
C:\Program Files\WindowsApps\PythonSoftwareFoundation.Python.3.13_3.13.3312.0_x64__qbz5n2kfra8p0\Lib\contextlib.py:141: in __enter__
    return next(self.gen)
           ^^^^^^^^^^^^^^
.venv\Lib\site-packages\sqlalchemy\engine\base.py:3242: in begin
    with self.connect() as conn:
         ^^^^^^^^^^^^^^
.venv\Lib\site-packages\sqlalchemy\engine\base.py:3278: in connect
    return self._connection_cls(self)
           ^^^^^^^^^^^^^^^^^^^^^^^^^^
.venv\Lib\site-packages\sqlalchemy\engine\base.py:148: in __init__
    Connection._handle_dbapi_exception_noconnection(
.venv\Lib\site-packages\sqlalchemy\engine\base.py:2442: in _handle_dbapi_exception_noconnection
    raise sqlalchemy_exception.with_traceback(exc_info[2]) from e
.venv\Lib\site-packages\sqlalchemy\engine\base.py:146: in __init__
    self._dbapi_connection = engine.raw_connection()
                             ^^^^^^^^^^^^^^^^^^^^^^^
.venv\Lib\site-packages\sqlalchemy\engine\base.py:3302: in raw_connection
    return self.pool.connect()
           ^^^^^^^^^^^^^^^^^^^
.venv\Lib\site-packages\sqlalchemy\pool\base.py:449: in connect
    return _ConnectionFairy._checkout(self)
           ^^^^^^^^^^^^^^^^^^^^^^^^^^^^^^^^
.venv\Lib\site-packages\sqlalchemy\pool\base.py:1263: in _checkout
    fairy = _ConnectionRecord.checkout(pool)
            ^^^^^^^^^^^^^^^^^^^^^^^^^^^^^^^^
.venv\Lib\site-packages\sqlalchemy\pool\base.py:712: in checkout
    rec = pool._do_get()
          ^^^^^^^^^^^^^^
.venv\Lib\site-packages\sqlalchemy\pool\impl.py:179: in _do_get
    with util.safe_reraise():
         ^^^^^^^^^^^^^^^^^^^
.venv\Lib\site-packages\sqlalchemy\util\langhelpers.py:146: in __exit__
    raise exc_value.with_traceback(exc_tb)
.venv\Lib\site-packages\sqlalchemy\pool\impl.py:177: in _do_get
    return self._create_connection()
           ^^^^^^^^^^^^^^^^^^^^^^^^^
.venv\Lib\site-packages\sqlalchemy\pool\base.py:390: in _create_connection
    return _ConnectionRecord(self)
           ^^^^^^^^^^^^^^^^^^^^^^^
.venv\Lib\site-packages\sqlalchemy\pool\base.py:674: in __init__
    self.__connect()
.venv\Lib\site-packages\sqlalchemy\pool\base.py:900: in __connect
    with util.safe_reraise():
         ^^^^^^^^^^^^^^^^^^^
.venv\Lib\site-packages\sqlalchemy\util\langhelpers.py:146: in __exit__
    raise exc_value.with_traceback(exc_tb)
.venv\Lib\site-packages\sqlalchemy\pool\base.py:896: in __connect
    self.dbapi_connection = connection = pool._invoke_creator(self)
                                         ^^^^^^^^^^^^^^^^^^^^^^^^^^
.venv\Lib\site-packages\sqlalchemy\engine\create.py:643: in connect
    return dialect.connect(*cargs, **cparams)
           ^^^^^^^^^^^^^^^^^^^^^^^^^^^^^^^^^^
.venv\Lib\site-packages\sqlalchemy\engine\default.py:621: in connect
    return self.loaded_dbapi.connect(*cargs, **cparams)
           ^^^^^^^^^^^^^^^^^^^^^^^^^^^^^^^^^^^^^^^^^^^^
E   sqlalchemy.exc.OperationalError: (sqlite3.OperationalError) unable to open database file
E   (Background on this error at: https://sqlalche.me/e/20/e3q8)
_________________ ERROR at setup of test_set_job_description __________________
.venv\Lib\site-packages\sqlalchemy\engine\base.py:146: in __init__
    self._dbapi_connection = engine.raw_connection()
                             ^^^^^^^^^^^^^^^^^^^^^^^
.venv\Lib\site-packages\sqlalchemy\engine\base.py:3302: in raw_connection
    return self.pool.connect()
           ^^^^^^^^^^^^^^^^^^^
.venv\Lib\site-packages\sqlalchemy\pool\base.py:449: in connect
    return _ConnectionFairy._checkout(self)
           ^^^^^^^^^^^^^^^^^^^^^^^^^^^^^^^^
.venv\Lib\site-packages\sqlalchemy\pool\base.py:1263: in _checkout
    fairy = _ConnectionRecord.checkout(pool)
            ^^^^^^^^^^^^^^^^^^^^^^^^^^^^^^^^
.venv\Lib\site-packages\sqlalchemy\pool\base.py:712: in checkout
    rec = pool._do_get()
          ^^^^^^^^^^^^^^
.venv\Lib\site-packages\sqlalchemy\pool\impl.py:179: in _do_get
    with util.safe_reraise():
         ^^^^^^^^^^^^^^^^^^^
.venv\Lib\site-packages\sqlalchemy\util\langhelpers.py:146: in __exit__
    raise exc_value.with_traceback(exc_tb)
.venv\Lib\site-packages\sqlalchemy\pool\impl.py:177: in _do_get
    return self._create_connection()
           ^^^^^^^^^^^^^^^^^^^^^^^^^
.venv\Lib\site-packages\sqlalchemy\pool\base.py:390: in _create_connection
    return _ConnectionRecord(self)
           ^^^^^^^^^^^^^^^^^^^^^^^
.venv\Lib\site-packages\sqlalchemy\pool\base.py:674: in __init__
    self.__connect()
.venv\Lib\site-packages\sqlalchemy\pool\base.py:900: in __connect
    with util.safe_reraise():
         ^^^^^^^^^^^^^^^^^^^
.venv\Lib\site-packages\sqlalchemy\util\langhelpers.py:146: in __exit__
    raise exc_value.with_traceback(exc_tb)
.venv\Lib\site-packages\sqlalchemy\pool\base.py:896: in __connect
    self.dbapi_connection = connection = pool._invoke_creator(self)
                                         ^^^^^^^^^^^^^^^^^^^^^^^^^^
.venv\Lib\site-packages\sqlalchemy\engine\create.py:643: in connect
    return dialect.connect(*cargs, **cparams)
           ^^^^^^^^^^^^^^^^^^^^^^^^^^^^^^^^^^
.venv\Lib\site-packages\sqlalchemy\engine\default.py:621: in connect
    return self.loaded_dbapi.connect(*cargs, **cparams)
           ^^^^^^^^^^^^^^^^^^^^^^^^^^^^^^^^^^^^^^^^^^^^
E   sqlite3.OperationalError: unable to open database file

The above exception was the direct cause of the following exception:
..\tests\conftest.py:33: in setup_db
    Base.metadata.create_all(bind=test_engine)
.venv\Lib\site-packages\sqlalchemy\sql\schema.py:5868: in create_all
    bind._run_ddl_visitor(
.venv\Lib\site-packages\sqlalchemy\engine\base.py:3252: in _run_ddl_visitor
    with self.begin() as conn:
         ^^^^^^^^^^^^
C:\Program Files\WindowsApps\PythonSoftwareFoundation.Python.3.13_3.13.3312.0_x64__qbz5n2kfra8p0\Lib\contextlib.py:141: in __enter__
    return next(self.gen)
           ^^^^^^^^^^^^^^
.venv\Lib\site-packages\sqlalchemy\engine\base.py:3242: in begin
    with self.connect() as conn:
         ^^^^^^^^^^^^^^
.venv\Lib\site-packages\sqlalchemy\engine\base.py:3278: in connect
    return self._connection_cls(self)
           ^^^^^^^^^^^^^^^^^^^^^^^^^^
.venv\Lib\site-packages\sqlalchemy\engine\base.py:148: in __init__
    Connection._handle_dbapi_exception_noconnection(
.venv\Lib\site-packages\sqlalchemy\engine\base.py:2442: in _handle_dbapi_exception_noconnection
    raise sqlalchemy_exception.with_traceback(exc_info[2]) from e
.venv\Lib\site-packages\sqlalchemy\engine\base.py:146: in __init__
    self._dbapi_connection = engine.raw_connection()
                             ^^^^^^^^^^^^^^^^^^^^^^^
.venv\Lib\site-packages\sqlalchemy\engine\base.py:3302: in raw_connection
    return self.pool.connect()
           ^^^^^^^^^^^^^^^^^^^
.venv\Lib\site-packages\sqlalchemy\pool\base.py:449: in connect
    return _ConnectionFairy._checkout(self)
           ^^^^^^^^^^^^^^^^^^^^^^^^^^^^^^^^
.venv\Lib\site-packages\sqlalchemy\pool\base.py:1263: in _checkout
    fairy = _ConnectionRecord.checkout(pool)
            ^^^^^^^^^^^^^^^^^^^^^^^^^^^^^^^^
.venv\Lib\site-packages\sqlalchemy\pool\base.py:712: in checkout
    rec = pool._do_get()
          ^^^^^^^^^^^^^^
.venv\Lib\site-packages\sqlalchemy\pool\impl.py:179: in _do_get
    with util.safe_reraise():
         ^^^^^^^^^^^^^^^^^^^
.venv\Lib\site-packages\sqlalchemy\util\langhelpers.py:146: in __exit__
    raise exc_value.with_traceback(exc_tb)
.venv\Lib\site-packages\sqlalchemy\pool\impl.py:177: in _do_get
    return self._create_connection()
           ^^^^^^^^^^^^^^^^^^^^^^^^^
.venv\Lib\site-packages\sqlalchemy\pool\base.py:390: in _create_connection
    return _ConnectionRecord(self)
           ^^^^^^^^^^^^^^^^^^^^^^^
.venv\Lib\site-packages\sqlalchemy\pool\base.py:674: in __init__
    self.__connect()
.venv\Lib\site-packages\sqlalchemy\pool\base.py:900: in __connect
    with util.safe_reraise():
         ^^^^^^^^^^^^^^^^^^^
.venv\Lib\site-packages\sqlalchemy\util\langhelpers.py:146: in __exit__
    raise exc_value.with_traceback(exc_tb)
.venv\Lib\site-packages\sqlalchemy\pool\base.py:896: in __connect
    self.dbapi_connection = connection = pool._invoke_creator(self)
                                         ^^^^^^^^^^^^^^^^^^^^^^^^^^
.venv\Lib\site-packages\sqlalchemy\engine\create.py:643: in connect
    return dialect.connect(*cargs, **cparams)
           ^^^^^^^^^^^^^^^^^^^^^^^^^^^^^^^^^^
.venv\Lib\site-packages\sqlalchemy\engine\default.py:621: in connect
    return self.loaded_dbapi.connect(*cargs, **cparams)
           ^^^^^^^^^^^^^^^^^^^^^^^^^^^^^^^^^^^^^^^^^^^^
E   sqlalchemy.exc.OperationalError: (sqlite3.OperationalError) unable to open database file
E   (Background on this error at: https://sqlalche.me/e/20/e3q8)
___________ ERROR at setup of test_set_job_description_invalid_run ____________
.venv\Lib\site-packages\sqlalchemy\engine\base.py:146: in __init__
    self._dbapi_connection = engine.raw_connection()
                             ^^^^^^^^^^^^^^^^^^^^^^^
.venv\Lib\site-packages\sqlalchemy\engine\base.py:3302: in raw_connection
    return self.pool.connect()
           ^^^^^^^^^^^^^^^^^^^
.venv\Lib\site-packages\sqlalchemy\pool\base.py:449: in connect
    return _ConnectionFairy._checkout(self)
           ^^^^^^^^^^^^^^^^^^^^^^^^^^^^^^^^
.venv\Lib\site-packages\sqlalchemy\pool\base.py:1263: in _checkout
    fairy = _ConnectionRecord.checkout(pool)
            ^^^^^^^^^^^^^^^^^^^^^^^^^^^^^^^^
.venv\Lib\site-packages\sqlalchemy\pool\base.py:712: in checkout
    rec = pool._do_get()
          ^^^^^^^^^^^^^^
.venv\Lib\site-packages\sqlalchemy\pool\impl.py:179: in _do_get
    with util.safe_reraise():
         ^^^^^^^^^^^^^^^^^^^
.venv\Lib\site-packages\sqlalchemy\util\langhelpers.py:146: in __exit__
    raise exc_value.with_traceback(exc_tb)
.venv\Lib\site-packages\sqlalchemy\pool\impl.py:177: in _do_get
    return self._create_connection()
           ^^^^^^^^^^^^^^^^^^^^^^^^^
.venv\Lib\site-packages\sqlalchemy\pool\base.py:390: in _create_connection
    return _ConnectionRecord(self)
           ^^^^^^^^^^^^^^^^^^^^^^^
.venv\Lib\site-packages\sqlalchemy\pool\base.py:674: in __init__
    self.__connect()
.venv\Lib\site-packages\sqlalchemy\pool\base.py:900: in __connect
    with util.safe_reraise():
         ^^^^^^^^^^^^^^^^^^^
.venv\Lib\site-packages\sqlalchemy\util\langhelpers.py:146: in __exit__
    raise exc_value.with_traceback(exc_tb)
.venv\Lib\site-packages\sqlalchemy\pool\base.py:896: in __connect
    self.dbapi_connection = connection = pool._invoke_creator(self)
                                         ^^^^^^^^^^^^^^^^^^^^^^^^^^
.venv\Lib\site-packages\sqlalchemy\engine\create.py:643: in connect
    return dialect.connect(*cargs, **cparams)
           ^^^^^^^^^^^^^^^^^^^^^^^^^^^^^^^^^^
.venv\Lib\site-packages\sqlalchemy\engine\default.py:621: in connect
    return self.loaded_dbapi.connect(*cargs, **cparams)
           ^^^^^^^^^^^^^^^^^^^^^^^^^^^^^^^^^^^^^^^^^^^^
E   sqlite3.OperationalError: unable to open database file

The above exception was the direct cause of the following exception:
..\tests\conftest.py:33: in setup_db
    Base.metadata.create_all(bind=test_engine)
.venv\Lib\site-packages\sqlalchemy\sql\schema.py:5868: in create_all
    bind._run_ddl_visitor(
.venv\Lib\site-packages\sqlalchemy\engine\base.py:3252: in _run_ddl_visitor
    with self.begin() as conn:
         ^^^^^^^^^^^^
C:\Program Files\WindowsApps\PythonSoftwareFoundation.Python.3.13_3.13.3312.0_x64__qbz5n2kfra8p0\Lib\contextlib.py:141: in __enter__
    return next(self.gen)
           ^^^^^^^^^^^^^^
.venv\Lib\site-packages\sqlalchemy\engine\base.py:3242: in begin
    with self.connect() as conn:
         ^^^^^^^^^^^^^^
.venv\Lib\site-packages\sqlalchemy\engine\base.py:3278: in connect
    return self._connection_cls(self)
           ^^^^^^^^^^^^^^^^^^^^^^^^^^
.venv\Lib\site-packages\sqlalchemy\engine\base.py:148: in __init__
    Connection._handle_dbapi_exception_noconnection(
.venv\Lib\site-packages\sqlalchemy\engine\base.py:2442: in _handle_dbapi_exception_noconnection
    raise sqlalchemy_exception.with_traceback(exc_info[2]) from e
.venv\Lib\site-packages\sqlalchemy\engine\base.py:146: in __init__
    self._dbapi_connection = engine.raw_connection()
                             ^^^^^^^^^^^^^^^^^^^^^^^
.venv\Lib\site-packages\sqlalchemy\engine\base.py:3302: in raw_connection
    return self.pool.connect()
           ^^^^^^^^^^^^^^^^^^^
.venv\Lib\site-packages\sqlalchemy\pool\base.py:449: in connect
    return _ConnectionFairy._checkout(self)
           ^^^^^^^^^^^^^^^^^^^^^^^^^^^^^^^^
.venv\Lib\site-packages\sqlalchemy\pool\base.py:1263: in _checkout
    fairy = _ConnectionRecord.checkout(pool)
            ^^^^^^^^^^^^^^^^^^^^^^^^^^^^^^^^
.venv\Lib\site-packages\sqlalchemy\pool\base.py:712: in checkout
    rec = pool._do_get()
          ^^^^^^^^^^^^^^
.venv\Lib\site-packages\sqlalchemy\pool\impl.py:179: in _do_get
    with util.safe_reraise():
         ^^^^^^^^^^^^^^^^^^^
.venv\Lib\site-packages\sqlalchemy\util\langhelpers.py:146: in __exit__
    raise exc_value.with_traceback(exc_tb)
.venv\Lib\site-packages\sqlalchemy\pool\impl.py:177: in _do_get
    return self._create_connection()
           ^^^^^^^^^^^^^^^^^^^^^^^^^
.venv\Lib\site-packages\sqlalchemy\pool\base.py:390: in _create_connection
    return _ConnectionRecord(self)
           ^^^^^^^^^^^^^^^^^^^^^^^
.venv\Lib\site-packages\sqlalchemy\pool\base.py:674: in __init__
    self.__connect()
.venv\Lib\site-packages\sqlalchemy\pool\base.py:900: in __connect
    with util.safe_reraise():
         ^^^^^^^^^^^^^^^^^^^
.venv\Lib\site-packages\sqlalchemy\util\langhelpers.py:146: in __exit__
    raise exc_value.with_traceback(exc_tb)
.venv\Lib\site-packages\sqlalchemy\pool\base.py:896: in __connect
    self.dbapi_connection = connection = pool._invoke_creator(self)
                                         ^^^^^^^^^^^^^^^^^^^^^^^^^^
.venv\Lib\site-packages\sqlalchemy\engine\create.py:643: in connect
    return dialect.connect(*cargs, **cparams)
           ^^^^^^^^^^^^^^^^^^^^^^^^^^^^^^^^^^
.venv\Lib\site-packages\sqlalchemy\engine\default.py:621: in connect
    return self.loaded_dbapi.connect(*cargs, **cparams)
           ^^^^^^^^^^^^^^^^^^^^^^^^^^^^^^^^^^^^^^^^^^^^
E   sqlalchemy.exc.OperationalError: (sqlite3.OperationalError) unable to open database file
E   (Background on this error at: https://sqlalche.me/e/20/e3q8)
________________ ERROR at setup of test_upload_candidates_csv _________________
.venv\Lib\site-packages\sqlalchemy\engine\base.py:146: in __init__
    self._dbapi_connection = engine.raw_connection()
                             ^^^^^^^^^^^^^^^^^^^^^^^
.venv\Lib\site-packages\sqlalchemy\engine\base.py:3302: in raw_connection
    return self.pool.connect()
           ^^^^^^^^^^^^^^^^^^^
.venv\Lib\site-packages\sqlalchemy\pool\base.py:449: in connect
    return _ConnectionFairy._checkout(self)
           ^^^^^^^^^^^^^^^^^^^^^^^^^^^^^^^^
.venv\Lib\site-packages\sqlalchemy\pool\base.py:1263: in _checkout
    fairy = _ConnectionRecord.checkout(pool)
            ^^^^^^^^^^^^^^^^^^^^^^^^^^^^^^^^
.venv\Lib\site-packages\sqlalchemy\pool\base.py:712: in checkout
    rec = pool._do_get()
          ^^^^^^^^^^^^^^
.venv\Lib\site-packages\sqlalchemy\pool\impl.py:179: in _do_get
    with util.safe_reraise():
         ^^^^^^^^^^^^^^^^^^^
.venv\Lib\site-packages\sqlalchemy\util\langhelpers.py:146: in __exit__
    raise exc_value.with_traceback(exc_tb)
.venv\Lib\site-packages\sqlalchemy\pool\impl.py:177: in _do_get
    return self._create_connection()
           ^^^^^^^^^^^^^^^^^^^^^^^^^
.venv\Lib\site-packages\sqlalchemy\pool\base.py:390: in _create_connection
    return _ConnectionRecord(self)
           ^^^^^^^^^^^^^^^^^^^^^^^
.venv\Lib\site-packages\sqlalchemy\pool\base.py:674: in __init__
    self.__connect()
.venv\Lib\site-packages\sqlalchemy\pool\base.py:900: in __connect
    with util.safe_reraise():
         ^^^^^^^^^^^^^^^^^^^
.venv\Lib\site-packages\sqlalchemy\util\langhelpers.py:146: in __exit__
    raise exc_value.with_traceback(exc_tb)
.venv\Lib\site-packages\sqlalchemy\pool\base.py:896: in __connect
    self.dbapi_connection = connection = pool._invoke_creator(self)
                                         ^^^^^^^^^^^^^^^^^^^^^^^^^^
.venv\Lib\site-packages\sqlalchemy\engine\create.py:643: in connect
    return dialect.connect(*cargs, **cparams)
           ^^^^^^^^^^^^^^^^^^^^^^^^^^^^^^^^^^
.venv\Lib\site-packages\sqlalchemy\engine\default.py:621: in connect
    return self.loaded_dbapi.connect(*cargs, **cparams)
           ^^^^^^^^^^^^^^^^^^^^^^^^^^^^^^^^^^^^^^^^^^^^
E   sqlite3.OperationalError: unable to open database file

The above exception was the direct cause of the following exception:
..\tests\conftest.py:33: in setup_db
    Base.metadata.create_all(bind=test_engine)
.venv\Lib\site-packages\sqlalchemy\sql\schema.py:5868: in create_all
    bind._run_ddl_visitor(
.venv\Lib\site-packages\sqlalchemy\engine\base.py:3252: in _run_ddl_visitor
    with self.begin() as conn:
         ^^^^^^^^^^^^
C:\Program Files\WindowsApps\PythonSoftwareFoundation.Python.3.13_3.13.3312.0_x64__qbz5n2kfra8p0\Lib\contextlib.py:141: in __enter__
    return next(self.gen)
           ^^^^^^^^^^^^^^
.venv\Lib\site-packages\sqlalchemy\engine\base.py:3242: in begin
    with self.connect() as conn:
         ^^^^^^^^^^^^^^
.venv\Lib\site-packages\sqlalchemy\engine\base.py:3278: in connect
    return self._connection_cls(self)
           ^^^^^^^^^^^^^^^^^^^^^^^^^^
.venv\Lib\site-packages\sqlalchemy\engine\base.py:148: in __init__
    Connection._handle_dbapi_exception_noconnection(
.venv\Lib\site-packages\sqlalchemy\engine\base.py:2442: in _handle_dbapi_exception_noconnection
    raise sqlalchemy_exception.with_traceback(exc_info[2]) from e
.venv\Lib\site-packages\sqlalchemy\engine\base.py:146: in __init__
    self._dbapi_connection = engine.raw_connection()
                             ^^^^^^^^^^^^^^^^^^^^^^^
.venv\Lib\site-packages\sqlalchemy\engine\base.py:3302: in raw_connection
    return self.pool.connect()
           ^^^^^^^^^^^^^^^^^^^
.venv\Lib\site-packages\sqlalchemy\pool\base.py:449: in connect
    return _ConnectionFairy._checkout(self)
           ^^^^^^^^^^^^^^^^^^^^^^^^^^^^^^^^
.venv\Lib\site-packages\sqlalchemy\pool\base.py:1263: in _checkout
    fairy = _ConnectionRecord.checkout(pool)
            ^^^^^^^^^^^^^^^^^^^^^^^^^^^^^^^^
.venv\Lib\site-packages\sqlalchemy\pool\base.py:712: in checkout
    rec = pool._do_get()
          ^^^^^^^^^^^^^^
.venv\Lib\site-packages\sqlalchemy\pool\impl.py:179: in _do_get
    with util.safe_reraise():
         ^^^^^^^^^^^^^^^^^^^
.venv\Lib\site-packages\sqlalchemy\util\langhelpers.py:146: in __exit__
    raise exc_value.with_traceback(exc_tb)
.venv\Lib\site-packages\sqlalchemy\pool\impl.py:177: in _do_get
    return self._create_connection()
           ^^^^^^^^^^^^^^^^^^^^^^^^^
.venv\Lib\site-packages\sqlalchemy\pool\base.py:390: in _create_connection
    return _ConnectionRecord(self)
           ^^^^^^^^^^^^^^^^^^^^^^^
.venv\Lib\site-packages\sqlalchemy\pool\base.py:674: in __init__
    self.__connect()
.venv\Lib\site-packages\sqlalchemy\pool\base.py:900: in __connect
    with util.safe_reraise():
         ^^^^^^^^^^^^^^^^^^^
.venv\Lib\site-packages\sqlalchemy\util\langhelpers.py:146: in __exit__
    raise exc_value.with_traceback(exc_tb)
.venv\Lib\site-packages\sqlalchemy\pool\base.py:896: in __connect
    self.dbapi_connection = connection = pool._invoke_creator(self)
                                         ^^^^^^^^^^^^^^^^^^^^^^^^^^
.venv\Lib\site-packages\sqlalchemy\engine\create.py:643: in connect
    return dialect.connect(*cargs, **cparams)
           ^^^^^^^^^^^^^^^^^^^^^^^^^^^^^^^^^^
.venv\Lib\site-packages\sqlalchemy\engine\default.py:621: in connect
    return self.loaded_dbapi.connect(*cargs, **cparams)
           ^^^^^^^^^^^^^^^^^^^^^^^^^^^^^^^^^^^^^^^^^^^^
E   sqlalchemy.exc.OperationalError: (sqlite3.OperationalError) unable to open database file
E   (Background on this error at: https://sqlalche.me/e/20/e3q8)
__________ ERROR at setup of test_upload_candidates_csv_invalid_run ___________
.venv\Lib\site-packages\sqlalchemy\engine\base.py:146: in __init__
    self._dbapi_connection = engine.raw_connection()
                             ^^^^^^^^^^^^^^^^^^^^^^^
.venv\Lib\site-packages\sqlalchemy\engine\base.py:3302: in raw_connection
    return self.pool.connect()
           ^^^^^^^^^^^^^^^^^^^
.venv\Lib\site-packages\sqlalchemy\pool\base.py:449: in connect
    return _ConnectionFairy._checkout(self)
           ^^^^^^^^^^^^^^^^^^^^^^^^^^^^^^^^
.venv\Lib\site-packages\sqlalchemy\pool\base.py:1263: in _checkout
    fairy = _ConnectionRecord.checkout(pool)
            ^^^^^^^^^^^^^^^^^^^^^^^^^^^^^^^^
.venv\Lib\site-packages\sqlalchemy\pool\base.py:712: in checkout
    rec = pool._do_get()
          ^^^^^^^^^^^^^^
.venv\Lib\site-packages\sqlalchemy\pool\impl.py:179: in _do_get
    with util.safe_reraise():
         ^^^^^^^^^^^^^^^^^^^
.venv\Lib\site-packages\sqlalchemy\util\langhelpers.py:146: in __exit__
    raise exc_value.with_traceback(exc_tb)
.venv\Lib\site-packages\sqlalchemy\pool\impl.py:177: in _do_get
    return self._create_connection()
           ^^^^^^^^^^^^^^^^^^^^^^^^^
.venv\Lib\site-packages\sqlalchemy\pool\base.py:390: in _create_connection
    return _ConnectionRecord(self)
           ^^^^^^^^^^^^^^^^^^^^^^^
.venv\Lib\site-packages\sqlalchemy\pool\base.py:674: in __init__
    self.__connect()
.venv\Lib\site-packages\sqlalchemy\pool\base.py:900: in __connect
    with util.safe_reraise():
         ^^^^^^^^^^^^^^^^^^^
.venv\Lib\site-packages\sqlalchemy\util\langhelpers.py:146: in __exit__
    raise exc_value.with_traceback(exc_tb)
.venv\Lib\site-packages\sqlalchemy\pool\base.py:896: in __connect
    self.dbapi_connection = connection = pool._invoke_creator(self)
                                         ^^^^^^^^^^^^^^^^^^^^^^^^^^
.venv\Lib\site-packages\sqlalchemy\engine\create.py:643: in connect
    return dialect.connect(*cargs, **cparams)
           ^^^^^^^^^^^^^^^^^^^^^^^^^^^^^^^^^^
.venv\Lib\site-packages\sqlalchemy\engine\default.py:621: in connect
    return self.loaded_dbapi.connect(*cargs, **cparams)
           ^^^^^^^^^^^^^^^^^^^^^^^^^^^^^^^^^^^^^^^^^^^^
E   sqlite3.OperationalError: unable to open database file

The above exception was the direct cause of the following exception:
..\tests\conftest.py:33: in setup_db
    Base.metadata.create_all(bind=test_engine)
.venv\Lib\site-packages\sqlalchemy\sql\schema.py:5868: in create_all
    bind._run_ddl_visitor(
.venv\Lib\site-packages\sqlalchemy\engine\base.py:3252: in _run_ddl_visitor
    with self.begin() as conn:
         ^^^^^^^^^^^^
C:\Program Files\WindowsApps\PythonSoftwareFoundation.Python.3.13_3.13.3312.0_x64__qbz5n2kfra8p0\Lib\contextlib.py:141: in __enter__
    return next(self.gen)
           ^^^^^^^^^^^^^^
.venv\Lib\site-packages\sqlalchemy\engine\base.py:3242: in begin
    with self.connect() as conn:
         ^^^^^^^^^^^^^^
.venv\Lib\site-packages\sqlalchemy\engine\base.py:3278: in connect
    return self._connection_cls(self)
           ^^^^^^^^^^^^^^^^^^^^^^^^^^
.venv\Lib\site-packages\sqlalchemy\engine\base.py:148: in __init__
    Connection._handle_dbapi_exception_noconnection(
.venv\Lib\site-packages\sqlalchemy\engine\base.py:2442: in _handle_dbapi_exception_noconnection
    raise sqlalchemy_exception.with_traceback(exc_info[2]) from e
.venv\Lib\site-packages\sqlalchemy\engine\base.py:146: in __init__
    self._dbapi_connection = engine.raw_connection()
                             ^^^^^^^^^^^^^^^^^^^^^^^
.venv\Lib\site-packages\sqlalchemy\engine\base.py:3302: in raw_connection
    return self.pool.connect()
           ^^^^^^^^^^^^^^^^^^^
.venv\Lib\site-packages\sqlalchemy\pool\base.py:449: in connect
    return _ConnectionFairy._checkout(self)
           ^^^^^^^^^^^^^^^^^^^^^^^^^^^^^^^^
.venv\Lib\site-packages\sqlalchemy\pool\base.py:1263: in _checkout
    fairy = _ConnectionRecord.checkout(pool)
            ^^^^^^^^^^^^^^^^^^^^^^^^^^^^^^^^
.venv\Lib\site-packages\sqlalchemy\pool\base.py:712: in checkout
    rec = pool._do_get()
          ^^^^^^^^^^^^^^
.venv\Lib\site-packages\sqlalchemy\pool\impl.py:179: in _do_get
    with util.safe_reraise():
         ^^^^^^^^^^^^^^^^^^^
.venv\Lib\site-packages\sqlalchemy\util\langhelpers.py:146: in __exit__
    raise exc_value.with_traceback(exc_tb)
.venv\Lib\site-packages\sqlalchemy\pool\impl.py:177: in _do_get
    return self._create_connection()
           ^^^^^^^^^^^^^^^^^^^^^^^^^
.venv\Lib\site-packages\sqlalchemy\pool\base.py:390: in _create_connection
    return _ConnectionRecord(self)
           ^^^^^^^^^^^^^^^^^^^^^^^
.venv\Lib\site-packages\sqlalchemy\pool\base.py:674: in __init__
    self.__connect()
.venv\Lib\site-packages\sqlalchemy\pool\base.py:900: in __connect
    with util.safe_reraise():
         ^^^^^^^^^^^^^^^^^^^
.venv\Lib\site-packages\sqlalchemy\util\langhelpers.py:146: in __exit__
    raise exc_value.with_traceback(exc_tb)
.venv\Lib\site-packages\sqlalchemy\pool\base.py:896: in __connect
    self.dbapi_connection = connection = pool._invoke_creator(self)
                                         ^^^^^^^^^^^^^^^^^^^^^^^^^^
.venv\Lib\site-packages\sqlalchemy\engine\create.py:643: in connect
    return dialect.connect(*cargs, **cparams)
           ^^^^^^^^^^^^^^^^^^^^^^^^^^^^^^^^^^
.venv\Lib\site-packages\sqlalchemy\engine\default.py:621: in connect
    return self.loaded_dbapi.connect(*cargs, **cparams)
           ^^^^^^^^^^^^^^^^^^^^^^^^^^^^^^^^^^^^^^^^^^^^
E   sqlalchemy.exc.OperationalError: (sqlite3.OperationalError) unable to open database file
E   (Background on this error at: https://sqlalche.me/e/20/e3q8)
_________________ ERROR at setup of test_get_pipeline_status __________________
.venv\Lib\site-packages\sqlalchemy\engine\base.py:146: in __init__
    self._dbapi_connection = engine.raw_connection()
                             ^^^^^^^^^^^^^^^^^^^^^^^
.venv\Lib\site-packages\sqlalchemy\engine\base.py:3302: in raw_connection
    return self.pool.connect()
           ^^^^^^^^^^^^^^^^^^^
.venv\Lib\site-packages\sqlalchemy\pool\base.py:449: in connect
    return _ConnectionFairy._checkout(self)
           ^^^^^^^^^^^^^^^^^^^^^^^^^^^^^^^^
.venv\Lib\site-packages\sqlalchemy\pool\base.py:1263: in _checkout
    fairy = _ConnectionRecord.checkout(pool)
            ^^^^^^^^^^^^^^^^^^^^^^^^^^^^^^^^
.venv\Lib\site-packages\sqlalchemy\pool\base.py:712: in checkout
    rec = pool._do_get()
          ^^^^^^^^^^^^^^
.venv\Lib\site-packages\sqlalchemy\pool\impl.py:179: in _do_get
    with util.safe_reraise():
         ^^^^^^^^^^^^^^^^^^^
.venv\Lib\site-packages\sqlalchemy\util\langhelpers.py:146: in __exit__
    raise exc_value.with_traceback(exc_tb)
.venv\Lib\site-packages\sqlalchemy\pool\impl.py:177: in _do_get
    return self._create_connection()
           ^^^^^^^^^^^^^^^^^^^^^^^^^
.venv\Lib\site-packages\sqlalchemy\pool\base.py:390: in _create_connection
    return _ConnectionRecord(self)
           ^^^^^^^^^^^^^^^^^^^^^^^
.venv\Lib\site-packages\sqlalchemy\pool\base.py:674: in __init__
    self.__connect()
.venv\Lib\site-packages\sqlalchemy\pool\base.py:900: in __connect
    with util.safe_reraise():
         ^^^^^^^^^^^^^^^^^^^
.venv\Lib\site-packages\sqlalchemy\util\langhelpers.py:146: in __exit__
    raise exc_value.with_traceback(exc_tb)
.venv\Lib\site-packages\sqlalchemy\pool\base.py:896: in __connect
    self.dbapi_connection = connection = pool._invoke_creator(self)
                                         ^^^^^^^^^^^^^^^^^^^^^^^^^^
.venv\Lib\site-packages\sqlalchemy\engine\create.py:643: in connect
    return dialect.connect(*cargs, **cparams)
           ^^^^^^^^^^^^^^^^^^^^^^^^^^^^^^^^^^
.venv\Lib\site-packages\sqlalchemy\engine\default.py:621: in connect
    return self.loaded_dbapi.connect(*cargs, **cparams)
           ^^^^^^^^^^^^^^^^^^^^^^^^^^^^^^^^^^^^^^^^^^^^
E   sqlite3.OperationalError: unable to open database file

The above exception was the direct cause of the following exception:
..\tests\conftest.py:33: in setup_db
    Base.metadata.create_all(bind=test_engine)
.venv\Lib\site-packages\sqlalchemy\sql\schema.py:5868: in create_all
    bind._run_ddl_visitor(
.venv\Lib\site-packages\sqlalchemy\engine\base.py:3252: in _run_ddl_visitor
    with self.begin() as conn:
         ^^^^^^^^^^^^
C:\Program Files\WindowsApps\PythonSoftwareFoundation.Python.3.13_3.13.3312.0_x64__qbz5n2kfra8p0\Lib\contextlib.py:141: in __enter__
    return next(self.gen)
           ^^^^^^^^^^^^^^
.venv\Lib\site-packages\sqlalchemy\engine\base.py:3242: in begin
    with self.connect() as conn:
         ^^^^^^^^^^^^^^
.venv\Lib\site-packages\sqlalchemy\engine\base.py:3278: in connect
    return self._connection_cls(self)
           ^^^^^^^^^^^^^^^^^^^^^^^^^^
.venv\Lib\site-packages\sqlalchemy\engine\base.py:148: in __init__
    Connection._handle_dbapi_exception_noconnection(
.venv\Lib\site-packages\sqlalchemy\engine\base.py:2442: in _handle_dbapi_exception_noconnection
    raise sqlalchemy_exception.with_traceback(exc_info[2]) from e
.venv\Lib\site-packages\sqlalchemy\engine\base.py:146: in __init__
    self._dbapi_connection = engine.raw_connection()
                             ^^^^^^^^^^^^^^^^^^^^^^^
.venv\Lib\site-packages\sqlalchemy\engine\base.py:3302: in raw_connection
    return self.pool.connect()
           ^^^^^^^^^^^^^^^^^^^
.venv\Lib\site-packages\sqlalchemy\pool\base.py:449: in connect
    return _ConnectionFairy._checkout(self)
           ^^^^^^^^^^^^^^^^^^^^^^^^^^^^^^^^
.venv\Lib\site-packages\sqlalchemy\pool\base.py:1263: in _checkout
    fairy = _ConnectionRecord.checkout(pool)
            ^^^^^^^^^^^^^^^^^^^^^^^^^^^^^^^^
.venv\Lib\site-packages\sqlalchemy\pool\base.py:712: in checkout
    rec = pool._do_get()
          ^^^^^^^^^^^^^^
.venv\Lib\site-packages\sqlalchemy\pool\impl.py:179: in _do_get
    with util.safe_reraise():
         ^^^^^^^^^^^^^^^^^^^
.venv\Lib\site-packages\sqlalchemy\util\langhelpers.py:146: in __exit__
    raise exc_value.with_traceback(exc_tb)
.venv\Lib\site-packages\sqlalchemy\pool\impl.py:177: in _do_get
    return self._create_connection()
           ^^^^^^^^^^^^^^^^^^^^^^^^^
.venv\Lib\site-packages\sqlalchemy\pool\base.py:390: in _create_connection
    return _ConnectionRecord(self)
           ^^^^^^^^^^^^^^^^^^^^^^^
.venv\Lib\site-packages\sqlalchemy\pool\base.py:674: in __init__
    self.__connect()
.venv\Lib\site-packages\sqlalchemy\pool\base.py:900: in __connect
    with util.safe_reraise():
         ^^^^^^^^^^^^^^^^^^^
.venv\Lib\site-packages\sqlalchemy\util\langhelpers.py:146: in __exit__
    raise exc_value.with_traceback(exc_tb)
.venv\Lib\site-packages\sqlalchemy\pool\base.py:896: in __connect
    self.dbapi_connection = connection = pool._invoke_creator(self)
                                         ^^^^^^^^^^^^^^^^^^^^^^^^^^
.venv\Lib\site-packages\sqlalchemy\engine\create.py:643: in connect
    return dialect.connect(*cargs, **cparams)
           ^^^^^^^^^^^^^^^^^^^^^^^^^^^^^^^^^^
.venv\Lib\site-packages\sqlalchemy\engine\default.py:621: in connect
    return self.loaded_dbapi.connect(*cargs, **cparams)
           ^^^^^^^^^^^^^^^^^^^^^^^^^^^^^^^^^^^^^^^^^^^^
E   sqlalchemy.exc.OperationalError: (sqlite3.OperationalError) unable to open database file
E   (Background on this error at: https://sqlalche.me/e/20/e3q8)
_________ ERROR at setup of test_get_pipeline_status_with_candidates __________
.venv\Lib\site-packages\sqlalchemy\engine\base.py:146: in __init__
    self._dbapi_connection = engine.raw_connection()
                             ^^^^^^^^^^^^^^^^^^^^^^^
.venv\Lib\site-packages\sqlalchemy\engine\base.py:3302: in raw_connection
    return self.pool.connect()
           ^^^^^^^^^^^^^^^^^^^
.venv\Lib\site-packages\sqlalchemy\pool\base.py:449: in connect
    return _ConnectionFairy._checkout(self)
           ^^^^^^^^^^^^^^^^^^^^^^^^^^^^^^^^
.venv\Lib\site-packages\sqlalchemy\pool\base.py:1263: in _checkout
    fairy = _ConnectionRecord.checkout(pool)
            ^^^^^^^^^^^^^^^^^^^^^^^^^^^^^^^^
.venv\Lib\site-packages\sqlalchemy\pool\base.py:712: in checkout
    rec = pool._do_get()
          ^^^^^^^^^^^^^^
.venv\Lib\site-packages\sqlalchemy\pool\impl.py:179: in _do_get
    with util.safe_reraise():
         ^^^^^^^^^^^^^^^^^^^
.venv\Lib\site-packages\sqlalchemy\util\langhelpers.py:146: in __exit__
    raise exc_value.with_traceback(exc_tb)
.venv\Lib\site-packages\sqlalchemy\pool\impl.py:177: in _do_get
    return self._create_connection()
           ^^^^^^^^^^^^^^^^^^^^^^^^^
.venv\Lib\site-packages\sqlalchemy\pool\base.py:390: in _create_connection
    return _ConnectionRecord(self)
           ^^^^^^^^^^^^^^^^^^^^^^^
.venv\Lib\site-packages\sqlalchemy\pool\base.py:674: in __init__
    self.__connect()
.venv\Lib\site-packages\sqlalchemy\pool\base.py:900: in __connect
    with util.safe_reraise():
         ^^^^^^^^^^^^^^^^^^^
.venv\Lib\site-packages\sqlalchemy\util\langhelpers.py:146: in __exit__
    raise exc_value.with_traceback(exc_tb)
.venv\Lib\site-packages\sqlalchemy\pool\base.py:896: in __connect
    self.dbapi_connection = connection = pool._invoke_creator(self)
                                         ^^^^^^^^^^^^^^^^^^^^^^^^^^
.venv\Lib\site-packages\sqlalchemy\engine\create.py:643: in connect
    return dialect.connect(*cargs, **cparams)
           ^^^^^^^^^^^^^^^^^^^^^^^^^^^^^^^^^^
.venv\Lib\site-packages\sqlalchemy\engine\default.py:621: in connect
    return self.loaded_dbapi.connect(*cargs, **cparams)
           ^^^^^^^^^^^^^^^^^^^^^^^^^^^^^^^^^^^^^^^^^^^^
E   sqlite3.OperationalError: unable to open database file

The above exception was the direct cause of the following exception:
..\tests\conftest.py:33: in setup_db
    Base.metadata.create_all(bind=test_engine)
.venv\Lib\site-packages\sqlalchemy\sql\schema.py:5868: in create_all
    bind._run_ddl_visitor(
.venv\Lib\site-packages\sqlalchemy\engine\base.py:3252: in _run_ddl_visitor
    with self.begin() as conn:
         ^^^^^^^^^^^^
C:\Program Files\WindowsApps\PythonSoftwareFoundation.Python.3.13_3.13.3312.0_x64__qbz5n2kfra8p0\Lib\contextlib.py:141: in __enter__
    return next(self.gen)
           ^^^^^^^^^^^^^^
.venv\Lib\site-packages\sqlalchemy\engine\base.py:3242: in begin
    with self.connect() as conn:
         ^^^^^^^^^^^^^^
.venv\Lib\site-packages\sqlalchemy\engine\base.py:3278: in connect
    return self._connection_cls(self)
           ^^^^^^^^^^^^^^^^^^^^^^^^^^
.venv\Lib\site-packages\sqlalchemy\engine\base.py:148: in __init__
    Connection._handle_dbapi_exception_noconnection(
.venv\Lib\site-packages\sqlalchemy\engine\base.py:2442: in _handle_dbapi_exception_noconnection
    raise sqlalchemy_exception.with_traceback(exc_info[2]) from e
.venv\Lib\site-packages\sqlalchemy\engine\base.py:146: in __init__
    self._dbapi_connection = engine.raw_connection()
                             ^^^^^^^^^^^^^^^^^^^^^^^
.venv\Lib\site-packages\sqlalchemy\engine\base.py:3302: in raw_connection
    return self.pool.connect()
           ^^^^^^^^^^^^^^^^^^^
.venv\Lib\site-packages\sqlalchemy\pool\base.py:449: in connect
    return _ConnectionFairy._checkout(self)
           ^^^^^^^^^^^^^^^^^^^^^^^^^^^^^^^^
.venv\Lib\site-packages\sqlalchemy\pool\base.py:1263: in _checkout
    fairy = _ConnectionRecord.checkout(pool)
            ^^^^^^^^^^^^^^^^^^^^^^^^^^^^^^^^
.venv\Lib\site-packages\sqlalchemy\pool\base.py:712: in checkout
    rec = pool._do_get()
          ^^^^^^^^^^^^^^
.venv\Lib\site-packages\sqlalchemy\pool\impl.py:179: in _do_get
    with util.safe_reraise():
         ^^^^^^^^^^^^^^^^^^^
.venv\Lib\site-packages\sqlalchemy\util\langhelpers.py:146: in __exit__
    raise exc_value.with_traceback(exc_tb)
.venv\Lib\site-packages\sqlalchemy\pool\impl.py:177: in _do_get
    return self._create_connection()
           ^^^^^^^^^^^^^^^^^^^^^^^^^
.venv\Lib\site-packages\sqlalchemy\pool\base.py:390: in _create_connection
    return _ConnectionRecord(self)
           ^^^^^^^^^^^^^^^^^^^^^^^
.venv\Lib\site-packages\sqlalchemy\pool\base.py:674: in __init__
    self.__connect()
.venv\Lib\site-packages\sqlalchemy\pool\base.py:900: in __connect
    with util.safe_reraise():
         ^^^^^^^^^^^^^^^^^^^
.venv\Lib\site-packages\sqlalchemy\util\langhelpers.py:146: in __exit__
    raise exc_value.with_traceback(exc_tb)
.venv\Lib\site-packages\sqlalchemy\pool\base.py:896: in __connect
    self.dbapi_connection = connection = pool._invoke_creator(self)
                                         ^^^^^^^^^^^^^^^^^^^^^^^^^^
.venv\Lib\site-packages\sqlalchemy\engine\create.py:643: in connect
    return dialect.connect(*cargs, **cparams)
           ^^^^^^^^^^^^^^^^^^^^^^^^^^^^^^^^^^
.venv\Lib\site-packages\sqlalchemy\engine\default.py:621: in connect
    return self.loaded_dbapi.connect(*cargs, **cparams)
           ^^^^^^^^^^^^^^^^^^^^^^^^^^^^^^^^^^^^^^^^^^^^
E   sqlalchemy.exc.OperationalError: (sqlite3.OperationalError) unable to open database file
E   (Background on this error at: https://sqlalche.me/e/20/e3q8)
__________________ ERROR at setup of test_leaderboard_empty ___________________
.venv\Lib\site-packages\sqlalchemy\engine\base.py:146: in __init__
    self._dbapi_connection = engine.raw_connection()
                             ^^^^^^^^^^^^^^^^^^^^^^^
.venv\Lib\site-packages\sqlalchemy\engine\base.py:3302: in raw_connection
    return self.pool.connect()
           ^^^^^^^^^^^^^^^^^^^
.venv\Lib\site-packages\sqlalchemy\pool\base.py:449: in connect
    return _ConnectionFairy._checkout(self)
           ^^^^^^^^^^^^^^^^^^^^^^^^^^^^^^^^
.venv\Lib\site-packages\sqlalchemy\pool\base.py:1263: in _checkout
    fairy = _ConnectionRecord.checkout(pool)
            ^^^^^^^^^^^^^^^^^^^^^^^^^^^^^^^^
.venv\Lib\site-packages\sqlalchemy\pool\base.py:712: in checkout
    rec = pool._do_get()
          ^^^^^^^^^^^^^^
.venv\Lib\site-packages\sqlalchemy\pool\impl.py:179: in _do_get
    with util.safe_reraise():
         ^^^^^^^^^^^^^^^^^^^
.venv\Lib\site-packages\sqlalchemy\util\langhelpers.py:146: in __exit__
    raise exc_value.with_traceback(exc_tb)
.venv\Lib\site-packages\sqlalchemy\pool\impl.py:177: in _do_get
    return self._create_connection()
           ^^^^^^^^^^^^^^^^^^^^^^^^^
.venv\Lib\site-packages\sqlalchemy\pool\base.py:390: in _create_connection
    return _ConnectionRecord(self)
           ^^^^^^^^^^^^^^^^^^^^^^^
.venv\Lib\site-packages\sqlalchemy\pool\base.py:674: in __init__
    self.__connect()
.venv\Lib\site-packages\sqlalchemy\pool\base.py:900: in __connect
    with util.safe_reraise():
         ^^^^^^^^^^^^^^^^^^^
.venv\Lib\site-packages\sqlalchemy\util\langhelpers.py:146: in __exit__
    raise exc_value.with_traceback(exc_tb)
.venv\Lib\site-packages\sqlalchemy\pool\base.py:896: in __connect
    self.dbapi_connection = connection = pool._invoke_creator(self)
                                         ^^^^^^^^^^^^^^^^^^^^^^^^^^
.venv\Lib\site-packages\sqlalchemy\engine\create.py:643: in connect
    return dialect.connect(*cargs, **cparams)
           ^^^^^^^^^^^^^^^^^^^^^^^^^^^^^^^^^^
.venv\Lib\site-packages\sqlalchemy\engine\default.py:621: in connect
    return self.loaded_dbapi.connect(*cargs, **cparams)
           ^^^^^^^^^^^^^^^^^^^^^^^^^^^^^^^^^^^^^^^^^^^^
E   sqlite3.OperationalError: unable to open database file

The above exception was the direct cause of the following exception:
..\tests\conftest.py:33: in setup_db
    Base.metadata.create_all(bind=test_engine)
.venv\Lib\site-packages\sqlalchemy\sql\schema.py:5868: in create_all
    bind._run_ddl_visitor(
.venv\Lib\site-packages\sqlalchemy\engine\base.py:3252: in _run_ddl_visitor
    with self.begin() as conn:
         ^^^^^^^^^^^^
C:\Program Files\WindowsApps\PythonSoftwareFoundation.Python.3.13_3.13.3312.0_x64__qbz5n2kfra8p0\Lib\contextlib.py:141: in __enter__
    return next(self.gen)
           ^^^^^^^^^^^^^^
.venv\Lib\site-packages\sqlalchemy\engine\base.py:3242: in begin
    with self.connect() as conn:
         ^^^^^^^^^^^^^^
.venv\Lib\site-packages\sqlalchemy\engine\base.py:3278: in connect
    return self._connection_cls(self)
           ^^^^^^^^^^^^^^^^^^^^^^^^^^
.venv\Lib\site-packages\sqlalchemy\engine\base.py:148: in __init__
    Connection._handle_dbapi_exception_noconnection(
.venv\Lib\site-packages\sqlalchemy\engine\base.py:2442: in _handle_dbapi_exception_noconnection
    raise sqlalchemy_exception.with_traceback(exc_info[2]) from e
.venv\Lib\site-packages\sqlalchemy\engine\base.py:146: in __init__
    self._dbapi_connection = engine.raw_connection()
                             ^^^^^^^^^^^^^^^^^^^^^^^
.venv\Lib\site-packages\sqlalchemy\engine\base.py:3302: in raw_connection
    return self.pool.connect()
           ^^^^^^^^^^^^^^^^^^^
.venv\Lib\site-packages\sqlalchemy\pool\base.py:449: in connect
    return _ConnectionFairy._checkout(self)
           ^^^^^^^^^^^^^^^^^^^^^^^^^^^^^^^^
.venv\Lib\site-packages\sqlalchemy\pool\base.py:1263: in _checkout
    fairy = _ConnectionRecord.checkout(pool)
            ^^^^^^^^^^^^^^^^^^^^^^^^^^^^^^^^
.venv\Lib\site-packages\sqlalchemy\pool\base.py:712: in checkout
    rec = pool._do_get()
          ^^^^^^^^^^^^^^
.venv\Lib\site-packages\sqlalchemy\pool\impl.py:179: in _do_get
    with util.safe_reraise():
         ^^^^^^^^^^^^^^^^^^^
.venv\Lib\site-packages\sqlalchemy\util\langhelpers.py:146: in __exit__
    raise exc_value.with_traceback(exc_tb)
.venv\Lib\site-packages\sqlalchemy\pool\impl.py:177: in _do_get
    return self._create_connection()
           ^^^^^^^^^^^^^^^^^^^^^^^^^
.venv\Lib\site-packages\sqlalchemy\pool\base.py:390: in _create_connection
    return _ConnectionRecord(self)
           ^^^^^^^^^^^^^^^^^^^^^^^
.venv\Lib\site-packages\sqlalchemy\pool\base.py:674: in __init__
    self.__connect()
.venv\Lib\site-packages\sqlalchemy\pool\base.py:900: in __connect
    with util.safe_reraise():
         ^^^^^^^^^^^^^^^^^^^
.venv\Lib\site-packages\sqlalchemy\util\langhelpers.py:146: in __exit__
    raise exc_value.with_traceback(exc_tb)
.venv\Lib\site-packages\sqlalchemy\pool\base.py:896: in __connect
    self.dbapi_connection = connection = pool._invoke_creator(self)
                                         ^^^^^^^^^^^^^^^^^^^^^^^^^^
.venv\Lib\site-packages\sqlalchemy\engine\create.py:643: in connect
    return dialect.connect(*cargs, **cparams)
           ^^^^^^^^^^^^^^^^^^^^^^^^^^^^^^^^^^
.venv\Lib\site-packages\sqlalchemy\engine\default.py:621: in connect
    return self.loaded_dbapi.connect(*cargs, **cparams)
           ^^^^^^^^^^^^^^^^^^^^^^^^^^^^^^^^^^^^^^^^^^^^
E   sqlalchemy.exc.OperationalError: (sqlite3.OperationalError) unable to open database file
E   (Background on this error at: https://sqlalche.me/e/20/e3q8)
_____________ ERROR at setup of test_leaderboard_with_candidates ______________
.venv\Lib\site-packages\sqlalchemy\engine\base.py:146: in __init__
    self._dbapi_connection = engine.raw_connection()
                             ^^^^^^^^^^^^^^^^^^^^^^^
.venv\Lib\site-packages\sqlalchemy\engine\base.py:3302: in raw_connection
    return self.pool.connect()
           ^^^^^^^^^^^^^^^^^^^
.venv\Lib\site-packages\sqlalchemy\pool\base.py:449: in connect
    return _ConnectionFairy._checkout(self)
           ^^^^^^^^^^^^^^^^^^^^^^^^^^^^^^^^
.venv\Lib\site-packages\sqlalchemy\pool\base.py:1263: in _checkout
    fairy = _ConnectionRecord.checkout(pool)
            ^^^^^^^^^^^^^^^^^^^^^^^^^^^^^^^^
.venv\Lib\site-packages\sqlalchemy\pool\base.py:712: in checkout
    rec = pool._do_get()
          ^^^^^^^^^^^^^^
.venv\Lib\site-packages\sqlalchemy\pool\impl.py:179: in _do_get
    with util.safe_reraise():
         ^^^^^^^^^^^^^^^^^^^
.venv\Lib\site-packages\sqlalchemy\util\langhelpers.py:146: in __exit__
    raise exc_value.with_traceback(exc_tb)
.venv\Lib\site-packages\sqlalchemy\pool\impl.py:177: in _do_get
    return self._create_connection()
           ^^^^^^^^^^^^^^^^^^^^^^^^^
.venv\Lib\site-packages\sqlalchemy\pool\base.py:390: in _create_connection
    return _ConnectionRecord(self)
           ^^^^^^^^^^^^^^^^^^^^^^^
.venv\Lib\site-packages\sqlalchemy\pool\base.py:674: in __init__
    self.__connect()
.venv\Lib\site-packages\sqlalchemy\pool\base.py:900: in __connect
    with util.safe_reraise():
         ^^^^^^^^^^^^^^^^^^^
.venv\Lib\site-packages\sqlalchemy\util\langhelpers.py:146: in __exit__
    raise exc_value.with_traceback(exc_tb)
.venv\Lib\site-packages\sqlalchemy\pool\base.py:896: in __connect
    self.dbapi_connection = connection = pool._invoke_creator(self)
                                         ^^^^^^^^^^^^^^^^^^^^^^^^^^
.venv\Lib\site-packages\sqlalchemy\engine\create.py:643: in connect
    return dialect.connect(*cargs, **cparams)
           ^^^^^^^^^^^^^^^^^^^^^^^^^^^^^^^^^^
.venv\Lib\site-packages\sqlalchemy\engine\default.py:621: in connect
    return self.loaded_dbapi.connect(*cargs, **cparams)
           ^^^^^^^^^^^^^^^^^^^^^^^^^^^^^^^^^^^^^^^^^^^^
E   sqlite3.OperationalError: unable to open database file

The above exception was the direct cause of the following exception:
..\tests\conftest.py:33: in setup_db
    Base.metadata.create_all(bind=test_engine)
.venv\Lib\site-packages\sqlalchemy\sql\schema.py:5868: in create_all
    bind._run_ddl_visitor(
.venv\Lib\site-packages\sqlalchemy\engine\base.py:3252: in _run_ddl_visitor
    with self.begin() as conn:
         ^^^^^^^^^^^^
C:\Program Files\WindowsApps\PythonSoftwareFoundation.Python.3.13_3.13.3312.0_x64__qbz5n2kfra8p0\Lib\contextlib.py:141: in __enter__
    return next(self.gen)
           ^^^^^^^^^^^^^^
.venv\Lib\site-packages\sqlalchemy\engine\base.py:3242: in begin
    with self.connect() as conn:
         ^^^^^^^^^^^^^^
.venv\Lib\site-packages\sqlalchemy\engine\base.py:3278: in connect
    return self._connection_cls(self)
           ^^^^^^^^^^^^^^^^^^^^^^^^^^
.venv\Lib\site-packages\sqlalchemy\engine\base.py:148: in __init__
    Connection._handle_dbapi_exception_noconnection(
.venv\Lib\site-packages\sqlalchemy\engine\base.py:2442: in _handle_dbapi_exception_noconnection
    raise sqlalchemy_exception.with_traceback(exc_info[2]) from e
.venv\Lib\site-packages\sqlalchemy\engine\base.py:146: in __init__
    self._dbapi_connection = engine.raw_connection()
                             ^^^^^^^^^^^^^^^^^^^^^^^
.venv\Lib\site-packages\sqlalchemy\engine\base.py:3302: in raw_connection
    return self.pool.connect()
           ^^^^^^^^^^^^^^^^^^^
.venv\Lib\site-packages\sqlalchemy\pool\base.py:449: in connect
    return _ConnectionFairy._checkout(self)
           ^^^^^^^^^^^^^^^^^^^^^^^^^^^^^^^^
.venv\Lib\site-packages\sqlalchemy\pool\base.py:1263: in _checkout
    fairy = _ConnectionRecord.checkout(pool)
            ^^^^^^^^^^^^^^^^^^^^^^^^^^^^^^^^
.venv\Lib\site-packages\sqlalchemy\pool\base.py:712: in checkout
    rec = pool._do_get()
          ^^^^^^^^^^^^^^
.venv\Lib\site-packages\sqlalchemy\pool\impl.py:179: in _do_get
    with util.safe_reraise():
         ^^^^^^^^^^^^^^^^^^^
.venv\Lib\site-packages\sqlalchemy\util\langhelpers.py:146: in __exit__
    raise exc_value.with_traceback(exc_tb)
.venv\Lib\site-packages\sqlalchemy\pool\impl.py:177: in _do_get
    return self._create_connection()
           ^^^^^^^^^^^^^^^^^^^^^^^^^
.venv\Lib\site-packages\sqlalchemy\pool\base.py:390: in _create_connection
    return _ConnectionRecord(self)
           ^^^^^^^^^^^^^^^^^^^^^^^
.venv\Lib\site-packages\sqlalchemy\pool\base.py:674: in __init__
    self.__connect()
.venv\Lib\site-packages\sqlalchemy\pool\base.py:900: in __connect
    with util.safe_reraise():
         ^^^^^^^^^^^^^^^^^^^
.venv\Lib\site-packages\sqlalchemy\util\langhelpers.py:146: in __exit__
    raise exc_value.with_traceback(exc_tb)
.venv\Lib\site-packages\sqlalchemy\pool\base.py:896: in __connect
    self.dbapi_connection = connection = pool._invoke_creator(self)
                                         ^^^^^^^^^^^^^^^^^^^^^^^^^^
.venv\Lib\site-packages\sqlalchemy\engine\create.py:643: in connect
    return dialect.connect(*cargs, **cparams)
           ^^^^^^^^^^^^^^^^^^^^^^^^^^^^^^^^^^
.venv\Lib\site-packages\sqlalchemy\engine\default.py:621: in connect
    return self.loaded_dbapi.connect(*cargs, **cparams)
           ^^^^^^^^^^^^^^^^^^^^^^^^^^^^^^^^^^^^^^^^^^^^
E   sqlalchemy.exc.OperationalError: (sqlite3.OperationalError) unable to open database file
E   (Background on this error at: https://sqlalche.me/e/20/e3q8)
_________________ ERROR at setup of test_get_test_links_empty _________________
.venv\Lib\site-packages\sqlalchemy\engine\base.py:146: in __init__
    self._dbapi_connection = engine.raw_connection()
                             ^^^^^^^^^^^^^^^^^^^^^^^
.venv\Lib\site-packages\sqlalchemy\engine\base.py:3302: in raw_connection
    return self.pool.connect()
           ^^^^^^^^^^^^^^^^^^^
.venv\Lib\site-packages\sqlalchemy\pool\base.py:449: in connect
    return _ConnectionFairy._checkout(self)
           ^^^^^^^^^^^^^^^^^^^^^^^^^^^^^^^^
.venv\Lib\site-packages\sqlalchemy\pool\base.py:1263: in _checkout
    fairy = _ConnectionRecord.checkout(pool)
            ^^^^^^^^^^^^^^^^^^^^^^^^^^^^^^^^
.venv\Lib\site-packages\sqlalchemy\pool\base.py:712: in checkout
    rec = pool._do_get()
          ^^^^^^^^^^^^^^
.venv\Lib\site-packages\sqlalchemy\pool\impl.py:179: in _do_get
    with util.safe_reraise():
         ^^^^^^^^^^^^^^^^^^^
.venv\Lib\site-packages\sqlalchemy\util\langhelpers.py:146: in __exit__
    raise exc_value.with_traceback(exc_tb)
.venv\Lib\site-packages\sqlalchemy\pool\impl.py:177: in _do_get
    return self._create_connection()
           ^^^^^^^^^^^^^^^^^^^^^^^^^
.venv\Lib\site-packages\sqlalchemy\pool\base.py:390: in _create_connection
    return _ConnectionRecord(self)
           ^^^^^^^^^^^^^^^^^^^^^^^
.venv\Lib\site-packages\sqlalchemy\pool\base.py:674: in __init__
    self.__connect()
.venv\Lib\site-packages\sqlalchemy\pool\base.py:900: in __connect
    with util.safe_reraise():
         ^^^^^^^^^^^^^^^^^^^
.venv\Lib\site-packages\sqlalchemy\util\langhelpers.py:146: in __exit__
    raise exc_value.with_traceback(exc_tb)
.venv\Lib\site-packages\sqlalchemy\pool\base.py:896: in __connect
    self.dbapi_connection = connection = pool._invoke_creator(self)
                                         ^^^^^^^^^^^^^^^^^^^^^^^^^^
.venv\Lib\site-packages\sqlalchemy\engine\create.py:643: in connect
    return dialect.connect(*cargs, **cparams)
           ^^^^^^^^^^^^^^^^^^^^^^^^^^^^^^^^^^
.venv\Lib\site-packages\sqlalchemy\engine\default.py:621: in connect
    return self.loaded_dbapi.connect(*cargs, **cparams)
           ^^^^^^^^^^^^^^^^^^^^^^^^^^^^^^^^^^^^^^^^^^^^
E   sqlite3.OperationalError: unable to open database file

The above exception was the direct cause of the following exception:
..\tests\conftest.py:33: in setup_db
    Base.metadata.create_all(bind=test_engine)
.venv\Lib\site-packages\sqlalchemy\sql\schema.py:5868: in create_all
    bind._run_ddl_visitor(
.venv\Lib\site-packages\sqlalchemy\engine\base.py:3252: in _run_ddl_visitor
    with self.begin() as conn:
         ^^^^^^^^^^^^
C:\Program Files\WindowsApps\PythonSoftwareFoundation.Python.3.13_3.13.3312.0_x64__qbz5n2kfra8p0\Lib\contextlib.py:141: in __enter__
    return next(self.gen)
           ^^^^^^^^^^^^^^
.venv\Lib\site-packages\sqlalchemy\engine\base.py:3242: in begin
    with self.connect() as conn:
         ^^^^^^^^^^^^^^
.venv\Lib\site-packages\sqlalchemy\engine\base.py:3278: in connect
    return self._connection_cls(self)
           ^^^^^^^^^^^^^^^^^^^^^^^^^^
.venv\Lib\site-packages\sqlalchemy\engine\base.py:148: in __init__
    Connection._handle_dbapi_exception_noconnection(
.venv\Lib\site-packages\sqlalchemy\engine\base.py:2442: in _handle_dbapi_exception_noconnection
    raise sqlalchemy_exception.with_traceback(exc_info[2]) from e
.venv\Lib\site-packages\sqlalchemy\engine\base.py:146: in __init__
    self._dbapi_connection = engine.raw_connection()
                             ^^^^^^^^^^^^^^^^^^^^^^^
.venv\Lib\site-packages\sqlalchemy\engine\base.py:3302: in raw_connection
    return self.pool.connect()
           ^^^^^^^^^^^^^^^^^^^
.venv\Lib\site-packages\sqlalchemy\pool\base.py:449: in connect
    return _ConnectionFairy._checkout(self)
           ^^^^^^^^^^^^^^^^^^^^^^^^^^^^^^^^
.venv\Lib\site-packages\sqlalchemy\pool\base.py:1263: in _checkout
    fairy = _ConnectionRecord.checkout(pool)
            ^^^^^^^^^^^^^^^^^^^^^^^^^^^^^^^^
.venv\Lib\site-packages\sqlalchemy\pool\base.py:712: in checkout
    rec = pool._do_get()
          ^^^^^^^^^^^^^^
.venv\Lib\site-packages\sqlalchemy\pool\impl.py:179: in _do_get
    with util.safe_reraise():
         ^^^^^^^^^^^^^^^^^^^
.venv\Lib\site-packages\sqlalchemy\util\langhelpers.py:146: in __exit__
    raise exc_value.with_traceback(exc_tb)
.venv\Lib\site-packages\sqlalchemy\pool\impl.py:177: in _do_get
    return self._create_connection()
           ^^^^^^^^^^^^^^^^^^^^^^^^^
.venv\Lib\site-packages\sqlalchemy\pool\base.py:390: in _create_connection
    return _ConnectionRecord(self)
           ^^^^^^^^^^^^^^^^^^^^^^^
.venv\Lib\site-packages\sqlalchemy\pool\base.py:674: in __init__
    self.__connect()
.venv\Lib\site-packages\sqlalchemy\pool\base.py:900: in __connect
    with util.safe_reraise():
         ^^^^^^^^^^^^^^^^^^^
.venv\Lib\site-packages\sqlalchemy\util\langhelpers.py:146: in __exit__
    raise exc_value.with_traceback(exc_tb)
.venv\Lib\site-packages\sqlalchemy\pool\base.py:896: in __connect
    self.dbapi_connection = connection = pool._invoke_creator(self)
                                         ^^^^^^^^^^^^^^^^^^^^^^^^^^
.venv\Lib\site-packages\sqlalchemy\engine\create.py:643: in connect
    return dialect.connect(*cargs, **cparams)
           ^^^^^^^^^^^^^^^^^^^^^^^^^^^^^^^^^^
.venv\Lib\site-packages\sqlalchemy\engine\default.py:621: in connect
    return self.loaded_dbapi.connect(*cargs, **cparams)
           ^^^^^^^^^^^^^^^^^^^^^^^^^^^^^^^^^^^^^^^^^^^^
E   sqlalchemy.exc.OperationalError: (sqlite3.OperationalError) unable to open database file
E   (Background on this error at: https://sqlalche.me/e/20/e3q8)
______________ ERROR at setup of test_get_interview_events_empty ______________
.venv\Lib\site-packages\sqlalchemy\engine\base.py:146: in __init__
    self._dbapi_connection = engine.raw_connection()
                             ^^^^^^^^^^^^^^^^^^^^^^^
.venv\Lib\site-packages\sqlalchemy\engine\base.py:3302: in raw_connection
    return self.pool.connect()
           ^^^^^^^^^^^^^^^^^^^
.venv\Lib\site-packages\sqlalchemy\pool\base.py:449: in connect
    return _ConnectionFairy._checkout(self)
           ^^^^^^^^^^^^^^^^^^^^^^^^^^^^^^^^
.venv\Lib\site-packages\sqlalchemy\pool\base.py:1263: in _checkout
    fairy = _ConnectionRecord.checkout(pool)
            ^^^^^^^^^^^^^^^^^^^^^^^^^^^^^^^^
.venv\Lib\site-packages\sqlalchemy\pool\base.py:712: in checkout
    rec = pool._do_get()
          ^^^^^^^^^^^^^^
.venv\Lib\site-packages\sqlalchemy\pool\impl.py:179: in _do_get
    with util.safe_reraise():
         ^^^^^^^^^^^^^^^^^^^
.venv\Lib\site-packages\sqlalchemy\util\langhelpers.py:146: in __exit__
    raise exc_value.with_traceback(exc_tb)
.venv\Lib\site-packages\sqlalchemy\pool\impl.py:177: in _do_get
    return self._create_connection()
           ^^^^^^^^^^^^^^^^^^^^^^^^^
.venv\Lib\site-packages\sqlalchemy\pool\base.py:390: in _create_connection
    return _ConnectionRecord(self)
           ^^^^^^^^^^^^^^^^^^^^^^^
.venv\Lib\site-packages\sqlalchemy\pool\base.py:674: in __init__
    self.__connect()
.venv\Lib\site-packages\sqlalchemy\pool\base.py:900: in __connect
    with util.safe_reraise():
         ^^^^^^^^^^^^^^^^^^^
.venv\Lib\site-packages\sqlalchemy\util\langhelpers.py:146: in __exit__
    raise exc_value.with_traceback(exc_tb)
.venv\Lib\site-packages\sqlalchemy\pool\base.py:896: in __connect
    self.dbapi_connection = connection = pool._invoke_creator(self)
                                         ^^^^^^^^^^^^^^^^^^^^^^^^^^
.venv\Lib\site-packages\sqlalchemy\engine\create.py:643: in connect
    return dialect.connect(*cargs, **cparams)
           ^^^^^^^^^^^^^^^^^^^^^^^^^^^^^^^^^^
.venv\Lib\site-packages\sqlalchemy\engine\default.py:621: in connect
    return self.loaded_dbapi.connect(*cargs, **cparams)
           ^^^^^^^^^^^^^^^^^^^^^^^^^^^^^^^^^^^^^^^^^^^^
E   sqlite3.OperationalError: unable to open database file

The above exception was the direct cause of the following exception:
..\tests\conftest.py:33: in setup_db
    Base.metadata.create_all(bind=test_engine)
.venv\Lib\site-packages\sqlalchemy\sql\schema.py:5868: in create_all
    bind._run_ddl_visitor(
.venv\Lib\site-packages\sqlalchemy\engine\base.py:3252: in _run_ddl_visitor
    with self.begin() as conn:
         ^^^^^^^^^^^^
C:\Program Files\WindowsApps\PythonSoftwareFoundation.Python.3.13_3.13.3312.0_x64__qbz5n2kfra8p0\Lib\contextlib.py:141: in __enter__
    return next(self.gen)
           ^^^^^^^^^^^^^^
.venv\Lib\site-packages\sqlalchemy\engine\base.py:3242: in begin
    with self.connect() as conn:
         ^^^^^^^^^^^^^^
.venv\Lib\site-packages\sqlalchemy\engine\base.py:3278: in connect
    return self._connection_cls(self)
           ^^^^^^^^^^^^^^^^^^^^^^^^^^
.venv\Lib\site-packages\sqlalchemy\engine\base.py:148: in __init__
    Connection._handle_dbapi_exception_noconnection(
.venv\Lib\site-packages\sqlalchemy\engine\base.py:2442: in _handle_dbapi_exception_noconnection
    raise sqlalchemy_exception.with_traceback(exc_info[2]) from e
.venv\Lib\site-packages\sqlalchemy\engine\base.py:146: in __init__
    self._dbapi_connection = engine.raw_connection()
                             ^^^^^^^^^^^^^^^^^^^^^^^
.venv\Lib\site-packages\sqlalchemy\engine\base.py:3302: in raw_connection
    return self.pool.connect()
           ^^^^^^^^^^^^^^^^^^^
.venv\Lib\site-packages\sqlalchemy\pool\base.py:449: in connect
    return _ConnectionFairy._checkout(self)
           ^^^^^^^^^^^^^^^^^^^^^^^^^^^^^^^^
.venv\Lib\site-packages\sqlalchemy\pool\base.py:1263: in _checkout
    fairy = _ConnectionRecord.checkout(pool)
            ^^^^^^^^^^^^^^^^^^^^^^^^^^^^^^^^
.venv\Lib\site-packages\sqlalchemy\pool\base.py:712: in checkout
    rec = pool._do_get()
          ^^^^^^^^^^^^^^
.venv\Lib\site-packages\sqlalchemy\pool\impl.py:179: in _do_get
    with util.safe_reraise():
         ^^^^^^^^^^^^^^^^^^^
.venv\Lib\site-packages\sqlalchemy\util\langhelpers.py:146: in __exit__
    raise exc_value.with_traceback(exc_tb)
.venv\Lib\site-packages\sqlalchemy\pool\impl.py:177: in _do_get
    return self._create_connection()
           ^^^^^^^^^^^^^^^^^^^^^^^^^
.venv\Lib\site-packages\sqlalchemy\pool\base.py:390: in _create_connection
    return _ConnectionRecord(self)
           ^^^^^^^^^^^^^^^^^^^^^^^
.venv\Lib\site-packages\sqlalchemy\pool\base.py:674: in __init__
    self.__connect()
.venv\Lib\site-packages\sqlalchemy\pool\base.py:900: in __connect
    with util.safe_reraise():
         ^^^^^^^^^^^^^^^^^^^
.venv\Lib\site-packages\sqlalchemy\util\langhelpers.py:146: in __exit__
    raise exc_value.with_traceback(exc_tb)
.venv\Lib\site-packages\sqlalchemy\pool\base.py:896: in __connect
    self.dbapi_connection = connection = pool._invoke_creator(self)
                                         ^^^^^^^^^^^^^^^^^^^^^^^^^^
.venv\Lib\site-packages\sqlalchemy\engine\create.py:643: in connect
    return dialect.connect(*cargs, **cparams)
           ^^^^^^^^^^^^^^^^^^^^^^^^^^^^^^^^^^
.venv\Lib\site-packages\sqlalchemy\engine\default.py:621: in connect
    return self.loaded_dbapi.connect(*cargs, **cparams)
           ^^^^^^^^^^^^^^^^^^^^^^^^^^^^^^^^^^^^^^^^^^^^
E   sqlalchemy.exc.OperationalError: (sqlite3.OperationalError) unable to open database file
E   (Background on this error at: https://sqlalche.me/e/20/e3q8)
______________ ERROR at setup of test_start_pipeline_without_jd _______________
.venv\Lib\site-packages\sqlalchemy\engine\base.py:146: in __init__
    self._dbapi_connection = engine.raw_connection()
                             ^^^^^^^^^^^^^^^^^^^^^^^
.venv\Lib\site-packages\sqlalchemy\engine\base.py:3302: in raw_connection
    return self.pool.connect()
           ^^^^^^^^^^^^^^^^^^^
.venv\Lib\site-packages\sqlalchemy\pool\base.py:449: in connect
    return _ConnectionFairy._checkout(self)
           ^^^^^^^^^^^^^^^^^^^^^^^^^^^^^^^^
.venv\Lib\site-packages\sqlalchemy\pool\base.py:1263: in _checkout
    fairy = _ConnectionRecord.checkout(pool)
            ^^^^^^^^^^^^^^^^^^^^^^^^^^^^^^^^
.venv\Lib\site-packages\sqlalchemy\pool\base.py:712: in checkout
    rec = pool._do_get()
          ^^^^^^^^^^^^^^
.venv\Lib\site-packages\sqlalchemy\pool\impl.py:179: in _do_get
    with util.safe_reraise():
         ^^^^^^^^^^^^^^^^^^^
.venv\Lib\site-packages\sqlalchemy\util\langhelpers.py:146: in __exit__
    raise exc_value.with_traceback(exc_tb)
.venv\Lib\site-packages\sqlalchemy\pool\impl.py:177: in _do_get
    return self._create_connection()
           ^^^^^^^^^^^^^^^^^^^^^^^^^
.venv\Lib\site-packages\sqlalchemy\pool\base.py:390: in _create_connection
    return _ConnectionRecord(self)
           ^^^^^^^^^^^^^^^^^^^^^^^
.venv\Lib\site-packages\sqlalchemy\pool\base.py:674: in __init__
    self.__connect()
.venv\Lib\site-packages\sqlalchemy\pool\base.py:900: in __connect
    with util.safe_reraise():
         ^^^^^^^^^^^^^^^^^^^
.venv\Lib\site-packages\sqlalchemy\util\langhelpers.py:146: in __exit__
    raise exc_value.with_traceback(exc_tb)
.venv\Lib\site-packages\sqlalchemy\pool\base.py:896: in __connect
    self.dbapi_connection = connection = pool._invoke_creator(self)
                                         ^^^^^^^^^^^^^^^^^^^^^^^^^^
.venv\Lib\site-packages\sqlalchemy\engine\create.py:643: in connect
    return dialect.connect(*cargs, **cparams)
           ^^^^^^^^^^^^^^^^^^^^^^^^^^^^^^^^^^
.venv\Lib\site-packages\sqlalchemy\engine\default.py:621: in connect
    return self.loaded_dbapi.connect(*cargs, **cparams)
           ^^^^^^^^^^^^^^^^^^^^^^^^^^^^^^^^^^^^^^^^^^^^
E   sqlite3.OperationalError: unable to open database file

The above exception was the direct cause of the following exception:
..\tests\conftest.py:33: in setup_db
    Base.metadata.create_all(bind=test_engine)
.venv\Lib\site-packages\sqlalchemy\sql\schema.py:5868: in create_all
    bind._run_ddl_visitor(
.venv\Lib\site-packages\sqlalchemy\engine\base.py:3252: in _run_ddl_visitor
    with self.begin() as conn:
         ^^^^^^^^^^^^
C:\Program Files\WindowsApps\PythonSoftwareFoundation.Python.3.13_3.13.3312.0_x64__qbz5n2kfra8p0\Lib\contextlib.py:141: in __enter__
    return next(self.gen)
           ^^^^^^^^^^^^^^
.venv\Lib\site-packages\sqlalchemy\engine\base.py:3242: in begin
    with self.connect() as conn:
         ^^^^^^^^^^^^^^
.venv\Lib\site-packages\sqlalchemy\engine\base.py:3278: in connect
    return self._connection_cls(self)
           ^^^^^^^^^^^^^^^^^^^^^^^^^^
.venv\Lib\site-packages\sqlalchemy\engine\base.py:148: in __init__
    Connection._handle_dbapi_exception_noconnection(
.venv\Lib\site-packages\sqlalchemy\engine\base.py:2442: in _handle_dbapi_exception_noconnection
    raise sqlalchemy_exception.with_traceback(exc_info[2]) from e
.venv\Lib\site-packages\sqlalchemy\engine\base.py:146: in __init__
    self._dbapi_connection = engine.raw_connection()
                             ^^^^^^^^^^^^^^^^^^^^^^^
.venv\Lib\site-packages\sqlalchemy\engine\base.py:3302: in raw_connection
    return self.pool.connect()
           ^^^^^^^^^^^^^^^^^^^
.venv\Lib\site-packages\sqlalchemy\pool\base.py:449: in connect
    return _ConnectionFairy._checkout(self)
           ^^^^^^^^^^^^^^^^^^^^^^^^^^^^^^^^
.venv\Lib\site-packages\sqlalchemy\pool\base.py:1263: in _checkout
    fairy = _ConnectionRecord.checkout(pool)
            ^^^^^^^^^^^^^^^^^^^^^^^^^^^^^^^^
.venv\Lib\site-packages\sqlalchemy\pool\base.py:712: in checkout
    rec = pool._do_get()
          ^^^^^^^^^^^^^^
.venv\Lib\site-packages\sqlalchemy\pool\impl.py:179: in _do_get
    with util.safe_reraise():
         ^^^^^^^^^^^^^^^^^^^
.venv\Lib\site-packages\sqlalchemy\util\langhelpers.py:146: in __exit__
    raise exc_value.with_traceback(exc_tb)
.venv\Lib\site-packages\sqlalchemy\pool\impl.py:177: in _do_get
    return self._create_connection()
           ^^^^^^^^^^^^^^^^^^^^^^^^^
.venv\Lib\site-packages\sqlalchemy\pool\base.py:390: in _create_connection
    return _ConnectionRecord(self)
           ^^^^^^^^^^^^^^^^^^^^^^^
.venv\Lib\site-packages\sqlalchemy\pool\base.py:674: in __init__
    self.__connect()
.venv\Lib\site-packages\sqlalchemy\pool\base.py:900: in __connect
    with util.safe_reraise():
         ^^^^^^^^^^^^^^^^^^^
.venv\Lib\site-packages\sqlalchemy\util\langhelpers.py:146: in __exit__
    raise exc_value.with_traceback(exc_tb)
.venv\Lib\site-packages\sqlalchemy\pool\base.py:896: in __connect
    self.dbapi_connection = connection = pool._invoke_creator(self)
                                         ^^^^^^^^^^^^^^^^^^^^^^^^^^
.venv\Lib\site-packages\sqlalchemy\engine\create.py:643: in connect
    return dialect.connect(*cargs, **cparams)
           ^^^^^^^^^^^^^^^^^^^^^^^^^^^^^^^^^^
.venv\Lib\site-packages\sqlalchemy\engine\default.py:621: in connect
    return self.loaded_dbapi.connect(*cargs, **cparams)
           ^^^^^^^^^^^^^^^^^^^^^^^^^^^^^^^^^^^^^^^^^^^^
E   sqlalchemy.exc.OperationalError: (sqlite3.OperationalError) unable to open database file
E   (Background on this error at: https://sqlalche.me/e/20/e3q8)
______________ ERROR at setup of test_schedule_interviews_empty _______________
.venv\Lib\site-packages\sqlalchemy\engine\base.py:146: in __init__
    self._dbapi_connection = engine.raw_connection()
                             ^^^^^^^^^^^^^^^^^^^^^^^
.venv\Lib\site-packages\sqlalchemy\engine\base.py:3302: in raw_connection
    return self.pool.connect()
           ^^^^^^^^^^^^^^^^^^^
.venv\Lib\site-packages\sqlalchemy\pool\base.py:449: in connect
    return _ConnectionFairy._checkout(self)
           ^^^^^^^^^^^^^^^^^^^^^^^^^^^^^^^^
.venv\Lib\site-packages\sqlalchemy\pool\base.py:1263: in _checkout
    fairy = _ConnectionRecord.checkout(pool)
            ^^^^^^^^^^^^^^^^^^^^^^^^^^^^^^^^
.venv\Lib\site-packages\sqlalchemy\pool\base.py:712: in checkout
    rec = pool._do_get()
          ^^^^^^^^^^^^^^
.venv\Lib\site-packages\sqlalchemy\pool\impl.py:179: in _do_get
    with util.safe_reraise():
         ^^^^^^^^^^^^^^^^^^^
.venv\Lib\site-packages\sqlalchemy\util\langhelpers.py:146: in __exit__
    raise exc_value.with_traceback(exc_tb)
.venv\Lib\site-packages\sqlalchemy\pool\impl.py:177: in _do_get
    return self._create_connection()
           ^^^^^^^^^^^^^^^^^^^^^^^^^
.venv\Lib\site-packages\sqlalchemy\pool\base.py:390: in _create_connection
    return _ConnectionRecord(self)
           ^^^^^^^^^^^^^^^^^^^^^^^
.venv\Lib\site-packages\sqlalchemy\pool\base.py:674: in __init__
    self.__connect()
.venv\Lib\site-packages\sqlalchemy\pool\base.py:900: in __connect
    with util.safe_reraise():
         ^^^^^^^^^^^^^^^^^^^
.venv\Lib\site-packages\sqlalchemy\util\langhelpers.py:146: in __exit__
    raise exc_value.with_traceback(exc_tb)
.venv\Lib\site-packages\sqlalchemy\pool\base.py:896: in __connect
    self.dbapi_connection = connection = pool._invoke_creator(self)
                                         ^^^^^^^^^^^^^^^^^^^^^^^^^^
.venv\Lib\site-packages\sqlalchemy\engine\create.py:643: in connect
    return dialect.connect(*cargs, **cparams)
           ^^^^^^^^^^^^^^^^^^^^^^^^^^^^^^^^^^
.venv\Lib\site-packages\sqlalchemy\engine\default.py:621: in connect
    return self.loaded_dbapi.connect(*cargs, **cparams)
           ^^^^^^^^^^^^^^^^^^^^^^^^^^^^^^^^^^^^^^^^^^^^
E   sqlite3.OperationalError: unable to open database file

The above exception was the direct cause of the following exception:
..\tests\conftest.py:33: in setup_db
    Base.metadata.create_all(bind=test_engine)
.venv\Lib\site-packages\sqlalchemy\sql\schema.py:5868: in create_all
    bind._run_ddl_visitor(
.venv\Lib\site-packages\sqlalchemy\engine\base.py:3252: in _run_ddl_visitor
    with self.begin() as conn:
         ^^^^^^^^^^^^
C:\Program Files\WindowsApps\PythonSoftwareFoundation.Python.3.13_3.13.3312.0_x64__qbz5n2kfra8p0\Lib\contextlib.py:141: in __enter__
    return next(self.gen)
           ^^^^^^^^^^^^^^
.venv\Lib\site-packages\sqlalchemy\engine\base.py:3242: in begin
    with self.connect() as conn:
         ^^^^^^^^^^^^^^
.venv\Lib\site-packages\sqlalchemy\engine\base.py:3278: in connect
    return self._connection_cls(self)
           ^^^^^^^^^^^^^^^^^^^^^^^^^^
.venv\Lib\site-packages\sqlalchemy\engine\base.py:148: in __init__
    Connection._handle_dbapi_exception_noconnection(
.venv\Lib\site-packages\sqlalchemy\engine\base.py:2442: in _handle_dbapi_exception_noconnection
    raise sqlalchemy_exception.with_traceback(exc_info[2]) from e
.venv\Lib\site-packages\sqlalchemy\engine\base.py:146: in __init__
    self._dbapi_connection = engine.raw_connection()
                             ^^^^^^^^^^^^^^^^^^^^^^^
.venv\Lib\site-packages\sqlalchemy\engine\base.py:3302: in raw_connection
    return self.pool.connect()
           ^^^^^^^^^^^^^^^^^^^
.venv\Lib\site-packages\sqlalchemy\pool\base.py:449: in connect
    return _ConnectionFairy._checkout(self)
           ^^^^^^^^^^^^^^^^^^^^^^^^^^^^^^^^
.venv\Lib\site-packages\sqlalchemy\pool\base.py:1263: in _checkout
    fairy = _ConnectionRecord.checkout(pool)
            ^^^^^^^^^^^^^^^^^^^^^^^^^^^^^^^^
.venv\Lib\site-packages\sqlalchemy\pool\base.py:712: in checkout
    rec = pool._do_get()
          ^^^^^^^^^^^^^^
.venv\Lib\site-packages\sqlalchemy\pool\impl.py:179: in _do_get
    with util.safe_reraise():
         ^^^^^^^^^^^^^^^^^^^
.venv\Lib\site-packages\sqlalchemy\util\langhelpers.py:146: in __exit__
    raise exc_value.with_traceback(exc_tb)
.venv\Lib\site-packages\sqlalchemy\pool\impl.py:177: in _do_get
    return self._create_connection()
           ^^^^^^^^^^^^^^^^^^^^^^^^^
.venv\Lib\site-packages\sqlalchemy\pool\base.py:390: in _create_connection
    return _ConnectionRecord(self)
           ^^^^^^^^^^^^^^^^^^^^^^^
.venv\Lib\site-packages\sqlalchemy\pool\base.py:674: in __init__
    self.__connect()
.venv\Lib\site-packages\sqlalchemy\pool\base.py:900: in __connect
    with util.safe_reraise():
         ^^^^^^^^^^^^^^^^^^^
.venv\Lib\site-packages\sqlalchemy\util\langhelpers.py:146: in __exit__
    raise exc_value.with_traceback(exc_tb)
.venv\Lib\site-packages\sqlalchemy\pool\base.py:896: in __connect
    self.dbapi_connection = connection = pool._invoke_creator(self)
                                         ^^^^^^^^^^^^^^^^^^^^^^^^^^
.venv\Lib\site-packages\sqlalchemy\engine\create.py:643: in connect
    return dialect.connect(*cargs, **cparams)
           ^^^^^^^^^^^^^^^^^^^^^^^^^^^^^^^^^^
.venv\Lib\site-packages\sqlalchemy\engine\default.py:621: in connect
    return self.loaded_dbapi.connect(*cargs, **cparams)
           ^^^^^^^^^^^^^^^^^^^^^^^^^^^^^^^^^^^^^^^^^^^^
E   sqlalchemy.exc.OperationalError: (sqlite3.OperationalError) unable to open database file
E   (Background on this error at: https://sqlalche.me/e/20/e3q8)
______________ ERROR at setup of test_submit_test_invalid_token _______________
.venv\Lib\site-packages\sqlalchemy\engine\base.py:146: in __init__
    self._dbapi_connection = engine.raw_connection()
                             ^^^^^^^^^^^^^^^^^^^^^^^
.venv\Lib\site-packages\sqlalchemy\engine\base.py:3302: in raw_connection
    return self.pool.connect()
           ^^^^^^^^^^^^^^^^^^^
.venv\Lib\site-packages\sqlalchemy\pool\base.py:449: in connect
    return _ConnectionFairy._checkout(self)
           ^^^^^^^^^^^^^^^^^^^^^^^^^^^^^^^^
.venv\Lib\site-packages\sqlalchemy\pool\base.py:1263: in _checkout
    fairy = _ConnectionRecord.checkout(pool)
            ^^^^^^^^^^^^^^^^^^^^^^^^^^^^^^^^
.venv\Lib\site-packages\sqlalchemy\pool\base.py:712: in checkout
    rec = pool._do_get()
          ^^^^^^^^^^^^^^
.venv\Lib\site-packages\sqlalchemy\pool\impl.py:179: in _do_get
    with util.safe_reraise():
         ^^^^^^^^^^^^^^^^^^^
.venv\Lib\site-packages\sqlalchemy\util\langhelpers.py:146: in __exit__
    raise exc_value.with_traceback(exc_tb)
.venv\Lib\site-packages\sqlalchemy\pool\impl.py:177: in _do_get
    return self._create_connection()
           ^^^^^^^^^^^^^^^^^^^^^^^^^
.venv\Lib\site-packages\sqlalchemy\pool\base.py:390: in _create_connection
    return _ConnectionRecord(self)
           ^^^^^^^^^^^^^^^^^^^^^^^
.venv\Lib\site-packages\sqlalchemy\pool\base.py:674: in __init__
    self.__connect()
.venv\Lib\site-packages\sqlalchemy\pool\base.py:900: in __connect
    with util.safe_reraise():
         ^^^^^^^^^^^^^^^^^^^
.venv\Lib\site-packages\sqlalchemy\util\langhelpers.py:146: in __exit__
    raise exc_value.with_traceback(exc_tb)
.venv\Lib\site-packages\sqlalchemy\pool\base.py:896: in __connect
    self.dbapi_connection = connection = pool._invoke_creator(self)
                                         ^^^^^^^^^^^^^^^^^^^^^^^^^^
.venv\Lib\site-packages\sqlalchemy\engine\create.py:643: in connect
    return dialect.connect(*cargs, **cparams)
           ^^^^^^^^^^^^^^^^^^^^^^^^^^^^^^^^^^
.venv\Lib\site-packages\sqlalchemy\engine\default.py:621: in connect
    return self.loaded_dbapi.connect(*cargs, **cparams)
           ^^^^^^^^^^^^^^^^^^^^^^^^^^^^^^^^^^^^^^^^^^^^
E   sqlite3.OperationalError: unable to open database file

The above exception was the direct cause of the following exception:
..\tests\conftest.py:33: in setup_db
    Base.metadata.create_all(bind=test_engine)
.venv\Lib\site-packages\sqlalchemy\sql\schema.py:5868: in create_all
    bind._run_ddl_visitor(
.venv\Lib\site-packages\sqlalchemy\engine\base.py:3252: in _run_ddl_visitor
    with self.begin() as conn:
         ^^^^^^^^^^^^
C:\Program Files\WindowsApps\PythonSoftwareFoundation.Python.3.13_3.13.3312.0_x64__qbz5n2kfra8p0\Lib\contextlib.py:141: in __enter__
    return next(self.gen)
           ^^^^^^^^^^^^^^
.venv\Lib\site-packages\sqlalchemy\engine\base.py:3242: in begin
    with self.connect() as conn:
         ^^^^^^^^^^^^^^
.venv\Lib\site-packages\sqlalchemy\engine\base.py:3278: in connect
    return self._connection_cls(self)
           ^^^^^^^^^^^^^^^^^^^^^^^^^^
.venv\Lib\site-packages\sqlalchemy\engine\base.py:148: in __init__
    Connection._handle_dbapi_exception_noconnection(
.venv\Lib\site-packages\sqlalchemy\engine\base.py:2442: in _handle_dbapi_exception_noconnection
    raise sqlalchemy_exception.with_traceback(exc_info[2]) from e
.venv\Lib\site-packages\sqlalchemy\engine\base.py:146: in __init__
    self._dbapi_connection = engine.raw_connection()
                             ^^^^^^^^^^^^^^^^^^^^^^^
.venv\Lib\site-packages\sqlalchemy\engine\base.py:3302: in raw_connection
    return self.pool.connect()
           ^^^^^^^^^^^^^^^^^^^
.venv\Lib\site-packages\sqlalchemy\pool\base.py:449: in connect
    return _ConnectionFairy._checkout(self)
           ^^^^^^^^^^^^^^^^^^^^^^^^^^^^^^^^
.venv\Lib\site-packages\sqlalchemy\pool\base.py:1263: in _checkout
    fairy = _ConnectionRecord.checkout(pool)
            ^^^^^^^^^^^^^^^^^^^^^^^^^^^^^^^^
.venv\Lib\site-packages\sqlalchemy\pool\base.py:712: in checkout
    rec = pool._do_get()
          ^^^^^^^^^^^^^^
.venv\Lib\site-packages\sqlalchemy\pool\impl.py:179: in _do_get
    with util.safe_reraise():
         ^^^^^^^^^^^^^^^^^^^
.venv\Lib\site-packages\sqlalchemy\util\langhelpers.py:146: in __exit__
    raise exc_value.with_traceback(exc_tb)
.venv\Lib\site-packages\sqlalchemy\pool\impl.py:177: in _do_get
    return self._create_connection()
           ^^^^^^^^^^^^^^^^^^^^^^^^^
.venv\Lib\site-packages\sqlalchemy\pool\base.py:390: in _create_connection
    return _ConnectionRecord(self)
           ^^^^^^^^^^^^^^^^^^^^^^^
.venv\Lib\site-packages\sqlalchemy\pool\base.py:674: in __init__
    self.__connect()
.venv\Lib\site-packages\sqlalchemy\pool\base.py:900: in __connect
    with util.safe_reraise():
         ^^^^^^^^^^^^^^^^^^^
.venv\Lib\site-packages\sqlalchemy\util\langhelpers.py:146: in __exit__
    raise exc_value.with_traceback(exc_tb)
.venv\Lib\site-packages\sqlalchemy\pool\base.py:896: in __connect
    self.dbapi_connection = connection = pool._invoke_creator(self)
                                         ^^^^^^^^^^^^^^^^^^^^^^^^^^
.venv\Lib\site-packages\sqlalchemy\engine\create.py:643: in connect
    return dialect.connect(*cargs, **cparams)
           ^^^^^^^^^^^^^^^^^^^^^^^^^^^^^^^^^^
.venv\Lib\site-packages\sqlalchemy\engine\default.py:621: in connect
    return self.loaded_dbapi.connect(*cargs, **cparams)
           ^^^^^^^^^^^^^^^^^^^^^^^^^^^^^^^^^^^^^^^^^^^^
E   sqlalchemy.exc.OperationalError: (sqlite3.OperationalError) unable to open database file
E   (Background on this error at: https://sqlalche.me/e/20/e3q8)
_______________ ERROR at setup of test_take_test_invalid_token ________________
.venv\Lib\site-packages\sqlalchemy\engine\base.py:146: in __init__
    self._dbapi_connection = engine.raw_connection()
                             ^^^^^^^^^^^^^^^^^^^^^^^
.venv\Lib\site-packages\sqlalchemy\engine\base.py:3302: in raw_connection
    return self.pool.connect()
           ^^^^^^^^^^^^^^^^^^^
.venv\Lib\site-packages\sqlalchemy\pool\base.py:449: in connect
    return _ConnectionFairy._checkout(self)
           ^^^^^^^^^^^^^^^^^^^^^^^^^^^^^^^^
.venv\Lib\site-packages\sqlalchemy\pool\base.py:1263: in _checkout
    fairy = _ConnectionRecord.checkout(pool)
            ^^^^^^^^^^^^^^^^^^^^^^^^^^^^^^^^
.venv\Lib\site-packages\sqlalchemy\pool\base.py:712: in checkout
    rec = pool._do_get()
          ^^^^^^^^^^^^^^
.venv\Lib\site-packages\sqlalchemy\pool\impl.py:179: in _do_get
    with util.safe_reraise():
         ^^^^^^^^^^^^^^^^^^^
.venv\Lib\site-packages\sqlalchemy\util\langhelpers.py:146: in __exit__
    raise exc_value.with_traceback(exc_tb)
.venv\Lib\site-packages\sqlalchemy\pool\impl.py:177: in _do_get
    return self._create_connection()
           ^^^^^^^^^^^^^^^^^^^^^^^^^
.venv\Lib\site-packages\sqlalchemy\pool\base.py:390: in _create_connection
    return _ConnectionRecord(self)
           ^^^^^^^^^^^^^^^^^^^^^^^
.venv\Lib\site-packages\sqlalchemy\pool\base.py:674: in __init__
    self.__connect()
.venv\Lib\site-packages\sqlalchemy\pool\base.py:900: in __connect
    with util.safe_reraise():
         ^^^^^^^^^^^^^^^^^^^
.venv\Lib\site-packages\sqlalchemy\util\langhelpers.py:146: in __exit__
    raise exc_value.with_traceback(exc_tb)
.venv\Lib\site-packages\sqlalchemy\pool\base.py:896: in __connect
    self.dbapi_connection = connection = pool._invoke_creator(self)
                                         ^^^^^^^^^^^^^^^^^^^^^^^^^^
.venv\Lib\site-packages\sqlalchemy\engine\create.py:643: in connect
    return dialect.connect(*cargs, **cparams)
           ^^^^^^^^^^^^^^^^^^^^^^^^^^^^^^^^^^
.venv\Lib\site-packages\sqlalchemy\engine\default.py:621: in connect
    return self.loaded_dbapi.connect(*cargs, **cparams)
           ^^^^^^^^^^^^^^^^^^^^^^^^^^^^^^^^^^^^^^^^^^^^
E   sqlite3.OperationalError: unable to open database file

The above exception was the direct cause of the following exception:
..\tests\conftest.py:33: in setup_db
    Base.metadata.create_all(bind=test_engine)
.venv\Lib\site-packages\sqlalchemy\sql\schema.py:5868: in create_all
    bind._run_ddl_visitor(
.venv\Lib\site-packages\sqlalchemy\engine\base.py:3252: in _run_ddl_visitor
    with self.begin() as conn:
         ^^^^^^^^^^^^
C:\Program Files\WindowsApps\PythonSoftwareFoundation.Python.3.13_3.13.3312.0_x64__qbz5n2kfra8p0\Lib\contextlib.py:141: in __enter__
    return next(self.gen)
           ^^^^^^^^^^^^^^
.venv\Lib\site-packages\sqlalchemy\engine\base.py:3242: in begin
    with self.connect() as conn:
         ^^^^^^^^^^^^^^
.venv\Lib\site-packages\sqlalchemy\engine\base.py:3278: in connect
    return self._connection_cls(self)
           ^^^^^^^^^^^^^^^^^^^^^^^^^^
.venv\Lib\site-packages\sqlalchemy\engine\base.py:148: in __init__
    Connection._handle_dbapi_exception_noconnection(
.venv\Lib\site-packages\sqlalchemy\engine\base.py:2442: in _handle_dbapi_exception_noconnection
    raise sqlalchemy_exception.with_traceback(exc_info[2]) from e
.venv\Lib\site-packages\sqlalchemy\engine\base.py:146: in __init__
    self._dbapi_connection = engine.raw_connection()
                             ^^^^^^^^^^^^^^^^^^^^^^^
.venv\Lib\site-packages\sqlalchemy\engine\base.py:3302: in raw_connection
    return self.pool.connect()
           ^^^^^^^^^^^^^^^^^^^
.venv\Lib\site-packages\sqlalchemy\pool\base.py:449: in connect
    return _ConnectionFairy._checkout(self)
           ^^^^^^^^^^^^^^^^^^^^^^^^^^^^^^^^
.venv\Lib\site-packages\sqlalchemy\pool\base.py:1263: in _checkout
    fairy = _ConnectionRecord.checkout(pool)
            ^^^^^^^^^^^^^^^^^^^^^^^^^^^^^^^^
.venv\Lib\site-packages\sqlalchemy\pool\base.py:712: in checkout
    rec = pool._do_get()
          ^^^^^^^^^^^^^^
.venv\Lib\site-packages\sqlalchemy\pool\impl.py:179: in _do_get
    with util.safe_reraise():
         ^^^^^^^^^^^^^^^^^^^
.venv\Lib\site-packages\sqlalchemy\util\langhelpers.py:146: in __exit__
    raise exc_value.with_traceback(exc_tb)
.venv\Lib\site-packages\sqlalchemy\pool\impl.py:177: in _do_get
    return self._create_connection()
           ^^^^^^^^^^^^^^^^^^^^^^^^^
.venv\Lib\site-packages\sqlalchemy\pool\base.py:390: in _create_connection
    return _ConnectionRecord(self)
           ^^^^^^^^^^^^^^^^^^^^^^^
.venv\Lib\site-packages\sqlalchemy\pool\base.py:674: in __init__
    self.__connect()
.venv\Lib\site-packages\sqlalchemy\pool\base.py:900: in __connect
    with util.safe_reraise():
         ^^^^^^^^^^^^^^^^^^^
.venv\Lib\site-packages\sqlalchemy\util\langhelpers.py:146: in __exit__
    raise exc_value.with_traceback(exc_tb)
.venv\Lib\site-packages\sqlalchemy\pool\base.py:896: in __connect
    self.dbapi_connection = connection = pool._invoke_creator(self)
                                         ^^^^^^^^^^^^^^^^^^^^^^^^^^
.venv\Lib\site-packages\sqlalchemy\engine\create.py:643: in connect
    return dialect.connect(*cargs, **cparams)
           ^^^^^^^^^^^^^^^^^^^^^^^^^^^^^^^^^^
.venv\Lib\site-packages\sqlalchemy\engine\default.py:621: in connect
    return self.loaded_dbapi.connect(*cargs, **cparams)
           ^^^^^^^^^^^^^^^^^^^^^^^^^^^^^^^^^^^^^^^^^^^^
E   sqlalchemy.exc.OperationalError: (sqlite3.OperationalError) unable to open database file
E   (Background on this error at: https://sqlalche.me/e/20/e3q8)
_________________ ERROR at setup of test_create_pipeline_run __________________
.venv\Lib\site-packages\sqlalchemy\engine\base.py:146: in __init__
    self._dbapi_connection = engine.raw_connection()
                             ^^^^^^^^^^^^^^^^^^^^^^^
.venv\Lib\site-packages\sqlalchemy\engine\base.py:3302: in raw_connection
    return self.pool.connect()
           ^^^^^^^^^^^^^^^^^^^
.venv\Lib\site-packages\sqlalchemy\pool\base.py:449: in connect
    return _ConnectionFairy._checkout(self)
           ^^^^^^^^^^^^^^^^^^^^^^^^^^^^^^^^
.venv\Lib\site-packages\sqlalchemy\pool\base.py:1263: in _checkout
    fairy = _ConnectionRecord.checkout(pool)
            ^^^^^^^^^^^^^^^^^^^^^^^^^^^^^^^^
.venv\Lib\site-packages\sqlalchemy\pool\base.py:712: in checkout
    rec = pool._do_get()
          ^^^^^^^^^^^^^^
.venv\Lib\site-packages\sqlalchemy\pool\impl.py:179: in _do_get
    with util.safe_reraise():
         ^^^^^^^^^^^^^^^^^^^
.venv\Lib\site-packages\sqlalchemy\util\langhelpers.py:146: in __exit__
    raise exc_value.with_traceback(exc_tb)
.venv\Lib\site-packages\sqlalchemy\pool\impl.py:177: in _do_get
    return self._create_connection()
           ^^^^^^^^^^^^^^^^^^^^^^^^^
.venv\Lib\site-packages\sqlalchemy\pool\base.py:390: in _create_connection
    return _ConnectionRecord(self)
           ^^^^^^^^^^^^^^^^^^^^^^^
.venv\Lib\site-packages\sqlalchemy\pool\base.py:674: in __init__
    self.__connect()
.venv\Lib\site-packages\sqlalchemy\pool\base.py:900: in __connect
    with util.safe_reraise():
         ^^^^^^^^^^^^^^^^^^^
.venv\Lib\site-packages\sqlalchemy\util\langhelpers.py:146: in __exit__
    raise exc_value.with_traceback(exc_tb)
.venv\Lib\site-packages\sqlalchemy\pool\base.py:896: in __connect
    self.dbapi_connection = connection = pool._invoke_creator(self)
                                         ^^^^^^^^^^^^^^^^^^^^^^^^^^
.venv\Lib\site-packages\sqlalchemy\engine\create.py:643: in connect
    return dialect.connect(*cargs, **cparams)
           ^^^^^^^^^^^^^^^^^^^^^^^^^^^^^^^^^^
.venv\Lib\site-packages\sqlalchemy\engine\default.py:621: in connect
    return self.loaded_dbapi.connect(*cargs, **cparams)
           ^^^^^^^^^^^^^^^^^^^^^^^^^^^^^^^^^^^^^^^^^^^^
E   sqlite3.OperationalError: unable to open database file

The above exception was the direct cause of the following exception:
..\tests\conftest.py:33: in setup_db
    Base.metadata.create_all(bind=test_engine)
.venv\Lib\site-packages\sqlalchemy\sql\schema.py:5868: in create_all
    bind._run_ddl_visitor(
.venv\Lib\site-packages\sqlalchemy\engine\base.py:3252: in _run_ddl_visitor
    with self.begin() as conn:
         ^^^^^^^^^^^^
C:\Program Files\WindowsApps\PythonSoftwareFoundation.Python.3.13_3.13.3312.0_x64__qbz5n2kfra8p0\Lib\contextlib.py:141: in __enter__
    return next(self.gen)
           ^^^^^^^^^^^^^^
.venv\Lib\site-packages\sqlalchemy\engine\base.py:3242: in begin
    with self.connect() as conn:
         ^^^^^^^^^^^^^^
.venv\Lib\site-packages\sqlalchemy\engine\base.py:3278: in connect
    return self._connection_cls(self)
           ^^^^^^^^^^^^^^^^^^^^^^^^^^
.venv\Lib\site-packages\sqlalchemy\engine\base.py:148: in __init__
    Connection._handle_dbapi_exception_noconnection(
.venv\Lib\site-packages\sqlalchemy\engine\base.py:2442: in _handle_dbapi_exception_noconnection
    raise sqlalchemy_exception.with_traceback(exc_info[2]) from e
.venv\Lib\site-packages\sqlalchemy\engine\base.py:146: in __init__
    self._dbapi_connection = engine.raw_connection()
                             ^^^^^^^^^^^^^^^^^^^^^^^
.venv\Lib\site-packages\sqlalchemy\engine\base.py:3302: in raw_connection
    return self.pool.connect()
           ^^^^^^^^^^^^^^^^^^^
.venv\Lib\site-packages\sqlalchemy\pool\base.py:449: in connect
    return _ConnectionFairy._checkout(self)
           ^^^^^^^^^^^^^^^^^^^^^^^^^^^^^^^^
.venv\Lib\site-packages\sqlalchemy\pool\base.py:1263: in _checkout
    fairy = _ConnectionRecord.checkout(pool)
            ^^^^^^^^^^^^^^^^^^^^^^^^^^^^^^^^
.venv\Lib\site-packages\sqlalchemy\pool\base.py:712: in checkout
    rec = pool._do_get()
          ^^^^^^^^^^^^^^
.venv\Lib\site-packages\sqlalchemy\pool\impl.py:179: in _do_get
    with util.safe_reraise():
         ^^^^^^^^^^^^^^^^^^^
.venv\Lib\site-packages\sqlalchemy\util\langhelpers.py:146: in __exit__
    raise exc_value.with_traceback(exc_tb)
.venv\Lib\site-packages\sqlalchemy\pool\impl.py:177: in _do_get
    return self._create_connection()
           ^^^^^^^^^^^^^^^^^^^^^^^^^
.venv\Lib\site-packages\sqlalchemy\pool\base.py:390: in _create_connection
    return _ConnectionRecord(self)
           ^^^^^^^^^^^^^^^^^^^^^^^
.venv\Lib\site-packages\sqlalchemy\pool\base.py:674: in __init__
    self.__connect()
.venv\Lib\site-packages\sqlalchemy\pool\base.py:900: in __connect
    with util.safe_reraise():
         ^^^^^^^^^^^^^^^^^^^
.venv\Lib\site-packages\sqlalchemy\util\langhelpers.py:146: in __exit__
    raise exc_value.with_traceback(exc_tb)
.venv\Lib\site-packages\sqlalchemy\pool\base.py:896: in __connect
    self.dbapi_connection = connection = pool._invoke_creator(self)
                                         ^^^^^^^^^^^^^^^^^^^^^^^^^^
.venv\Lib\site-packages\sqlalchemy\engine\create.py:643: in connect
    return dialect.connect(*cargs, **cparams)
           ^^^^^^^^^^^^^^^^^^^^^^^^^^^^^^^^^^
.venv\Lib\site-packages\sqlalchemy\engine\default.py:621: in connect
    return self.loaded_dbapi.connect(*cargs, **cparams)
           ^^^^^^^^^^^^^^^^^^^^^^^^^^^^^^^^^^^^^^^^^^^^
E   sqlalchemy.exc.OperationalError: (sqlite3.OperationalError) unable to open database file
E   (Background on this error at: https://sqlalche.me/e/20/e3q8)
___________________ ERROR at setup of test_create_candidate ___________________
.venv\Lib\site-packages\sqlalchemy\engine\base.py:146: in __init__
    self._dbapi_connection = engine.raw_connection()
                             ^^^^^^^^^^^^^^^^^^^^^^^
.venv\Lib\site-packages\sqlalchemy\engine\base.py:3302: in raw_connection
    return self.pool.connect()
           ^^^^^^^^^^^^^^^^^^^
.venv\Lib\site-packages\sqlalchemy\pool\base.py:449: in connect
    return _ConnectionFairy._checkout(self)
           ^^^^^^^^^^^^^^^^^^^^^^^^^^^^^^^^
.venv\Lib\site-packages\sqlalchemy\pool\base.py:1263: in _checkout
    fairy = _ConnectionRecord.checkout(pool)
            ^^^^^^^^^^^^^^^^^^^^^^^^^^^^^^^^
.venv\Lib\site-packages\sqlalchemy\pool\base.py:712: in checkout
    rec = pool._do_get()
          ^^^^^^^^^^^^^^
.venv\Lib\site-packages\sqlalchemy\pool\impl.py:179: in _do_get
    with util.safe_reraise():
         ^^^^^^^^^^^^^^^^^^^
.venv\Lib\site-packages\sqlalchemy\util\langhelpers.py:146: in __exit__
    raise exc_value.with_traceback(exc_tb)
.venv\Lib\site-packages\sqlalchemy\pool\impl.py:177: in _do_get
    return self._create_connection()
           ^^^^^^^^^^^^^^^^^^^^^^^^^
.venv\Lib\site-packages\sqlalchemy\pool\base.py:390: in _create_connection
    return _ConnectionRecord(self)
           ^^^^^^^^^^^^^^^^^^^^^^^
.venv\Lib\site-packages\sqlalchemy\pool\base.py:674: in __init__
    self.__connect()
.venv\Lib\site-packages\sqlalchemy\pool\base.py:900: in __connect
    with util.safe_reraise():
         ^^^^^^^^^^^^^^^^^^^
.venv\Lib\site-packages\sqlalchemy\util\langhelpers.py:146: in __exit__
    raise exc_value.with_traceback(exc_tb)
.venv\Lib\site-packages\sqlalchemy\pool\base.py:896: in __connect
    self.dbapi_connection = connection = pool._invoke_creator(self)
                                         ^^^^^^^^^^^^^^^^^^^^^^^^^^
.venv\Lib\site-packages\sqlalchemy\engine\create.py:643: in connect
    return dialect.connect(*cargs, **cparams)
           ^^^^^^^^^^^^^^^^^^^^^^^^^^^^^^^^^^
.venv\Lib\site-packages\sqlalchemy\engine\default.py:621: in connect
    return self.loaded_dbapi.connect(*cargs, **cparams)
           ^^^^^^^^^^^^^^^^^^^^^^^^^^^^^^^^^^^^^^^^^^^^
E   sqlite3.OperationalError: unable to open database file

The above exception was the direct cause of the following exception:
..\tests\conftest.py:33: in setup_db
    Base.metadata.create_all(bind=test_engine)
.venv\Lib\site-packages\sqlalchemy\sql\schema.py:5868: in create_all
    bind._run_ddl_visitor(
.venv\Lib\site-packages\sqlalchemy\engine\base.py:3252: in _run_ddl_visitor
    with self.begin() as conn:
         ^^^^^^^^^^^^
C:\Program Files\WindowsApps\PythonSoftwareFoundation.Python.3.13_3.13.3312.0_x64__qbz5n2kfra8p0\Lib\contextlib.py:141: in __enter__
    return next(self.gen)
           ^^^^^^^^^^^^^^
.venv\Lib\site-packages\sqlalchemy\engine\base.py:3242: in begin
    with self.connect() as conn:
         ^^^^^^^^^^^^^^
.venv\Lib\site-packages\sqlalchemy\engine\base.py:3278: in connect
    return self._connection_cls(self)
           ^^^^^^^^^^^^^^^^^^^^^^^^^^
.venv\Lib\site-packages\sqlalchemy\engine\base.py:148: in __init__
    Connection._handle_dbapi_exception_noconnection(
.venv\Lib\site-packages\sqlalchemy\engine\base.py:2442: in _handle_dbapi_exception_noconnection
    raise sqlalchemy_exception.with_traceback(exc_info[2]) from e
.venv\Lib\site-packages\sqlalchemy\engine\base.py:146: in __init__
    self._dbapi_connection = engine.raw_connection()
                             ^^^^^^^^^^^^^^^^^^^^^^^
.venv\Lib\site-packages\sqlalchemy\engine\base.py:3302: in raw_connection
    return self.pool.connect()
           ^^^^^^^^^^^^^^^^^^^
.venv\Lib\site-packages\sqlalchemy\pool\base.py:449: in connect
    return _ConnectionFairy._checkout(self)
           ^^^^^^^^^^^^^^^^^^^^^^^^^^^^^^^^
.venv\Lib\site-packages\sqlalchemy\pool\base.py:1263: in _checkout
    fairy = _ConnectionRecord.checkout(pool)
            ^^^^^^^^^^^^^^^^^^^^^^^^^^^^^^^^
.venv\Lib\site-packages\sqlalchemy\pool\base.py:712: in checkout
    rec = pool._do_get()
          ^^^^^^^^^^^^^^
.venv\Lib\site-packages\sqlalchemy\pool\impl.py:179: in _do_get
    with util.safe_reraise():
         ^^^^^^^^^^^^^^^^^^^
.venv\Lib\site-packages\sqlalchemy\util\langhelpers.py:146: in __exit__
    raise exc_value.with_traceback(exc_tb)
.venv\Lib\site-packages\sqlalchemy\pool\impl.py:177: in _do_get
    return self._create_connection()
           ^^^^^^^^^^^^^^^^^^^^^^^^^
.venv\Lib\site-packages\sqlalchemy\pool\base.py:390: in _create_connection
    return _ConnectionRecord(self)
           ^^^^^^^^^^^^^^^^^^^^^^^
.venv\Lib\site-packages\sqlalchemy\pool\base.py:674: in __init__
    self.__connect()
.venv\Lib\site-packages\sqlalchemy\pool\base.py:900: in __connect
    with util.safe_reraise():
         ^^^^^^^^^^^^^^^^^^^
.venv\Lib\site-packages\sqlalchemy\util\langhelpers.py:146: in __exit__
    raise exc_value.with_traceback(exc_tb)
.venv\Lib\site-packages\sqlalchemy\pool\base.py:896: in __connect
    self.dbapi_connection = connection = pool._invoke_creator(self)
                                         ^^^^^^^^^^^^^^^^^^^^^^^^^^
.venv\Lib\site-packages\sqlalchemy\engine\create.py:643: in connect
    return dialect.connect(*cargs, **cparams)
           ^^^^^^^^^^^^^^^^^^^^^^^^^^^^^^^^^^
.venv\Lib\site-packages\sqlalchemy\engine\default.py:621: in connect
    return self.loaded_dbapi.connect(*cargs, **cparams)
           ^^^^^^^^^^^^^^^^^^^^^^^^^^^^^^^^^^^^^^^^^^^^
E   sqlalchemy.exc.OperationalError: (sqlite3.OperationalError) unable to open database file
E   (Background on this error at: https://sqlalche.me/e/20/e3q8)
__________________ ERROR at setup of test_resume_extraction ___________________
.venv\Lib\site-packages\sqlalchemy\engine\base.py:146: in __init__
    self._dbapi_connection = engine.raw_connection()
                             ^^^^^^^^^^^^^^^^^^^^^^^
.venv\Lib\site-packages\sqlalchemy\engine\base.py:3302: in raw_connection
    return self.pool.connect()
           ^^^^^^^^^^^^^^^^^^^
.venv\Lib\site-packages\sqlalchemy\pool\base.py:449: in connect
    return _ConnectionFairy._checkout(self)
           ^^^^^^^^^^^^^^^^^^^^^^^^^^^^^^^^
.venv\Lib\site-packages\sqlalchemy\pool\base.py:1263: in _checkout
    fairy = _ConnectionRecord.checkout(pool)
            ^^^^^^^^^^^^^^^^^^^^^^^^^^^^^^^^
.venv\Lib\site-packages\sqlalchemy\pool\base.py:712: in checkout
    rec = pool._do_get()
          ^^^^^^^^^^^^^^
.venv\Lib\site-packages\sqlalchemy\pool\impl.py:179: in _do_get
    with util.safe_reraise():
         ^^^^^^^^^^^^^^^^^^^
.venv\Lib\site-packages\sqlalchemy\util\langhelpers.py:146: in __exit__
    raise exc_value.with_traceback(exc_tb)
.venv\Lib\site-packages\sqlalchemy\pool\impl.py:177: in _do_get
    return self._create_connection()
           ^^^^^^^^^^^^^^^^^^^^^^^^^
.venv\Lib\site-packages\sqlalchemy\pool\base.py:390: in _create_connection
    return _ConnectionRecord(self)
           ^^^^^^^^^^^^^^^^^^^^^^^
.venv\Lib\site-packages\sqlalchemy\pool\base.py:674: in __init__
    self.__connect()
.venv\Lib\site-packages\sqlalchemy\pool\base.py:900: in __connect
    with util.safe_reraise():
         ^^^^^^^^^^^^^^^^^^^
.venv\Lib\site-packages\sqlalchemy\util\langhelpers.py:146: in __exit__
    raise exc_value.with_traceback(exc_tb)
.venv\Lib\site-packages\sqlalchemy\pool\base.py:896: in __connect
    self.dbapi_connection = connection = pool._invoke_creator(self)
                                         ^^^^^^^^^^^^^^^^^^^^^^^^^^
.venv\Lib\site-packages\sqlalchemy\engine\create.py:643: in connect
    return dialect.connect(*cargs, **cparams)
           ^^^^^^^^^^^^^^^^^^^^^^^^^^^^^^^^^^
.venv\Lib\site-packages\sqlalchemy\engine\default.py:621: in connect
    return self.loaded_dbapi.connect(*cargs, **cparams)
           ^^^^^^^^^^^^^^^^^^^^^^^^^^^^^^^^^^^^^^^^^^^^
E   sqlite3.OperationalError: unable to open database file

The above exception was the direct cause of the following exception:
..\tests\conftest.py:33: in setup_db
    Base.metadata.create_all(bind=test_engine)
.venv\Lib\site-packages\sqlalchemy\sql\schema.py:5868: in create_all
    bind._run_ddl_visitor(
.venv\Lib\site-packages\sqlalchemy\engine\base.py:3252: in _run_ddl_visitor
    with self.begin() as conn:
         ^^^^^^^^^^^^
C:\Program Files\WindowsApps\PythonSoftwareFoundation.Python.3.13_3.13.3312.0_x64__qbz5n2kfra8p0\Lib\contextlib.py:141: in __enter__
    return next(self.gen)
           ^^^^^^^^^^^^^^
.venv\Lib\site-packages\sqlalchemy\engine\base.py:3242: in begin
    with self.connect() as conn:
         ^^^^^^^^^^^^^^
.venv\Lib\site-packages\sqlalchemy\engine\base.py:3278: in connect
    return self._connection_cls(self)
           ^^^^^^^^^^^^^^^^^^^^^^^^^^
.venv\Lib\site-packages\sqlalchemy\engine\base.py:148: in __init__
    Connection._handle_dbapi_exception_noconnection(
.venv\Lib\site-packages\sqlalchemy\engine\base.py:2442: in _handle_dbapi_exception_noconnection
    raise sqlalchemy_exception.with_traceback(exc_info[2]) from e
.venv\Lib\site-packages\sqlalchemy\engine\base.py:146: in __init__
    self._dbapi_connection = engine.raw_connection()
                             ^^^^^^^^^^^^^^^^^^^^^^^
.venv\Lib\site-packages\sqlalchemy\engine\base.py:3302: in raw_connection
    return self.pool.connect()
           ^^^^^^^^^^^^^^^^^^^
.venv\Lib\site-packages\sqlalchemy\pool\base.py:449: in connect
    return _ConnectionFairy._checkout(self)
           ^^^^^^^^^^^^^^^^^^^^^^^^^^^^^^^^
.venv\Lib\site-packages\sqlalchemy\pool\base.py:1263: in _checkout
    fairy = _ConnectionRecord.checkout(pool)
            ^^^^^^^^^^^^^^^^^^^^^^^^^^^^^^^^
.venv\Lib\site-packages\sqlalchemy\pool\base.py:712: in checkout
    rec = pool._do_get()
          ^^^^^^^^^^^^^^
.venv\Lib\site-packages\sqlalchemy\pool\impl.py:179: in _do_get
    with util.safe_reraise():
         ^^^^^^^^^^^^^^^^^^^
.venv\Lib\site-packages\sqlalchemy\util\langhelpers.py:146: in __exit__
    raise exc_value.with_traceback(exc_tb)
.venv\Lib\site-packages\sqlalchemy\pool\impl.py:177: in _do_get
    return self._create_connection()
           ^^^^^^^^^^^^^^^^^^^^^^^^^
.venv\Lib\site-packages\sqlalchemy\pool\base.py:390: in _create_connection
    return _ConnectionRecord(self)
           ^^^^^^^^^^^^^^^^^^^^^^^
.venv\Lib\site-packages\sqlalchemy\pool\base.py:674: in __init__
    self.__connect()
.venv\Lib\site-packages\sqlalchemy\pool\base.py:900: in __connect
    with util.safe_reraise():
         ^^^^^^^^^^^^^^^^^^^
.venv\Lib\site-packages\sqlalchemy\util\langhelpers.py:146: in __exit__
    raise exc_value.with_traceback(exc_tb)
.venv\Lib\site-packages\sqlalchemy\pool\base.py:896: in __connect
    self.dbapi_connection = connection = pool._invoke_creator(self)
                                         ^^^^^^^^^^^^^^^^^^^^^^^^^^
.venv\Lib\site-packages\sqlalchemy\engine\create.py:643: in connect
    return dialect.connect(*cargs, **cparams)
           ^^^^^^^^^^^^^^^^^^^^^^^^^^^^^^^^^^
.venv\Lib\site-packages\sqlalchemy\engine\default.py:621: in connect
    return self.loaded_dbapi.connect(*cargs, **cparams)
           ^^^^^^^^^^^^^^^^^^^^^^^^^^^^^^^^^^^^^^^^^^^^
E   sqlalchemy.exc.OperationalError: (sqlite3.OperationalError) unable to open database file
E   (Background on this error at: https://sqlalche.me/e/20/e3q8)
____________________ ERROR at setup of test_ai_evaluation _____________________
.venv\Lib\site-packages\sqlalchemy\engine\base.py:146: in __init__
    self._dbapi_connection = engine.raw_connection()
                             ^^^^^^^^^^^^^^^^^^^^^^^
.venv\Lib\site-packages\sqlalchemy\engine\base.py:3302: in raw_connection
    return self.pool.connect()
           ^^^^^^^^^^^^^^^^^^^
.venv\Lib\site-packages\sqlalchemy\pool\base.py:449: in connect
    return _ConnectionFairy._checkout(self)
           ^^^^^^^^^^^^^^^^^^^^^^^^^^^^^^^^
.venv\Lib\site-packages\sqlalchemy\pool\base.py:1263: in _checkout
    fairy = _ConnectionRecord.checkout(pool)
            ^^^^^^^^^^^^^^^^^^^^^^^^^^^^^^^^
.venv\Lib\site-packages\sqlalchemy\pool\base.py:712: in checkout
    rec = pool._do_get()
          ^^^^^^^^^^^^^^
.venv\Lib\site-packages\sqlalchemy\pool\impl.py:179: in _do_get
    with util.safe_reraise():
         ^^^^^^^^^^^^^^^^^^^
.venv\Lib\site-packages\sqlalchemy\util\langhelpers.py:146: in __exit__
    raise exc_value.with_traceback(exc_tb)
.venv\Lib\site-packages\sqlalchemy\pool\impl.py:177: in _do_get
    return self._create_connection()
           ^^^^^^^^^^^^^^^^^^^^^^^^^
.venv\Lib\site-packages\sqlalchemy\pool\base.py:390: in _create_connection
    return _ConnectionRecord(self)
           ^^^^^^^^^^^^^^^^^^^^^^^
.venv\Lib\site-packages\sqlalchemy\pool\base.py:674: in __init__
    self.__connect()
.venv\Lib\site-packages\sqlalchemy\pool\base.py:900: in __connect
    with util.safe_reraise():
         ^^^^^^^^^^^^^^^^^^^
.venv\Lib\site-packages\sqlalchemy\util\langhelpers.py:146: in __exit__
    raise exc_value.with_traceback(exc_tb)
.venv\Lib\site-packages\sqlalchemy\pool\base.py:896: in __connect
    self.dbapi_connection = connection = pool._invoke_creator(self)
                                         ^^^^^^^^^^^^^^^^^^^^^^^^^^
.venv\Lib\site-packages\sqlalchemy\engine\create.py:643: in connect
    return dialect.connect(*cargs, **cparams)
           ^^^^^^^^^^^^^^^^^^^^^^^^^^^^^^^^^^
.venv\Lib\site-packages\sqlalchemy\engine\default.py:621: in connect
    return self.loaded_dbapi.connect(*cargs, **cparams)
           ^^^^^^^^^^^^^^^^^^^^^^^^^^^^^^^^^^^^^^^^^^^^
E   sqlite3.OperationalError: unable to open database file

The above exception was the direct cause of the following exception:
..\tests\conftest.py:33: in setup_db
    Base.metadata.create_all(bind=test_engine)
.venv\Lib\site-packages\sqlalchemy\sql\schema.py:5868: in create_all
    bind._run_ddl_visitor(
.venv\Lib\site-packages\sqlalchemy\engine\base.py:3252: in _run_ddl_visitor
    with self.begin() as conn:
         ^^^^^^^^^^^^
C:\Program Files\WindowsApps\PythonSoftwareFoundation.Python.3.13_3.13.3312.0_x64__qbz5n2kfra8p0\Lib\contextlib.py:141: in __enter__
    return next(self.gen)
           ^^^^^^^^^^^^^^
.venv\Lib\site-packages\sqlalchemy\engine\base.py:3242: in begin
    with self.connect() as conn:
         ^^^^^^^^^^^^^^
.venv\Lib\site-packages\sqlalchemy\engine\base.py:3278: in connect
    return self._connection_cls(self)
           ^^^^^^^^^^^^^^^^^^^^^^^^^^
.venv\Lib\site-packages\sqlalchemy\engine\base.py:148: in __init__
    Connection._handle_dbapi_exception_noconnection(
.venv\Lib\site-packages\sqlalchemy\engine\base.py:2442: in _handle_dbapi_exception_noconnection
    raise sqlalchemy_exception.with_traceback(exc_info[2]) from e
.venv\Lib\site-packages\sqlalchemy\engine\base.py:146: in __init__
    self._dbapi_connection = engine.raw_connection()
                             ^^^^^^^^^^^^^^^^^^^^^^^
.venv\Lib\site-packages\sqlalchemy\engine\base.py:3302: in raw_connection
    return self.pool.connect()
           ^^^^^^^^^^^^^^^^^^^
.venv\Lib\site-packages\sqlalchemy\pool\base.py:449: in connect
    return _ConnectionFairy._checkout(self)
           ^^^^^^^^^^^^^^^^^^^^^^^^^^^^^^^^
.venv\Lib\site-packages\sqlalchemy\pool\base.py:1263: in _checkout
    fairy = _ConnectionRecord.checkout(pool)
            ^^^^^^^^^^^^^^^^^^^^^^^^^^^^^^^^
.venv\Lib\site-packages\sqlalchemy\pool\base.py:712: in checkout
    rec = pool._do_get()
          ^^^^^^^^^^^^^^
.venv\Lib\site-packages\sqlalchemy\pool\impl.py:179: in _do_get
    with util.safe_reraise():
         ^^^^^^^^^^^^^^^^^^^
.venv\Lib\site-packages\sqlalchemy\util\langhelpers.py:146: in __exit__
    raise exc_value.with_traceback(exc_tb)
.venv\Lib\site-packages\sqlalchemy\pool\impl.py:177: in _do_get
    return self._create_connection()
           ^^^^^^^^^^^^^^^^^^^^^^^^^
.venv\Lib\site-packages\sqlalchemy\pool\base.py:390: in _create_connection
    return _ConnectionRecord(self)
           ^^^^^^^^^^^^^^^^^^^^^^^
.venv\Lib\site-packages\sqlalchemy\pool\base.py:674: in __init__
    self.__connect()
.venv\Lib\site-packages\sqlalchemy\pool\base.py:900: in __connect
    with util.safe_reraise():
         ^^^^^^^^^^^^^^^^^^^
.venv\Lib\site-packages\sqlalchemy\util\langhelpers.py:146: in __exit__
    raise exc_value.with_traceback(exc_tb)
.venv\Lib\site-packages\sqlalchemy\pool\base.py:896: in __connect
    self.dbapi_connection = connection = pool._invoke_creator(self)
                                         ^^^^^^^^^^^^^^^^^^^^^^^^^^
.venv\Lib\site-packages\sqlalchemy\engine\create.py:643: in connect
    return dialect.connect(*cargs, **cparams)
           ^^^^^^^^^^^^^^^^^^^^^^^^^^^^^^^^^^
.venv\Lib\site-packages\sqlalchemy\engine\default.py:621: in connect
    return self.loaded_dbapi.connect(*cargs, **cparams)
           ^^^^^^^^^^^^^^^^^^^^^^^^^^^^^^^^^^^^^^^^^^^^
E   sqlalchemy.exc.OperationalError: (sqlite3.OperationalError) unable to open database file
E   (Background on this error at: https://sqlalche.me/e/20/e3q8)
___________________ ERROR at setup of test_github_analysis ____________________
.venv\Lib\site-packages\sqlalchemy\engine\base.py:146: in __init__
    self._dbapi_connection = engine.raw_connection()
                             ^^^^^^^^^^^^^^^^^^^^^^^
.venv\Lib\site-packages\sqlalchemy\engine\base.py:3302: in raw_connection
    return self.pool.connect()
           ^^^^^^^^^^^^^^^^^^^
.venv\Lib\site-packages\sqlalchemy\pool\base.py:449: in connect
    return _ConnectionFairy._checkout(self)
           ^^^^^^^^^^^^^^^^^^^^^^^^^^^^^^^^
.venv\Lib\site-packages\sqlalchemy\pool\base.py:1263: in _checkout
    fairy = _ConnectionRecord.checkout(pool)
            ^^^^^^^^^^^^^^^^^^^^^^^^^^^^^^^^
.venv\Lib\site-packages\sqlalchemy\pool\base.py:712: in checkout
    rec = pool._do_get()
          ^^^^^^^^^^^^^^
.venv\Lib\site-packages\sqlalchemy\pool\impl.py:179: in _do_get
    with util.safe_reraise():
         ^^^^^^^^^^^^^^^^^^^
.venv\Lib\site-packages\sqlalchemy\util\langhelpers.py:146: in __exit__
    raise exc_value.with_traceback(exc_tb)
.venv\Lib\site-packages\sqlalchemy\pool\impl.py:177: in _do_get
    return self._create_connection()
           ^^^^^^^^^^^^^^^^^^^^^^^^^
.venv\Lib\site-packages\sqlalchemy\pool\base.py:390: in _create_connection
    return _ConnectionRecord(self)
           ^^^^^^^^^^^^^^^^^^^^^^^
.venv\Lib\site-packages\sqlalchemy\pool\base.py:674: in __init__
    self.__connect()
.venv\Lib\site-packages\sqlalchemy\pool\base.py:900: in __connect
    with util.safe_reraise():
         ^^^^^^^^^^^^^^^^^^^
.venv\Lib\site-packages\sqlalchemy\util\langhelpers.py:146: in __exit__
    raise exc_value.with_traceback(exc_tb)
.venv\Lib\site-packages\sqlalchemy\pool\base.py:896: in __connect
    self.dbapi_connection = connection = pool._invoke_creator(self)
                                         ^^^^^^^^^^^^^^^^^^^^^^^^^^
.venv\Lib\site-packages\sqlalchemy\engine\create.py:643: in connect
    return dialect.connect(*cargs, **cparams)
           ^^^^^^^^^^^^^^^^^^^^^^^^^^^^^^^^^^
.venv\Lib\site-packages\sqlalchemy\engine\default.py:621: in connect
    return self.loaded_dbapi.connect(*cargs, **cparams)
           ^^^^^^^^^^^^^^^^^^^^^^^^^^^^^^^^^^^^^^^^^^^^
E   sqlite3.OperationalError: unable to open database file

The above exception was the direct cause of the following exception:
..\tests\conftest.py:33: in setup_db
    Base.metadata.create_all(bind=test_engine)
.venv\Lib\site-packages\sqlalchemy\sql\schema.py:5868: in create_all
    bind._run_ddl_visitor(
.venv\Lib\site-packages\sqlalchemy\engine\base.py:3252: in _run_ddl_visitor
    with self.begin() as conn:
         ^^^^^^^^^^^^
C:\Program Files\WindowsApps\PythonSoftwareFoundation.Python.3.13_3.13.3312.0_x64__qbz5n2kfra8p0\Lib\contextlib.py:141: in __enter__
    return next(self.gen)
           ^^^^^^^^^^^^^^
.venv\Lib\site-packages\sqlalchemy\engine\base.py:3242: in begin
    with self.connect() as conn:
         ^^^^^^^^^^^^^^
.venv\Lib\site-packages\sqlalchemy\engine\base.py:3278: in connect
    return self._connection_cls(self)
           ^^^^^^^^^^^^^^^^^^^^^^^^^^
.venv\Lib\site-packages\sqlalchemy\engine\base.py:148: in __init__
    Connection._handle_dbapi_exception_noconnection(
.venv\Lib\site-packages\sqlalchemy\engine\base.py:2442: in _handle_dbapi_exception_noconnection
    raise sqlalchemy_exception.with_traceback(exc_info[2]) from e
.venv\Lib\site-packages\sqlalchemy\engine\base.py:146: in __init__
    self._dbapi_connection = engine.raw_connection()
                             ^^^^^^^^^^^^^^^^^^^^^^^
.venv\Lib\site-packages\sqlalchemy\engine\base.py:3302: in raw_connection
    return self.pool.connect()
           ^^^^^^^^^^^^^^^^^^^
.venv\Lib\site-packages\sqlalchemy\pool\base.py:449: in connect
    return _ConnectionFairy._checkout(self)
           ^^^^^^^^^^^^^^^^^^^^^^^^^^^^^^^^
.venv\Lib\site-packages\sqlalchemy\pool\base.py:1263: in _checkout
    fairy = _ConnectionRecord.checkout(pool)
            ^^^^^^^^^^^^^^^^^^^^^^^^^^^^^^^^
.venv\Lib\site-packages\sqlalchemy\pool\base.py:712: in checkout
    rec = pool._do_get()
          ^^^^^^^^^^^^^^
.venv\Lib\site-packages\sqlalchemy\pool\impl.py:179: in _do_get
    with util.safe_reraise():
         ^^^^^^^^^^^^^^^^^^^
.venv\Lib\site-packages\sqlalchemy\util\langhelpers.py:146: in __exit__
    raise exc_value.with_traceback(exc_tb)
.venv\Lib\site-packages\sqlalchemy\pool\impl.py:177: in _do_get
    return self._create_connection()
           ^^^^^^^^^^^^^^^^^^^^^^^^^
.venv\Lib\site-packages\sqlalchemy\pool\base.py:390: in _create_connection
    return _ConnectionRecord(self)
           ^^^^^^^^^^^^^^^^^^^^^^^
.venv\Lib\site-packages\sqlalchemy\pool\base.py:674: in __init__
    self.__connect()
.venv\Lib\site-packages\sqlalchemy\pool\base.py:900: in __connect
    with util.safe_reraise():
         ^^^^^^^^^^^^^^^^^^^
.venv\Lib\site-packages\sqlalchemy\util\langhelpers.py:146: in __exit__
    raise exc_value.with_traceback(exc_tb)
.venv\Lib\site-packages\sqlalchemy\pool\base.py:896: in __connect
    self.dbapi_connection = connection = pool._invoke_creator(self)
                                         ^^^^^^^^^^^^^^^^^^^^^^^^^^
.venv\Lib\site-packages\sqlalchemy\engine\create.py:643: in connect
    return dialect.connect(*cargs, **cparams)
           ^^^^^^^^^^^^^^^^^^^^^^^^^^^^^^^^^^
.venv\Lib\site-packages\sqlalchemy\engine\default.py:621: in connect
    return self.loaded_dbapi.connect(*cargs, **cparams)
           ^^^^^^^^^^^^^^^^^^^^^^^^^^^^^^^^^^^^^^^^^^^^
E   sqlalchemy.exc.OperationalError: (sqlite3.OperationalError) unable to open database file
E   (Background on this error at: https://sqlalche.me/e/20/e3q8)
__________________ ERROR at setup of test_full_ranking_chain __________________
.venv\Lib\site-packages\sqlalchemy\engine\base.py:146: in __init__
    self._dbapi_connection = engine.raw_connection()
                             ^^^^^^^^^^^^^^^^^^^^^^^
.venv\Lib\site-packages\sqlalchemy\engine\base.py:3302: in raw_connection
    return self.pool.connect()
           ^^^^^^^^^^^^^^^^^^^
.venv\Lib\site-packages\sqlalchemy\pool\base.py:449: in connect
    return _ConnectionFairy._checkout(self)
           ^^^^^^^^^^^^^^^^^^^^^^^^^^^^^^^^
.venv\Lib\site-packages\sqlalchemy\pool\base.py:1263: in _checkout
    fairy = _ConnectionRecord.checkout(pool)
            ^^^^^^^^^^^^^^^^^^^^^^^^^^^^^^^^
.venv\Lib\site-packages\sqlalchemy\pool\base.py:712: in checkout
    rec = pool._do_get()
          ^^^^^^^^^^^^^^
.venv\Lib\site-packages\sqlalchemy\pool\impl.py:179: in _do_get
    with util.safe_reraise():
         ^^^^^^^^^^^^^^^^^^^
.venv\Lib\site-packages\sqlalchemy\util\langhelpers.py:146: in __exit__
    raise exc_value.with_traceback(exc_tb)
.venv\Lib\site-packages\sqlalchemy\pool\impl.py:177: in _do_get
    return self._create_connection()
           ^^^^^^^^^^^^^^^^^^^^^^^^^
.venv\Lib\site-packages\sqlalchemy\pool\base.py:390: in _create_connection
    return _ConnectionRecord(self)
           ^^^^^^^^^^^^^^^^^^^^^^^
.venv\Lib\site-packages\sqlalchemy\pool\base.py:674: in __init__
    self.__connect()
.venv\Lib\site-packages\sqlalchemy\pool\base.py:900: in __connect
    with util.safe_reraise():
         ^^^^^^^^^^^^^^^^^^^
.venv\Lib\site-packages\sqlalchemy\util\langhelpers.py:146: in __exit__
    raise exc_value.with_traceback(exc_tb)
.venv\Lib\site-packages\sqlalchemy\pool\base.py:896: in __connect
    self.dbapi_connection = connection = pool._invoke_creator(self)
                                         ^^^^^^^^^^^^^^^^^^^^^^^^^^
.venv\Lib\site-packages\sqlalchemy\engine\create.py:643: in connect
    return dialect.connect(*cargs, **cparams)
           ^^^^^^^^^^^^^^^^^^^^^^^^^^^^^^^^^^
.venv\Lib\site-packages\sqlalchemy\engine\default.py:621: in connect
    return self.loaded_dbapi.connect(*cargs, **cparams)
           ^^^^^^^^^^^^^^^^^^^^^^^^^^^^^^^^^^^^^^^^^^^^
E   sqlite3.OperationalError: unable to open database file

The above exception was the direct cause of the following exception:
..\tests\conftest.py:33: in setup_db
    Base.metadata.create_all(bind=test_engine)
.venv\Lib\site-packages\sqlalchemy\sql\schema.py:5868: in create_all
    bind._run_ddl_visitor(
.venv\Lib\site-packages\sqlalchemy\engine\base.py:3252: in _run_ddl_visitor
    with self.begin() as conn:
         ^^^^^^^^^^^^
C:\Program Files\WindowsApps\PythonSoftwareFoundation.Python.3.13_3.13.3312.0_x64__qbz5n2kfra8p0\Lib\contextlib.py:141: in __enter__
    return next(self.gen)
           ^^^^^^^^^^^^^^
.venv\Lib\site-packages\sqlalchemy\engine\base.py:3242: in begin
    with self.connect() as conn:
         ^^^^^^^^^^^^^^
.venv\Lib\site-packages\sqlalchemy\engine\base.py:3278: in connect
    return self._connection_cls(self)
           ^^^^^^^^^^^^^^^^^^^^^^^^^^
.venv\Lib\site-packages\sqlalchemy\engine\base.py:148: in __init__
    Connection._handle_dbapi_exception_noconnection(
.venv\Lib\site-packages\sqlalchemy\engine\base.py:2442: in _handle_dbapi_exception_noconnection
    raise sqlalchemy_exception.with_traceback(exc_info[2]) from e
.venv\Lib\site-packages\sqlalchemy\engine\base.py:146: in __init__
    self._dbapi_connection = engine.raw_connection()
                             ^^^^^^^^^^^^^^^^^^^^^^^
.venv\Lib\site-packages\sqlalchemy\engine\base.py:3302: in raw_connection
    return self.pool.connect()
           ^^^^^^^^^^^^^^^^^^^
.venv\Lib\site-packages\sqlalchemy\pool\base.py:449: in connect
    return _ConnectionFairy._checkout(self)
           ^^^^^^^^^^^^^^^^^^^^^^^^^^^^^^^^
.venv\Lib\site-packages\sqlalchemy\pool\base.py:1263: in _checkout
    fairy = _ConnectionRecord.checkout(pool)
            ^^^^^^^^^^^^^^^^^^^^^^^^^^^^^^^^
.venv\Lib\site-packages\sqlalchemy\pool\base.py:712: in checkout
    rec = pool._do_get()
          ^^^^^^^^^^^^^^
.venv\Lib\site-packages\sqlalchemy\pool\impl.py:179: in _do_get
    with util.safe_reraise():
         ^^^^^^^^^^^^^^^^^^^
.venv\Lib\site-packages\sqlalchemy\util\langhelpers.py:146: in __exit__
    raise exc_value.with_traceback(exc_tb)
.venv\Lib\site-packages\sqlalchemy\pool\impl.py:177: in _do_get
    return self._create_connection()
           ^^^^^^^^^^^^^^^^^^^^^^^^^
.venv\Lib\site-packages\sqlalchemy\pool\base.py:390: in _create_connection
    return _ConnectionRecord(self)
           ^^^^^^^^^^^^^^^^^^^^^^^
.venv\Lib\site-packages\sqlalchemy\pool\base.py:674: in __init__
    self.__connect()
.venv\Lib\site-packages\sqlalchemy\pool\base.py:900: in __connect
    with util.safe_reraise():
         ^^^^^^^^^^^^^^^^^^^
.venv\Lib\site-packages\sqlalchemy\util\langhelpers.py:146: in __exit__
    raise exc_value.with_traceback(exc_tb)
.venv\Lib\site-packages\sqlalchemy\pool\base.py:896: in __connect
    self.dbapi_connection = connection = pool._invoke_creator(self)
                                         ^^^^^^^^^^^^^^^^^^^^^^^^^^
.venv\Lib\site-packages\sqlalchemy\engine\create.py:643: in connect
    return dialect.connect(*cargs, **cparams)
           ^^^^^^^^^^^^^^^^^^^^^^^^^^^^^^^^^^
.venv\Lib\site-packages\sqlalchemy\engine\default.py:621: in connect
    return self.loaded_dbapi.connect(*cargs, **cparams)
           ^^^^^^^^^^^^^^^^^^^^^^^^^^^^^^^^^^^^^^^^^^^^
E   sqlalchemy.exc.OperationalError: (sqlite3.OperationalError) unable to open database file
E   (Background on this error at: https://sqlalche.me/e/20/e3q8)
___________________ ERROR at setup of test_interview_event ____________________
.venv\Lib\site-packages\sqlalchemy\engine\base.py:146: in __init__
    self._dbapi_connection = engine.raw_connection()
                             ^^^^^^^^^^^^^^^^^^^^^^^
.venv\Lib\site-packages\sqlalchemy\engine\base.py:3302: in raw_connection
    return self.pool.connect()
           ^^^^^^^^^^^^^^^^^^^
.venv\Lib\site-packages\sqlalchemy\pool\base.py:449: in connect
    return _ConnectionFairy._checkout(self)
           ^^^^^^^^^^^^^^^^^^^^^^^^^^^^^^^^
.venv\Lib\site-packages\sqlalchemy\pool\base.py:1263: in _checkout
    fairy = _ConnectionRecord.checkout(pool)
            ^^^^^^^^^^^^^^^^^^^^^^^^^^^^^^^^
.venv\Lib\site-packages\sqlalchemy\pool\base.py:712: in checkout
    rec = pool._do_get()
          ^^^^^^^^^^^^^^
.venv\Lib\site-packages\sqlalchemy\pool\impl.py:179: in _do_get
    with util.safe_reraise():
         ^^^^^^^^^^^^^^^^^^^
.venv\Lib\site-packages\sqlalchemy\util\langhelpers.py:146: in __exit__
    raise exc_value.with_traceback(exc_tb)
.venv\Lib\site-packages\sqlalchemy\pool\impl.py:177: in _do_get
    return self._create_connection()
           ^^^^^^^^^^^^^^^^^^^^^^^^^
.venv\Lib\site-packages\sqlalchemy\pool\base.py:390: in _create_connection
    return _ConnectionRecord(self)
           ^^^^^^^^^^^^^^^^^^^^^^^
.venv\Lib\site-packages\sqlalchemy\pool\base.py:674: in __init__
    self.__connect()
.venv\Lib\site-packages\sqlalchemy\pool\base.py:900: in __connect
    with util.safe_reraise():
         ^^^^^^^^^^^^^^^^^^^
.venv\Lib\site-packages\sqlalchemy\util\langhelpers.py:146: in __exit__
    raise exc_value.with_traceback(exc_tb)
.venv\Lib\site-packages\sqlalchemy\pool\base.py:896: in __connect
    self.dbapi_connection = connection = pool._invoke_creator(self)
                                         ^^^^^^^^^^^^^^^^^^^^^^^^^^
.venv\Lib\site-packages\sqlalchemy\engine\create.py:643: in connect
    return dialect.connect(*cargs, **cparams)
           ^^^^^^^^^^^^^^^^^^^^^^^^^^^^^^^^^^
.venv\Lib\site-packages\sqlalchemy\engine\default.py:621: in connect
    return self.loaded_dbapi.connect(*cargs, **cparams)
           ^^^^^^^^^^^^^^^^^^^^^^^^^^^^^^^^^^^^^^^^^^^^
E   sqlite3.OperationalError: unable to open database file

The above exception was the direct cause of the following exception:
..\tests\conftest.py:33: in setup_db
    Base.metadata.create_all(bind=test_engine)
.venv\Lib\site-packages\sqlalchemy\sql\schema.py:5868: in create_all
    bind._run_ddl_visitor(
.venv\Lib\site-packages\sqlalchemy\engine\base.py:3252: in _run_ddl_visitor
    with self.begin() as conn:
         ^^^^^^^^^^^^
C:\Program Files\WindowsApps\PythonSoftwareFoundation.Python.3.13_3.13.3312.0_x64__qbz5n2kfra8p0\Lib\contextlib.py:141: in __enter__
    return next(self.gen)
           ^^^^^^^^^^^^^^
.venv\Lib\site-packages\sqlalchemy\engine\base.py:3242: in begin
    with self.connect() as conn:
         ^^^^^^^^^^^^^^
.venv\Lib\site-packages\sqlalchemy\engine\base.py:3278: in connect
    return self._connection_cls(self)
           ^^^^^^^^^^^^^^^^^^^^^^^^^^
.venv\Lib\site-packages\sqlalchemy\engine\base.py:148: in __init__
    Connection._handle_dbapi_exception_noconnection(
.venv\Lib\site-packages\sqlalchemy\engine\base.py:2442: in _handle_dbapi_exception_noconnection
    raise sqlalchemy_exception.with_traceback(exc_info[2]) from e
.venv\Lib\site-packages\sqlalchemy\engine\base.py:146: in __init__
    self._dbapi_connection = engine.raw_connection()
                             ^^^^^^^^^^^^^^^^^^^^^^^
.venv\Lib\site-packages\sqlalchemy\engine\base.py:3302: in raw_connection
    return self.pool.connect()
           ^^^^^^^^^^^^^^^^^^^
.venv\Lib\site-packages\sqlalchemy\pool\base.py:449: in connect
    return _ConnectionFairy._checkout(self)
           ^^^^^^^^^^^^^^^^^^^^^^^^^^^^^^^^
.venv\Lib\site-packages\sqlalchemy\pool\base.py:1263: in _checkout
    fairy = _ConnectionRecord.checkout(pool)
            ^^^^^^^^^^^^^^^^^^^^^^^^^^^^^^^^
.venv\Lib\site-packages\sqlalchemy\pool\base.py:712: in checkout
    rec = pool._do_get()
          ^^^^^^^^^^^^^^
.venv\Lib\site-packages\sqlalchemy\pool\impl.py:179: in _do_get
    with util.safe_reraise():
         ^^^^^^^^^^^^^^^^^^^
.venv\Lib\site-packages\sqlalchemy\util\langhelpers.py:146: in __exit__
    raise exc_value.with_traceback(exc_tb)
.venv\Lib\site-packages\sqlalchemy\pool\impl.py:177: in _do_get
    return self._create_connection()
           ^^^^^^^^^^^^^^^^^^^^^^^^^
.venv\Lib\site-packages\sqlalchemy\pool\base.py:390: in _create_connection
    return _ConnectionRecord(self)
           ^^^^^^^^^^^^^^^^^^^^^^^
.venv\Lib\site-packages\sqlalchemy\pool\base.py:674: in __init__
    self.__connect()
.venv\Lib\site-packages\sqlalchemy\pool\base.py:900: in __connect
    with util.safe_reraise():
         ^^^^^^^^^^^^^^^^^^^
.venv\Lib\site-packages\sqlalchemy\util\langhelpers.py:146: in __exit__
    raise exc_value.with_traceback(exc_tb)
.venv\Lib\site-packages\sqlalchemy\pool\base.py:896: in __connect
    self.dbapi_connection = connection = pool._invoke_creator(self)
                                         ^^^^^^^^^^^^^^^^^^^^^^^^^^
.venv\Lib\site-packages\sqlalchemy\engine\create.py:643: in connect
    return dialect.connect(*cargs, **cparams)
           ^^^^^^^^^^^^^^^^^^^^^^^^^^^^^^^^^^
.venv\Lib\site-packages\sqlalchemy\engine\default.py:621: in connect
    return self.loaded_dbapi.connect(*cargs, **cparams)
           ^^^^^^^^^^^^^^^^^^^^^^^^^^^^^^^^^^^^^^^^^^^^
E   sqlalchemy.exc.OperationalError: (sqlite3.OperationalError) unable to open database file
E   (Background on this error at: https://sqlalche.me/e/20/e3q8)
____________________ ERROR at setup of test_email_send_log ____________________
.venv\Lib\site-packages\sqlalchemy\engine\base.py:146: in __init__
    self._dbapi_connection = engine.raw_connection()
                             ^^^^^^^^^^^^^^^^^^^^^^^
.venv\Lib\site-packages\sqlalchemy\engine\base.py:3302: in raw_connection
    return self.pool.connect()
           ^^^^^^^^^^^^^^^^^^^
.venv\Lib\site-packages\sqlalchemy\pool\base.py:449: in connect
    return _ConnectionFairy._checkout(self)
           ^^^^^^^^^^^^^^^^^^^^^^^^^^^^^^^^
.venv\Lib\site-packages\sqlalchemy\pool\base.py:1263: in _checkout
    fairy = _ConnectionRecord.checkout(pool)
            ^^^^^^^^^^^^^^^^^^^^^^^^^^^^^^^^
.venv\Lib\site-packages\sqlalchemy\pool\base.py:712: in checkout
    rec = pool._do_get()
          ^^^^^^^^^^^^^^
.venv\Lib\site-packages\sqlalchemy\pool\impl.py:179: in _do_get
    with util.safe_reraise():
         ^^^^^^^^^^^^^^^^^^^
.venv\Lib\site-packages\sqlalchemy\util\langhelpers.py:146: in __exit__
    raise exc_value.with_traceback(exc_tb)
.venv\Lib\site-packages\sqlalchemy\pool\impl.py:177: in _do_get
    return self._create_connection()
           ^^^^^^^^^^^^^^^^^^^^^^^^^
.venv\Lib\site-packages\sqlalchemy\pool\base.py:390: in _create_connection
    return _ConnectionRecord(self)
           ^^^^^^^^^^^^^^^^^^^^^^^
.venv\Lib\site-packages\sqlalchemy\pool\base.py:674: in __init__
    self.__connect()
.venv\Lib\site-packages\sqlalchemy\pool\base.py:900: in __connect
    with util.safe_reraise():
         ^^^^^^^^^^^^^^^^^^^
.venv\Lib\site-packages\sqlalchemy\util\langhelpers.py:146: in __exit__
    raise exc_value.with_traceback(exc_tb)
.venv\Lib\site-packages\sqlalchemy\pool\base.py:896: in __connect
    self.dbapi_connection = connection = pool._invoke_creator(self)
                                         ^^^^^^^^^^^^^^^^^^^^^^^^^^
.venv\Lib\site-packages\sqlalchemy\engine\create.py:643: in connect
    return dialect.connect(*cargs, **cparams)
           ^^^^^^^^^^^^^^^^^^^^^^^^^^^^^^^^^^
.venv\Lib\site-packages\sqlalchemy\engine\default.py:621: in connect
    return self.loaded_dbapi.connect(*cargs, **cparams)
           ^^^^^^^^^^^^^^^^^^^^^^^^^^^^^^^^^^^^^^^^^^^^
E   sqlite3.OperationalError: unable to open database file

The above exception was the direct cause of the following exception:
..\tests\conftest.py:33: in setup_db
    Base.metadata.create_all(bind=test_engine)
.venv\Lib\site-packages\sqlalchemy\sql\schema.py:5868: in create_all
    bind._run_ddl_visitor(
.venv\Lib\site-packages\sqlalchemy\engine\base.py:3252: in _run_ddl_visitor
    with self.begin() as conn:
         ^^^^^^^^^^^^
C:\Program Files\WindowsApps\PythonSoftwareFoundation.Python.3.13_3.13.3312.0_x64__qbz5n2kfra8p0\Lib\contextlib.py:141: in __enter__
    return next(self.gen)
           ^^^^^^^^^^^^^^
.venv\Lib\site-packages\sqlalchemy\engine\base.py:3242: in begin
    with self.connect() as conn:
         ^^^^^^^^^^^^^^
.venv\Lib\site-packages\sqlalchemy\engine\base.py:3278: in connect
    return self._connection_cls(self)
           ^^^^^^^^^^^^^^^^^^^^^^^^^^
.venv\Lib\site-packages\sqlalchemy\engine\base.py:148: in __init__
    Connection._handle_dbapi_exception_noconnection(
.venv\Lib\site-packages\sqlalchemy\engine\base.py:2442: in _handle_dbapi_exception_noconnection
    raise sqlalchemy_exception.with_traceback(exc_info[2]) from e
.venv\Lib\site-packages\sqlalchemy\engine\base.py:146: in __init__
    self._dbapi_connection = engine.raw_connection()
                             ^^^^^^^^^^^^^^^^^^^^^^^
.venv\Lib\site-packages\sqlalchemy\engine\base.py:3302: in raw_connection
    return self.pool.connect()
           ^^^^^^^^^^^^^^^^^^^
.venv\Lib\site-packages\sqlalchemy\pool\base.py:449: in connect
    return _ConnectionFairy._checkout(self)
           ^^^^^^^^^^^^^^^^^^^^^^^^^^^^^^^^
.venv\Lib\site-packages\sqlalchemy\pool\base.py:1263: in _checkout
    fairy = _ConnectionRecord.checkout(pool)
            ^^^^^^^^^^^^^^^^^^^^^^^^^^^^^^^^
.venv\Lib\site-packages\sqlalchemy\pool\base.py:712: in checkout
    rec = pool._do_get()
          ^^^^^^^^^^^^^^
.venv\Lib\site-packages\sqlalchemy\pool\impl.py:179: in _do_get
    with util.safe_reraise():
         ^^^^^^^^^^^^^^^^^^^
.venv\Lib\site-packages\sqlalchemy\util\langhelpers.py:146: in __exit__
    raise exc_value.with_traceback(exc_tb)
.venv\Lib\site-packages\sqlalchemy\pool\impl.py:177: in _do_get
    return self._create_connection()
           ^^^^^^^^^^^^^^^^^^^^^^^^^
.venv\Lib\site-packages\sqlalchemy\pool\base.py:390: in _create_connection
    return _ConnectionRecord(self)
           ^^^^^^^^^^^^^^^^^^^^^^^
.venv\Lib\site-packages\sqlalchemy\pool\base.py:674: in __init__
    self.__connect()
.venv\Lib\site-packages\sqlalchemy\pool\base.py:900: in __connect
    with util.safe_reraise():
         ^^^^^^^^^^^^^^^^^^^
.venv\Lib\site-packages\sqlalchemy\util\langhelpers.py:146: in __exit__
    raise exc_value.with_traceback(exc_tb)
.venv\Lib\site-packages\sqlalchemy\pool\base.py:896: in __connect
    self.dbapi_connection = connection = pool._invoke_creator(self)
                                         ^^^^^^^^^^^^^^^^^^^^^^^^^^
.venv\Lib\site-packages\sqlalchemy\engine\create.py:643: in connect
    return dialect.connect(*cargs, **cparams)
           ^^^^^^^^^^^^^^^^^^^^^^^^^^^^^^^^^^
.venv\Lib\site-packages\sqlalchemy\engine\default.py:621: in connect
    return self.loaded_dbapi.connect(*cargs, **cparams)
           ^^^^^^^^^^^^^^^^^^^^^^^^^^^^^^^^^^^^^^^^^^^^
E   sqlalchemy.exc.OperationalError: (sqlite3.OperationalError) unable to open database file
E   (Background on this error at: https://sqlalche.me/e/20/e3q8)
________ ERROR at setup of TestGoogleDriveUrl.test_converts_drive_link ________
.venv\Lib\site-packages\sqlalchemy\engine\base.py:146: in __init__
    self._dbapi_connection = engine.raw_connection()
                             ^^^^^^^^^^^^^^^^^^^^^^^
.venv\Lib\site-packages\sqlalchemy\engine\base.py:3302: in raw_connection
    return self.pool.connect()
           ^^^^^^^^^^^^^^^^^^^
.venv\Lib\site-packages\sqlalchemy\pool\base.py:449: in connect
    return _ConnectionFairy._checkout(self)
           ^^^^^^^^^^^^^^^^^^^^^^^^^^^^^^^^
.venv\Lib\site-packages\sqlalchemy\pool\base.py:1263: in _checkout
    fairy = _ConnectionRecord.checkout(pool)
            ^^^^^^^^^^^^^^^^^^^^^^^^^^^^^^^^
.venv\Lib\site-packages\sqlalchemy\pool\base.py:712: in checkout
    rec = pool._do_get()
          ^^^^^^^^^^^^^^
.venv\Lib\site-packages\sqlalchemy\pool\impl.py:179: in _do_get
    with util.safe_reraise():
         ^^^^^^^^^^^^^^^^^^^
.venv\Lib\site-packages\sqlalchemy\util\langhelpers.py:146: in __exit__
    raise exc_value.with_traceback(exc_tb)
.venv\Lib\site-packages\sqlalchemy\pool\impl.py:177: in _do_get
    return self._create_connection()
           ^^^^^^^^^^^^^^^^^^^^^^^^^
.venv\Lib\site-packages\sqlalchemy\pool\base.py:390: in _create_connection
    return _ConnectionRecord(self)
           ^^^^^^^^^^^^^^^^^^^^^^^
.venv\Lib\site-packages\sqlalchemy\pool\base.py:674: in __init__
    self.__connect()
.venv\Lib\site-packages\sqlalchemy\pool\base.py:900: in __connect
    with util.safe_reraise():
         ^^^^^^^^^^^^^^^^^^^
.venv\Lib\site-packages\sqlalchemy\util\langhelpers.py:146: in __exit__
    raise exc_value.with_traceback(exc_tb)
.venv\Lib\site-packages\sqlalchemy\pool\base.py:896: in __connect
    self.dbapi_connection = connection = pool._invoke_creator(self)
                                         ^^^^^^^^^^^^^^^^^^^^^^^^^^
.venv\Lib\site-packages\sqlalchemy\engine\create.py:643: in connect
    return dialect.connect(*cargs, **cparams)
           ^^^^^^^^^^^^^^^^^^^^^^^^^^^^^^^^^^
.venv\Lib\site-packages\sqlalchemy\engine\default.py:621: in connect
    return self.loaded_dbapi.connect(*cargs, **cparams)
           ^^^^^^^^^^^^^^^^^^^^^^^^^^^^^^^^^^^^^^^^^^^^
E   sqlite3.OperationalError: unable to open database file

The above exception was the direct cause of the following exception:
..\tests\conftest.py:33: in setup_db
    Base.metadata.create_all(bind=test_engine)
.venv\Lib\site-packages\sqlalchemy\sql\schema.py:5868: in create_all
    bind._run_ddl_visitor(
.venv\Lib\site-packages\sqlalchemy\engine\base.py:3252: in _run_ddl_visitor
    with self.begin() as conn:
         ^^^^^^^^^^^^
C:\Program Files\WindowsApps\PythonSoftwareFoundation.Python.3.13_3.13.3312.0_x64__qbz5n2kfra8p0\Lib\contextlib.py:141: in __enter__
    return next(self.gen)
           ^^^^^^^^^^^^^^
.venv\Lib\site-packages\sqlalchemy\engine\base.py:3242: in begin
    with self.connect() as conn:
         ^^^^^^^^^^^^^^
.venv\Lib\site-packages\sqlalchemy\engine\base.py:3278: in connect
    return self._connection_cls(self)
           ^^^^^^^^^^^^^^^^^^^^^^^^^^
.venv\Lib\site-packages\sqlalchemy\engine\base.py:148: in __init__
    Connection._handle_dbapi_exception_noconnection(
.venv\Lib\site-packages\sqlalchemy\engine\base.py:2442: in _handle_dbapi_exception_noconnection
    raise sqlalchemy_exception.with_traceback(exc_info[2]) from e
.venv\Lib\site-packages\sqlalchemy\engine\base.py:146: in __init__
    self._dbapi_connection = engine.raw_connection()
                             ^^^^^^^^^^^^^^^^^^^^^^^
.venv\Lib\site-packages\sqlalchemy\engine\base.py:3302: in raw_connection
    return self.pool.connect()
           ^^^^^^^^^^^^^^^^^^^
.venv\Lib\site-packages\sqlalchemy\pool\base.py:449: in connect
    return _ConnectionFairy._checkout(self)
           ^^^^^^^^^^^^^^^^^^^^^^^^^^^^^^^^
.venv\Lib\site-packages\sqlalchemy\pool\base.py:1263: in _checkout
    fairy = _ConnectionRecord.checkout(pool)
            ^^^^^^^^^^^^^^^^^^^^^^^^^^^^^^^^
.venv\Lib\site-packages\sqlalchemy\pool\base.py:712: in checkout
    rec = pool._do_get()
          ^^^^^^^^^^^^^^
.venv\Lib\site-packages\sqlalchemy\pool\impl.py:179: in _do_get
    with util.safe_reraise():
         ^^^^^^^^^^^^^^^^^^^
.venv\Lib\site-packages\sqlalchemy\util\langhelpers.py:146: in __exit__
    raise exc_value.with_traceback(exc_tb)
.venv\Lib\site-packages\sqlalchemy\pool\impl.py:177: in _do_get
    return self._create_connection()
           ^^^^^^^^^^^^^^^^^^^^^^^^^
.venv\Lib\site-packages\sqlalchemy\pool\base.py:390: in _create_connection
    return _ConnectionRecord(self)
           ^^^^^^^^^^^^^^^^^^^^^^^
.venv\Lib\site-packages\sqlalchemy\pool\base.py:674: in __init__
    self.__connect()
.venv\Lib\site-packages\sqlalchemy\pool\base.py:900: in __connect
    with util.safe_reraise():
         ^^^^^^^^^^^^^^^^^^^
.venv\Lib\site-packages\sqlalchemy\util\langhelpers.py:146: in __exit__
    raise exc_value.with_traceback(exc_tb)
.venv\Lib\site-packages\sqlalchemy\pool\base.py:896: in __connect
    self.dbapi_connection = connection = pool._invoke_creator(self)
                                         ^^^^^^^^^^^^^^^^^^^^^^^^^^
.venv\Lib\site-packages\sqlalchemy\engine\create.py:643: in connect
    return dialect.connect(*cargs, **cparams)
           ^^^^^^^^^^^^^^^^^^^^^^^^^^^^^^^^^^
.venv\Lib\site-packages\sqlalchemy\engine\default.py:621: in connect
    return self.loaded_dbapi.connect(*cargs, **cparams)
           ^^^^^^^^^^^^^^^^^^^^^^^^^^^^^^^^^^^^^^^^^^^^
E   sqlalchemy.exc.OperationalError: (sqlite3.OperationalError) unable to open database file
E   (Background on this error at: https://sqlalche.me/e/20/e3q8)
__ ERROR at setup of TestGoogleDriveUrl.test_returns_non_drive_url_unchanged __
.venv\Lib\site-packages\sqlalchemy\engine\base.py:146: in __init__
    self._dbapi_connection = engine.raw_connection()
                             ^^^^^^^^^^^^^^^^^^^^^^^
.venv\Lib\site-packages\sqlalchemy\engine\base.py:3302: in raw_connection
    return self.pool.connect()
           ^^^^^^^^^^^^^^^^^^^
.venv\Lib\site-packages\sqlalchemy\pool\base.py:449: in connect
    return _ConnectionFairy._checkout(self)
           ^^^^^^^^^^^^^^^^^^^^^^^^^^^^^^^^
.venv\Lib\site-packages\sqlalchemy\pool\base.py:1263: in _checkout
    fairy = _ConnectionRecord.checkout(pool)
            ^^^^^^^^^^^^^^^^^^^^^^^^^^^^^^^^
.venv\Lib\site-packages\sqlalchemy\pool\base.py:712: in checkout
    rec = pool._do_get()
          ^^^^^^^^^^^^^^
.venv\Lib\site-packages\sqlalchemy\pool\impl.py:179: in _do_get
    with util.safe_reraise():
         ^^^^^^^^^^^^^^^^^^^
.venv\Lib\site-packages\sqlalchemy\util\langhelpers.py:146: in __exit__
    raise exc_value.with_traceback(exc_tb)
.venv\Lib\site-packages\sqlalchemy\pool\impl.py:177: in _do_get
    return self._create_connection()
           ^^^^^^^^^^^^^^^^^^^^^^^^^
.venv\Lib\site-packages\sqlalchemy\pool\base.py:390: in _create_connection
    return _ConnectionRecord(self)
           ^^^^^^^^^^^^^^^^^^^^^^^
.venv\Lib\site-packages\sqlalchemy\pool\base.py:674: in __init__
    self.__connect()
.venv\Lib\site-packages\sqlalchemy\pool\base.py:900: in __connect
    with util.safe_reraise():
         ^^^^^^^^^^^^^^^^^^^
.venv\Lib\site-packages\sqlalchemy\util\langhelpers.py:146: in __exit__
    raise exc_value.with_traceback(exc_tb)
.venv\Lib\site-packages\sqlalchemy\pool\base.py:896: in __connect
    self.dbapi_connection = connection = pool._invoke_creator(self)
                                         ^^^^^^^^^^^^^^^^^^^^^^^^^^
.venv\Lib\site-packages\sqlalchemy\engine\create.py:643: in connect
    return dialect.connect(*cargs, **cparams)
           ^^^^^^^^^^^^^^^^^^^^^^^^^^^^^^^^^^
.venv\Lib\site-packages\sqlalchemy\engine\default.py:621: in connect
    return self.loaded_dbapi.connect(*cargs, **cparams)
           ^^^^^^^^^^^^^^^^^^^^^^^^^^^^^^^^^^^^^^^^^^^^
E   sqlite3.OperationalError: unable to open database file

The above exception was the direct cause of the following exception:
..\tests\conftest.py:33: in setup_db
    Base.metadata.create_all(bind=test_engine)
.venv\Lib\site-packages\sqlalchemy\sql\schema.py:5868: in create_all
    bind._run_ddl_visitor(
.venv\Lib\site-packages\sqlalchemy\engine\base.py:3252: in _run_ddl_visitor
    with self.begin() as conn:
         ^^^^^^^^^^^^
C:\Program Files\WindowsApps\PythonSoftwareFoundation.Python.3.13_3.13.3312.0_x64__qbz5n2kfra8p0\Lib\contextlib.py:141: in __enter__
    return next(self.gen)
           ^^^^^^^^^^^^^^
.venv\Lib\site-packages\sqlalchemy\engine\base.py:3242: in begin
    with self.connect() as conn:
         ^^^^^^^^^^^^^^
.venv\Lib\site-packages\sqlalchemy\engine\base.py:3278: in connect
    return self._connection_cls(self)
           ^^^^^^^^^^^^^^^^^^^^^^^^^^
.venv\Lib\site-packages\sqlalchemy\engine\base.py:148: in __init__
    Connection._handle_dbapi_exception_noconnection(
.venv\Lib\site-packages\sqlalchemy\engine\base.py:2442: in _handle_dbapi_exception_noconnection
    raise sqlalchemy_exception.with_traceback(exc_info[2]) from e
.venv\Lib\site-packages\sqlalchemy\engine\base.py:146: in __init__
    self._dbapi_connection = engine.raw_connection()
                             ^^^^^^^^^^^^^^^^^^^^^^^
.venv\Lib\site-packages\sqlalchemy\engine\base.py:3302: in raw_connection
    return self.pool.connect()
           ^^^^^^^^^^^^^^^^^^^
.venv\Lib\site-packages\sqlalchemy\pool\base.py:449: in connect
    return _ConnectionFairy._checkout(self)
           ^^^^^^^^^^^^^^^^^^^^^^^^^^^^^^^^
.venv\Lib\site-packages\sqlalchemy\pool\base.py:1263: in _checkout
    fairy = _ConnectionRecord.checkout(pool)
            ^^^^^^^^^^^^^^^^^^^^^^^^^^^^^^^^
.venv\Lib\site-packages\sqlalchemy\pool\base.py:712: in checkout
    rec = pool._do_get()
          ^^^^^^^^^^^^^^
.venv\Lib\site-packages\sqlalchemy\pool\impl.py:179: in _do_get
    with util.safe_reraise():
         ^^^^^^^^^^^^^^^^^^^
.venv\Lib\site-packages\sqlalchemy\util\langhelpers.py:146: in __exit__
    raise exc_value.with_traceback(exc_tb)
.venv\Lib\site-packages\sqlalchemy\pool\impl.py:177: in _do_get
    return self._create_connection()
           ^^^^^^^^^^^^^^^^^^^^^^^^^
.venv\Lib\site-packages\sqlalchemy\pool\base.py:390: in _create_connection
    return _ConnectionRecord(self)
           ^^^^^^^^^^^^^^^^^^^^^^^
.venv\Lib\site-packages\sqlalchemy\pool\base.py:674: in __init__
    self.__connect()
.venv\Lib\site-packages\sqlalchemy\pool\base.py:900: in __connect
    with util.safe_reraise():
         ^^^^^^^^^^^^^^^^^^^
.venv\Lib\site-packages\sqlalchemy\util\langhelpers.py:146: in __exit__
    raise exc_value.with_traceback(exc_tb)
.venv\Lib\site-packages\sqlalchemy\pool\base.py:896: in __connect
    self.dbapi_connection = connection = pool._invoke_creator(self)
                                         ^^^^^^^^^^^^^^^^^^^^^^^^^^
.venv\Lib\site-packages\sqlalchemy\engine\create.py:643: in connect
    return dialect.connect(*cargs, **cparams)
           ^^^^^^^^^^^^^^^^^^^^^^^^^^^^^^^^^^
.venv\Lib\site-packages\sqlalchemy\engine\default.py:621: in connect
    return self.loaded_dbapi.connect(*cargs, **cparams)
           ^^^^^^^^^^^^^^^^^^^^^^^^^^^^^^^^^^^^^^^^^^^^
E   sqlalchemy.exc.OperationalError: (sqlite3.OperationalError) unable to open database file
E   (Background on this error at: https://sqlalche.me/e/20/e3q8)
___________ ERROR at setup of TestGoogleDriveUrl.test_handles_none ____________
.venv\Lib\site-packages\sqlalchemy\engine\base.py:146: in __init__
    self._dbapi_connection = engine.raw_connection()
                             ^^^^^^^^^^^^^^^^^^^^^^^
.venv\Lib\site-packages\sqlalchemy\engine\base.py:3302: in raw_connection
    return self.pool.connect()
           ^^^^^^^^^^^^^^^^^^^
.venv\Lib\site-packages\sqlalchemy\pool\base.py:449: in connect
    return _ConnectionFairy._checkout(self)
           ^^^^^^^^^^^^^^^^^^^^^^^^^^^^^^^^
.venv\Lib\site-packages\sqlalchemy\pool\base.py:1263: in _checkout
    fairy = _ConnectionRecord.checkout(pool)
            ^^^^^^^^^^^^^^^^^^^^^^^^^^^^^^^^
.venv\Lib\site-packages\sqlalchemy\pool\base.py:712: in checkout
    rec = pool._do_get()
          ^^^^^^^^^^^^^^
.venv\Lib\site-packages\sqlalchemy\pool\impl.py:179: in _do_get
    with util.safe_reraise():
         ^^^^^^^^^^^^^^^^^^^
.venv\Lib\site-packages\sqlalchemy\util\langhelpers.py:146: in __exit__
    raise exc_value.with_traceback(exc_tb)
.venv\Lib\site-packages\sqlalchemy\pool\impl.py:177: in _do_get
    return self._create_connection()
           ^^^^^^^^^^^^^^^^^^^^^^^^^
.venv\Lib\site-packages\sqlalchemy\pool\base.py:390: in _create_connection
    return _ConnectionRecord(self)
           ^^^^^^^^^^^^^^^^^^^^^^^
.venv\Lib\site-packages\sqlalchemy\pool\base.py:674: in __init__
    self.__connect()
.venv\Lib\site-packages\sqlalchemy\pool\base.py:900: in __connect
    with util.safe_reraise():
         ^^^^^^^^^^^^^^^^^^^
.venv\Lib\site-packages\sqlalchemy\util\langhelpers.py:146: in __exit__
    raise exc_value.with_traceback(exc_tb)
.venv\Lib\site-packages\sqlalchemy\pool\base.py:896: in __connect
    self.dbapi_connection = connection = pool._invoke_creator(self)
                                         ^^^^^^^^^^^^^^^^^^^^^^^^^^
.venv\Lib\site-packages\sqlalchemy\engine\create.py:643: in connect
    return dialect.connect(*cargs, **cparams)
           ^^^^^^^^^^^^^^^^^^^^^^^^^^^^^^^^^^
.venv\Lib\site-packages\sqlalchemy\engine\default.py:621: in connect
    return self.loaded_dbapi.connect(*cargs, **cparams)
           ^^^^^^^^^^^^^^^^^^^^^^^^^^^^^^^^^^^^^^^^^^^^
E   sqlite3.OperationalError: unable to open database file

The above exception was the direct cause of the following exception:
..\tests\conftest.py:33: in setup_db
    Base.metadata.create_all(bind=test_engine)
.venv\Lib\site-packages\sqlalchemy\sql\schema.py:5868: in create_all
    bind._run_ddl_visitor(
.venv\Lib\site-packages\sqlalchemy\engine\base.py:3252: in _run_ddl_visitor
    with self.begin() as conn:
         ^^^^^^^^^^^^
C:\Program Files\WindowsApps\PythonSoftwareFoundation.Python.3.13_3.13.3312.0_x64__qbz5n2kfra8p0\Lib\contextlib.py:141: in __enter__
    return next(self.gen)
           ^^^^^^^^^^^^^^
.venv\Lib\site-packages\sqlalchemy\engine\base.py:3242: in begin
    with self.connect() as conn:
         ^^^^^^^^^^^^^^
.venv\Lib\site-packages\sqlalchemy\engine\base.py:3278: in connect
    return self._connection_cls(self)
           ^^^^^^^^^^^^^^^^^^^^^^^^^^
.venv\Lib\site-packages\sqlalchemy\engine\base.py:148: in __init__
    Connection._handle_dbapi_exception_noconnection(
.venv\Lib\site-packages\sqlalchemy\engine\base.py:2442: in _handle_dbapi_exception_noconnection
    raise sqlalchemy_exception.with_traceback(exc_info[2]) from e
.venv\Lib\site-packages\sqlalchemy\engine\base.py:146: in __init__
    self._dbapi_connection = engine.raw_connection()
                             ^^^^^^^^^^^^^^^^^^^^^^^
.venv\Lib\site-packages\sqlalchemy\engine\base.py:3302: in raw_connection
    return self.pool.connect()
           ^^^^^^^^^^^^^^^^^^^
.venv\Lib\site-packages\sqlalchemy\pool\base.py:449: in connect
    return _ConnectionFairy._checkout(self)
           ^^^^^^^^^^^^^^^^^^^^^^^^^^^^^^^^
.venv\Lib\site-packages\sqlalchemy\pool\base.py:1263: in _checkout
    fairy = _ConnectionRecord.checkout(pool)
            ^^^^^^^^^^^^^^^^^^^^^^^^^^^^^^^^
.venv\Lib\site-packages\sqlalchemy\pool\base.py:712: in checkout
    rec = pool._do_get()
          ^^^^^^^^^^^^^^
.venv\Lib\site-packages\sqlalchemy\pool\impl.py:179: in _do_get
    with util.safe_reraise():
         ^^^^^^^^^^^^^^^^^^^
.venv\Lib\site-packages\sqlalchemy\util\langhelpers.py:146: in __exit__
    raise exc_value.with_traceback(exc_tb)
.venv\Lib\site-packages\sqlalchemy\pool\impl.py:177: in _do_get
    return self._create_connection()
           ^^^^^^^^^^^^^^^^^^^^^^^^^
.venv\Lib\site-packages\sqlalchemy\pool\base.py:390: in _create_connection
    return _ConnectionRecord(self)
           ^^^^^^^^^^^^^^^^^^^^^^^
.venv\Lib\site-packages\sqlalchemy\pool\base.py:674: in __init__
    self.__connect()
.venv\Lib\site-packages\sqlalchemy\pool\base.py:900: in __connect
    with util.safe_reraise():
         ^^^^^^^^^^^^^^^^^^^
.venv\Lib\site-packages\sqlalchemy\util\langhelpers.py:146: in __exit__
    raise exc_value.with_traceback(exc_tb)
.venv\Lib\site-packages\sqlalchemy\pool\base.py:896: in __connect
    self.dbapi_connection = connection = pool._invoke_creator(self)
                                         ^^^^^^^^^^^^^^^^^^^^^^^^^^
.venv\Lib\site-packages\sqlalchemy\engine\create.py:643: in connect
    return dialect.connect(*cargs, **cparams)
           ^^^^^^^^^^^^^^^^^^^^^^^^^^^^^^^^^^
.venv\Lib\site-packages\sqlalchemy\engine\default.py:621: in connect
    return self.loaded_dbapi.connect(*cargs, **cparams)
           ^^^^^^^^^^^^^^^^^^^^^^^^^^^^^^^^^^^^^^^^^^^^
E   sqlalchemy.exc.OperationalError: (sqlite3.OperationalError) unable to open database file
E   (Background on this error at: https://sqlalche.me/e/20/e3q8)
_______ ERROR at setup of TestGoogleDriveUrl.test_handles_empty_string ________
.venv\Lib\site-packages\sqlalchemy\engine\base.py:146: in __init__
    self._dbapi_connection = engine.raw_connection()
                             ^^^^^^^^^^^^^^^^^^^^^^^
.venv\Lib\site-packages\sqlalchemy\engine\base.py:3302: in raw_connection
    return self.pool.connect()
           ^^^^^^^^^^^^^^^^^^^
.venv\Lib\site-packages\sqlalchemy\pool\base.py:449: in connect
    return _ConnectionFairy._checkout(self)
           ^^^^^^^^^^^^^^^^^^^^^^^^^^^^^^^^
.venv\Lib\site-packages\sqlalchemy\pool\base.py:1263: in _checkout
    fairy = _ConnectionRecord.checkout(pool)
            ^^^^^^^^^^^^^^^^^^^^^^^^^^^^^^^^
.venv\Lib\site-packages\sqlalchemy\pool\base.py:712: in checkout
    rec = pool._do_get()
          ^^^^^^^^^^^^^^
.venv\Lib\site-packages\sqlalchemy\pool\impl.py:179: in _do_get
    with util.safe_reraise():
         ^^^^^^^^^^^^^^^^^^^
.venv\Lib\site-packages\sqlalchemy\util\langhelpers.py:146: in __exit__
    raise exc_value.with_traceback(exc_tb)
.venv\Lib\site-packages\sqlalchemy\pool\impl.py:177: in _do_get
    return self._create_connection()
           ^^^^^^^^^^^^^^^^^^^^^^^^^
.venv\Lib\site-packages\sqlalchemy\pool\base.py:390: in _create_connection
    return _ConnectionRecord(self)
           ^^^^^^^^^^^^^^^^^^^^^^^
.venv\Lib\site-packages\sqlalchemy\pool\base.py:674: in __init__
    self.__connect()
.venv\Lib\site-packages\sqlalchemy\pool\base.py:900: in __connect
    with util.safe_reraise():
         ^^^^^^^^^^^^^^^^^^^
.venv\Lib\site-packages\sqlalchemy\util\langhelpers.py:146: in __exit__
    raise exc_value.with_traceback(exc_tb)
.venv\Lib\site-packages\sqlalchemy\pool\base.py:896: in __connect
    self.dbapi_connection = connection = pool._invoke_creator(self)
                                         ^^^^^^^^^^^^^^^^^^^^^^^^^^
.venv\Lib\site-packages\sqlalchemy\engine\create.py:643: in connect
    return dialect.connect(*cargs, **cparams)
           ^^^^^^^^^^^^^^^^^^^^^^^^^^^^^^^^^^
.venv\Lib\site-packages\sqlalchemy\engine\default.py:621: in connect
    return self.loaded_dbapi.connect(*cargs, **cparams)
           ^^^^^^^^^^^^^^^^^^^^^^^^^^^^^^^^^^^^^^^^^^^^
E   sqlite3.OperationalError: unable to open database file

The above exception was the direct cause of the following exception:
..\tests\conftest.py:33: in setup_db
    Base.metadata.create_all(bind=test_engine)
.venv\Lib\site-packages\sqlalchemy\sql\schema.py:5868: in create_all
    bind._run_ddl_visitor(
.venv\Lib\site-packages\sqlalchemy\engine\base.py:3252: in _run_ddl_visitor
    with self.begin() as conn:
         ^^^^^^^^^^^^
C:\Program Files\WindowsApps\PythonSoftwareFoundation.Python.3.13_3.13.3312.0_x64__qbz5n2kfra8p0\Lib\contextlib.py:141: in __enter__
    return next(self.gen)
           ^^^^^^^^^^^^^^
.venv\Lib\site-packages\sqlalchemy\engine\base.py:3242: in begin
    with self.connect() as conn:
         ^^^^^^^^^^^^^^
.venv\Lib\site-packages\sqlalchemy\engine\base.py:3278: in connect
    return self._connection_cls(self)
           ^^^^^^^^^^^^^^^^^^^^^^^^^^
.venv\Lib\site-packages\sqlalchemy\engine\base.py:148: in __init__
    Connection._handle_dbapi_exception_noconnection(
.venv\Lib\site-packages\sqlalchemy\engine\base.py:2442: in _handle_dbapi_exception_noconnection
    raise sqlalchemy_exception.with_traceback(exc_info[2]) from e
.venv\Lib\site-packages\sqlalchemy\engine\base.py:146: in __init__
    self._dbapi_connection = engine.raw_connection()
                             ^^^^^^^^^^^^^^^^^^^^^^^
.venv\Lib\site-packages\sqlalchemy\engine\base.py:3302: in raw_connection
    return self.pool.connect()
           ^^^^^^^^^^^^^^^^^^^
.venv\Lib\site-packages\sqlalchemy\pool\base.py:449: in connect
    return _ConnectionFairy._checkout(self)
           ^^^^^^^^^^^^^^^^^^^^^^^^^^^^^^^^
.venv\Lib\site-packages\sqlalchemy\pool\base.py:1263: in _checkout
    fairy = _ConnectionRecord.checkout(pool)
            ^^^^^^^^^^^^^^^^^^^^^^^^^^^^^^^^
.venv\Lib\site-packages\sqlalchemy\pool\base.py:712: in checkout
    rec = pool._do_get()
          ^^^^^^^^^^^^^^
.venv\Lib\site-packages\sqlalchemy\pool\impl.py:179: in _do_get
    with util.safe_reraise():
         ^^^^^^^^^^^^^^^^^^^
.venv\Lib\site-packages\sqlalchemy\util\langhelpers.py:146: in __exit__
    raise exc_value.with_traceback(exc_tb)
.venv\Lib\site-packages\sqlalchemy\pool\impl.py:177: in _do_get
    return self._create_connection()
           ^^^^^^^^^^^^^^^^^^^^^^^^^
.venv\Lib\site-packages\sqlalchemy\pool\base.py:390: in _create_connection
    return _ConnectionRecord(self)
           ^^^^^^^^^^^^^^^^^^^^^^^
.venv\Lib\site-packages\sqlalchemy\pool\base.py:674: in __init__
    self.__connect()
.venv\Lib\site-packages\sqlalchemy\pool\base.py:900: in __connect
    with util.safe_reraise():
         ^^^^^^^^^^^^^^^^^^^
.venv\Lib\site-packages\sqlalchemy\util\langhelpers.py:146: in __exit__
    raise exc_value.with_traceback(exc_tb)
.venv\Lib\site-packages\sqlalchemy\pool\base.py:896: in __connect
    self.dbapi_connection = connection = pool._invoke_creator(self)
                                         ^^^^^^^^^^^^^^^^^^^^^^^^^^
.venv\Lib\site-packages\sqlalchemy\engine\create.py:643: in connect
    return dialect.connect(*cargs, **cparams)
           ^^^^^^^^^^^^^^^^^^^^^^^^^^^^^^^^^^
.venv\Lib\site-packages\sqlalchemy\engine\default.py:621: in connect
    return self.loaded_dbapi.connect(*cargs, **cparams)
           ^^^^^^^^^^^^^^^^^^^^^^^^^^^^^^^^^^^^^^^^^^^^
E   sqlalchemy.exc.OperationalError: (sqlite3.OperationalError) unable to open database file
E   (Background on this error at: https://sqlalche.me/e/20/e3q8)
_________ ERROR at setup of TestGithubUsername.test_extracts_username _________
.venv\Lib\site-packages\sqlalchemy\engine\base.py:146: in __init__
    self._dbapi_connection = engine.raw_connection()
                             ^^^^^^^^^^^^^^^^^^^^^^^
.venv\Lib\site-packages\sqlalchemy\engine\base.py:3302: in raw_connection
    return self.pool.connect()
           ^^^^^^^^^^^^^^^^^^^
.venv\Lib\site-packages\sqlalchemy\pool\base.py:449: in connect
    return _ConnectionFairy._checkout(self)
           ^^^^^^^^^^^^^^^^^^^^^^^^^^^^^^^^
.venv\Lib\site-packages\sqlalchemy\pool\base.py:1263: in _checkout
    fairy = _ConnectionRecord.checkout(pool)
            ^^^^^^^^^^^^^^^^^^^^^^^^^^^^^^^^
.venv\Lib\site-packages\sqlalchemy\pool\base.py:712: in checkout
    rec = pool._do_get()
          ^^^^^^^^^^^^^^
.venv\Lib\site-packages\sqlalchemy\pool\impl.py:179: in _do_get
    with util.safe_reraise():
         ^^^^^^^^^^^^^^^^^^^
.venv\Lib\site-packages\sqlalchemy\util\langhelpers.py:146: in __exit__
    raise exc_value.with_traceback(exc_tb)
.venv\Lib\site-packages\sqlalchemy\pool\impl.py:177: in _do_get
    return self._create_connection()
           ^^^^^^^^^^^^^^^^^^^^^^^^^
.venv\Lib\site-packages\sqlalchemy\pool\base.py:390: in _create_connection
    return _ConnectionRecord(self)
           ^^^^^^^^^^^^^^^^^^^^^^^
.venv\Lib\site-packages\sqlalchemy\pool\base.py:674: in __init__
    self.__connect()
.venv\Lib\site-packages\sqlalchemy\pool\base.py:900: in __connect
    with util.safe_reraise():
         ^^^^^^^^^^^^^^^^^^^
.venv\Lib\site-packages\sqlalchemy\util\langhelpers.py:146: in __exit__
    raise exc_value.with_traceback(exc_tb)
.venv\Lib\site-packages\sqlalchemy\pool\base.py:896: in __connect
    self.dbapi_connection = connection = pool._invoke_creator(self)
                                         ^^^^^^^^^^^^^^^^^^^^^^^^^^
.venv\Lib\site-packages\sqlalchemy\engine\create.py:643: in connect
    return dialect.connect(*cargs, **cparams)
           ^^^^^^^^^^^^^^^^^^^^^^^^^^^^^^^^^^
.venv\Lib\site-packages\sqlalchemy\engine\default.py:621: in connect
    return self.loaded_dbapi.connect(*cargs, **cparams)
           ^^^^^^^^^^^^^^^^^^^^^^^^^^^^^^^^^^^^^^^^^^^^
E   sqlite3.OperationalError: unable to open database file

The above exception was the direct cause of the following exception:
..\tests\conftest.py:33: in setup_db
    Base.metadata.create_all(bind=test_engine)
.venv\Lib\site-packages\sqlalchemy\sql\schema.py:5868: in create_all
    bind._run_ddl_visitor(
.venv\Lib\site-packages\sqlalchemy\engine\base.py:3252: in _run_ddl_visitor
    with self.begin() as conn:
         ^^^^^^^^^^^^
C:\Program Files\WindowsApps\PythonSoftwareFoundation.Python.3.13_3.13.3312.0_x64__qbz5n2kfra8p0\Lib\contextlib.py:141: in __enter__
    return next(self.gen)
           ^^^^^^^^^^^^^^
.venv\Lib\site-packages\sqlalchemy\engine\base.py:3242: in begin
    with self.connect() as conn:
         ^^^^^^^^^^^^^^
.venv\Lib\site-packages\sqlalchemy\engine\base.py:3278: in connect
    return self._connection_cls(self)
           ^^^^^^^^^^^^^^^^^^^^^^^^^^
.venv\Lib\site-packages\sqlalchemy\engine\base.py:148: in __init__
    Connection._handle_dbapi_exception_noconnection(
.venv\Lib\site-packages\sqlalchemy\engine\base.py:2442: in _handle_dbapi_exception_noconnection
    raise sqlalchemy_exception.with_traceback(exc_info[2]) from e
.venv\Lib\site-packages\sqlalchemy\engine\base.py:146: in __init__
    self._dbapi_connection = engine.raw_connection()
                             ^^^^^^^^^^^^^^^^^^^^^^^
.venv\Lib\site-packages\sqlalchemy\engine\base.py:3302: in raw_connection
    return self.pool.connect()
           ^^^^^^^^^^^^^^^^^^^
.venv\Lib\site-packages\sqlalchemy\pool\base.py:449: in connect
    return _ConnectionFairy._checkout(self)
           ^^^^^^^^^^^^^^^^^^^^^^^^^^^^^^^^
.venv\Lib\site-packages\sqlalchemy\pool\base.py:1263: in _checkout
    fairy = _ConnectionRecord.checkout(pool)
            ^^^^^^^^^^^^^^^^^^^^^^^^^^^^^^^^
.venv\Lib\site-packages\sqlalchemy\pool\base.py:712: in checkout
    rec = pool._do_get()
          ^^^^^^^^^^^^^^
.venv\Lib\site-packages\sqlalchemy\pool\impl.py:179: in _do_get
    with util.safe_reraise():
         ^^^^^^^^^^^^^^^^^^^
.venv\Lib\site-packages\sqlalchemy\util\langhelpers.py:146: in __exit__
    raise exc_value.with_traceback(exc_tb)
.venv\Lib\site-packages\sqlalchemy\pool\impl.py:177: in _do_get
    return self._create_connection()
           ^^^^^^^^^^^^^^^^^^^^^^^^^
.venv\Lib\site-packages\sqlalchemy\pool\base.py:390: in _create_connection
    return _ConnectionRecord(self)
           ^^^^^^^^^^^^^^^^^^^^^^^
.venv\Lib\site-packages\sqlalchemy\pool\base.py:674: in __init__
    self.__connect()
.venv\Lib\site-packages\sqlalchemy\pool\base.py:900: in __connect
    with util.safe_reraise():
         ^^^^^^^^^^^^^^^^^^^
.venv\Lib\site-packages\sqlalchemy\util\langhelpers.py:146: in __exit__
    raise exc_value.with_traceback(exc_tb)
.venv\Lib\site-packages\sqlalchemy\pool\base.py:896: in __connect
    self.dbapi_connection = connection = pool._invoke_creator(self)
                                         ^^^^^^^^^^^^^^^^^^^^^^^^^^
.venv\Lib\site-packages\sqlalchemy\engine\create.py:643: in connect
    return dialect.connect(*cargs, **cparams)
           ^^^^^^^^^^^^^^^^^^^^^^^^^^^^^^^^^^
.venv\Lib\site-packages\sqlalchemy\engine\default.py:621: in connect
    return self.loaded_dbapi.connect(*cargs, **cparams)
           ^^^^^^^^^^^^^^^^^^^^^^^^^^^^^^^^^^^^^^^^^^^^
E   sqlalchemy.exc.OperationalError: (sqlite3.OperationalError) unable to open database file
E   (Background on this error at: https://sqlalche.me/e/20/e3q8)
______ ERROR at setup of TestGithubUsername.test_extracts_from_repo_url _______
.venv\Lib\site-packages\sqlalchemy\engine\base.py:146: in __init__
    self._dbapi_connection = engine.raw_connection()
                             ^^^^^^^^^^^^^^^^^^^^^^^
.venv\Lib\site-packages\sqlalchemy\engine\base.py:3302: in raw_connection
    return self.pool.connect()
           ^^^^^^^^^^^^^^^^^^^
.venv\Lib\site-packages\sqlalchemy\pool\base.py:449: in connect
    return _ConnectionFairy._checkout(self)
           ^^^^^^^^^^^^^^^^^^^^^^^^^^^^^^^^
.venv\Lib\site-packages\sqlalchemy\pool\base.py:1263: in _checkout
    fairy = _ConnectionRecord.checkout(pool)
            ^^^^^^^^^^^^^^^^^^^^^^^^^^^^^^^^
.venv\Lib\site-packages\sqlalchemy\pool\base.py:712: in checkout
    rec = pool._do_get()
          ^^^^^^^^^^^^^^
.venv\Lib\site-packages\sqlalchemy\pool\impl.py:179: in _do_get
    with util.safe_reraise():
         ^^^^^^^^^^^^^^^^^^^
.venv\Lib\site-packages\sqlalchemy\util\langhelpers.py:146: in __exit__
    raise exc_value.with_traceback(exc_tb)
.venv\Lib\site-packages\sqlalchemy\pool\impl.py:177: in _do_get
    return self._create_connection()
           ^^^^^^^^^^^^^^^^^^^^^^^^^
.venv\Lib\site-packages\sqlalchemy\pool\base.py:390: in _create_connection
    return _ConnectionRecord(self)
           ^^^^^^^^^^^^^^^^^^^^^^^
.venv\Lib\site-packages\sqlalchemy\pool\base.py:674: in __init__
    self.__connect()
.venv\Lib\site-packages\sqlalchemy\pool\base.py:900: in __connect
    with util.safe_reraise():
         ^^^^^^^^^^^^^^^^^^^
.venv\Lib\site-packages\sqlalchemy\util\langhelpers.py:146: in __exit__
    raise exc_value.with_traceback(exc_tb)
.venv\Lib\site-packages\sqlalchemy\pool\base.py:896: in __connect
    self.dbapi_connection = connection = pool._invoke_creator(self)
                                         ^^^^^^^^^^^^^^^^^^^^^^^^^^
.venv\Lib\site-packages\sqlalchemy\engine\create.py:643: in connect
    return dialect.connect(*cargs, **cparams)
           ^^^^^^^^^^^^^^^^^^^^^^^^^^^^^^^^^^
.venv\Lib\site-packages\sqlalchemy\engine\default.py:621: in connect
    return self.loaded_dbapi.connect(*cargs, **cparams)
           ^^^^^^^^^^^^^^^^^^^^^^^^^^^^^^^^^^^^^^^^^^^^
E   sqlite3.OperationalError: unable to open database file

The above exception was the direct cause of the following exception:
..\tests\conftest.py:33: in setup_db
    Base.metadata.create_all(bind=test_engine)
.venv\Lib\site-packages\sqlalchemy\sql\schema.py:5868: in create_all
    bind._run_ddl_visitor(
.venv\Lib\site-packages\sqlalchemy\engine\base.py:3252: in _run_ddl_visitor
    with self.begin() as conn:
         ^^^^^^^^^^^^
C:\Program Files\WindowsApps\PythonSoftwareFoundation.Python.3.13_3.13.3312.0_x64__qbz5n2kfra8p0\Lib\contextlib.py:141: in __enter__
    return next(self.gen)
           ^^^^^^^^^^^^^^
.venv\Lib\site-packages\sqlalchemy\engine\base.py:3242: in begin
    with self.connect() as conn:
         ^^^^^^^^^^^^^^
.venv\Lib\site-packages\sqlalchemy\engine\base.py:3278: in connect
    return self._connection_cls(self)
           ^^^^^^^^^^^^^^^^^^^^^^^^^^
.venv\Lib\site-packages\sqlalchemy\engine\base.py:148: in __init__
    Connection._handle_dbapi_exception_noconnection(
.venv\Lib\site-packages\sqlalchemy\engine\base.py:2442: in _handle_dbapi_exception_noconnection
    raise sqlalchemy_exception.with_traceback(exc_info[2]) from e
.venv\Lib\site-packages\sqlalchemy\engine\base.py:146: in __init__
    self._dbapi_connection = engine.raw_connection()
                             ^^^^^^^^^^^^^^^^^^^^^^^
.venv\Lib\site-packages\sqlalchemy\engine\base.py:3302: in raw_connection
    return self.pool.connect()
           ^^^^^^^^^^^^^^^^^^^
.venv\Lib\site-packages\sqlalchemy\pool\base.py:449: in connect
    return _ConnectionFairy._checkout(self)
           ^^^^^^^^^^^^^^^^^^^^^^^^^^^^^^^^
.venv\Lib\site-packages\sqlalchemy\pool\base.py:1263: in _checkout
    fairy = _ConnectionRecord.checkout(pool)
            ^^^^^^^^^^^^^^^^^^^^^^^^^^^^^^^^
.venv\Lib\site-packages\sqlalchemy\pool\base.py:712: in checkout
    rec = pool._do_get()
          ^^^^^^^^^^^^^^
.venv\Lib\site-packages\sqlalchemy\pool\impl.py:179: in _do_get
    with util.safe_reraise():
         ^^^^^^^^^^^^^^^^^^^
.venv\Lib\site-packages\sqlalchemy\util\langhelpers.py:146: in __exit__
    raise exc_value.with_traceback(exc_tb)
.venv\Lib\site-packages\sqlalchemy\pool\impl.py:177: in _do_get
    return self._create_connection()
           ^^^^^^^^^^^^^^^^^^^^^^^^^
.venv\Lib\site-packages\sqlalchemy\pool\base.py:390: in _create_connection
    return _ConnectionRecord(self)
           ^^^^^^^^^^^^^^^^^^^^^^^
.venv\Lib\site-packages\sqlalchemy\pool\base.py:674: in __init__
    self.__connect()
.venv\Lib\site-packages\sqlalchemy\pool\base.py:900: in __connect
    with util.safe_reraise():
         ^^^^^^^^^^^^^^^^^^^
.venv\Lib\site-packages\sqlalchemy\util\langhelpers.py:146: in __exit__
    raise exc_value.with_traceback(exc_tb)
.venv\Lib\site-packages\sqlalchemy\pool\base.py:896: in __connect
    self.dbapi_connection = connection = pool._invoke_creator(self)
                                         ^^^^^^^^^^^^^^^^^^^^^^^^^^
.venv\Lib\site-packages\sqlalchemy\engine\create.py:643: in connect
    return dialect.connect(*cargs, **cparams)
           ^^^^^^^^^^^^^^^^^^^^^^^^^^^^^^^^^^
.venv\Lib\site-packages\sqlalchemy\engine\default.py:621: in connect
    return self.loaded_dbapi.connect(*cargs, **cparams)
           ^^^^^^^^^^^^^^^^^^^^^^^^^^^^^^^^^^^^^^^^^^^^
E   sqlalchemy.exc.OperationalError: (sqlite3.OperationalError) unable to open database file
E   (Background on this error at: https://sqlalche.me/e/20/e3q8)
___________ ERROR at setup of TestGithubUsername.test_handles_none ____________
.venv\Lib\site-packages\sqlalchemy\engine\base.py:146: in __init__
    self._dbapi_connection = engine.raw_connection()
                             ^^^^^^^^^^^^^^^^^^^^^^^
.venv\Lib\site-packages\sqlalchemy\engine\base.py:3302: in raw_connection
    return self.pool.connect()
           ^^^^^^^^^^^^^^^^^^^
.venv\Lib\site-packages\sqlalchemy\pool\base.py:449: in connect
    return _ConnectionFairy._checkout(self)
           ^^^^^^^^^^^^^^^^^^^^^^^^^^^^^^^^
.venv\Lib\site-packages\sqlalchemy\pool\base.py:1263: in _checkout
    fairy = _ConnectionRecord.checkout(pool)
            ^^^^^^^^^^^^^^^^^^^^^^^^^^^^^^^^
.venv\Lib\site-packages\sqlalchemy\pool\base.py:712: in checkout
    rec = pool._do_get()
          ^^^^^^^^^^^^^^
.venv\Lib\site-packages\sqlalchemy\pool\impl.py:179: in _do_get
    with util.safe_reraise():
         ^^^^^^^^^^^^^^^^^^^
.venv\Lib\site-packages\sqlalchemy\util\langhelpers.py:146: in __exit__
    raise exc_value.with_traceback(exc_tb)
.venv\Lib\site-packages\sqlalchemy\pool\impl.py:177: in _do_get
    return self._create_connection()
           ^^^^^^^^^^^^^^^^^^^^^^^^^
.venv\Lib\site-packages\sqlalchemy\pool\base.py:390: in _create_connection
    return _ConnectionRecord(self)
           ^^^^^^^^^^^^^^^^^^^^^^^
.venv\Lib\site-packages\sqlalchemy\pool\base.py:674: in __init__
    self.__connect()
.venv\Lib\site-packages\sqlalchemy\pool\base.py:900: in __connect
    with util.safe_reraise():
         ^^^^^^^^^^^^^^^^^^^
.venv\Lib\site-packages\sqlalchemy\util\langhelpers.py:146: in __exit__
    raise exc_value.with_traceback(exc_tb)
.venv\Lib\site-packages\sqlalchemy\pool\base.py:896: in __connect
    self.dbapi_connection = connection = pool._invoke_creator(self)
                                         ^^^^^^^^^^^^^^^^^^^^^^^^^^
.venv\Lib\site-packages\sqlalchemy\engine\create.py:643: in connect
    return dialect.connect(*cargs, **cparams)
           ^^^^^^^^^^^^^^^^^^^^^^^^^^^^^^^^^^
.venv\Lib\site-packages\sqlalchemy\engine\default.py:621: in connect
    return self.loaded_dbapi.connect(*cargs, **cparams)
           ^^^^^^^^^^^^^^^^^^^^^^^^^^^^^^^^^^^^^^^^^^^^
E   sqlite3.OperationalError: unable to open database file

The above exception was the direct cause of the following exception:
..\tests\conftest.py:33: in setup_db
    Base.metadata.create_all(bind=test_engine)
.venv\Lib\site-packages\sqlalchemy\sql\schema.py:5868: in create_all
    bind._run_ddl_visitor(
.venv\Lib\site-packages\sqlalchemy\engine\base.py:3252: in _run_ddl_visitor
    with self.begin() as conn:
         ^^^^^^^^^^^^
C:\Program Files\WindowsApps\PythonSoftwareFoundation.Python.3.13_3.13.3312.0_x64__qbz5n2kfra8p0\Lib\contextlib.py:141: in __enter__
    return next(self.gen)
           ^^^^^^^^^^^^^^
.venv\Lib\site-packages\sqlalchemy\engine\base.py:3242: in begin
    with self.connect() as conn:
         ^^^^^^^^^^^^^^
.venv\Lib\site-packages\sqlalchemy\engine\base.py:3278: in connect
    return self._connection_cls(self)
           ^^^^^^^^^^^^^^^^^^^^^^^^^^
.venv\Lib\site-packages\sqlalchemy\engine\base.py:148: in __init__
    Connection._handle_dbapi_exception_noconnection(
.venv\Lib\site-packages\sqlalchemy\engine\base.py:2442: in _handle_dbapi_exception_noconnection
    raise sqlalchemy_exception.with_traceback(exc_info[2]) from e
.venv\Lib\site-packages\sqlalchemy\engine\base.py:146: in __init__
    self._dbapi_connection = engine.raw_connection()
                             ^^^^^^^^^^^^^^^^^^^^^^^
.venv\Lib\site-packages\sqlalchemy\engine\base.py:3302: in raw_connection
    return self.pool.connect()
           ^^^^^^^^^^^^^^^^^^^
.venv\Lib\site-packages\sqlalchemy\pool\base.py:449: in connect
    return _ConnectionFairy._checkout(self)
           ^^^^^^^^^^^^^^^^^^^^^^^^^^^^^^^^
.venv\Lib\site-packages\sqlalchemy\pool\base.py:1263: in _checkout
    fairy = _ConnectionRecord.checkout(pool)
            ^^^^^^^^^^^^^^^^^^^^^^^^^^^^^^^^
.venv\Lib\site-packages\sqlalchemy\pool\base.py:712: in checkout
    rec = pool._do_get()
          ^^^^^^^^^^^^^^
.venv\Lib\site-packages\sqlalchemy\pool\impl.py:179: in _do_get
    with util.safe_reraise():
         ^^^^^^^^^^^^^^^^^^^
.venv\Lib\site-packages\sqlalchemy\util\langhelpers.py:146: in __exit__
    raise exc_value.with_traceback(exc_tb)
.venv\Lib\site-packages\sqlalchemy\pool\impl.py:177: in _do_get
    return self._create_connection()
           ^^^^^^^^^^^^^^^^^^^^^^^^^
.venv\Lib\site-packages\sqlalchemy\pool\base.py:390: in _create_connection
    return _ConnectionRecord(self)
           ^^^^^^^^^^^^^^^^^^^^^^^
.venv\Lib\site-packages\sqlalchemy\pool\base.py:674: in __init__
    self.__connect()
.venv\Lib\site-packages\sqlalchemy\pool\base.py:900: in __connect
    with util.safe_reraise():
         ^^^^^^^^^^^^^^^^^^^
.venv\Lib\site-packages\sqlalchemy\util\langhelpers.py:146: in __exit__
    raise exc_value.with_traceback(exc_tb)
.venv\Lib\site-packages\sqlalchemy\pool\base.py:896: in __connect
    self.dbapi_connection = connection = pool._invoke_creator(self)
                                         ^^^^^^^^^^^^^^^^^^^^^^^^^^
.venv\Lib\site-packages\sqlalchemy\engine\create.py:643: in connect
    return dialect.connect(*cargs, **cparams)
           ^^^^^^^^^^^^^^^^^^^^^^^^^^^^^^^^^^
.venv\Lib\site-packages\sqlalchemy\engine\default.py:621: in connect
    return self.loaded_dbapi.connect(*cargs, **cparams)
           ^^^^^^^^^^^^^^^^^^^^^^^^^^^^^^^^^^^^^^^^^^^^
E   sqlalchemy.exc.OperationalError: (sqlite3.OperationalError) unable to open database file
E   (Background on this error at: https://sqlalche.me/e/20/e3q8)
___________ ERROR at setup of TestGithubUsername.test_handles_empty ___________
.venv\Lib\site-packages\sqlalchemy\engine\base.py:146: in __init__
    self._dbapi_connection = engine.raw_connection()
                             ^^^^^^^^^^^^^^^^^^^^^^^
.venv\Lib\site-packages\sqlalchemy\engine\base.py:3302: in raw_connection
    return self.pool.connect()
           ^^^^^^^^^^^^^^^^^^^
.venv\Lib\site-packages\sqlalchemy\pool\base.py:449: in connect
    return _ConnectionFairy._checkout(self)
           ^^^^^^^^^^^^^^^^^^^^^^^^^^^^^^^^
.venv\Lib\site-packages\sqlalchemy\pool\base.py:1263: in _checkout
    fairy = _ConnectionRecord.checkout(pool)
            ^^^^^^^^^^^^^^^^^^^^^^^^^^^^^^^^
.venv\Lib\site-packages\sqlalchemy\pool\base.py:712: in checkout
    rec = pool._do_get()
          ^^^^^^^^^^^^^^
.venv\Lib\site-packages\sqlalchemy\pool\impl.py:179: in _do_get
    with util.safe_reraise():
         ^^^^^^^^^^^^^^^^^^^
.venv\Lib\site-packages\sqlalchemy\util\langhelpers.py:146: in __exit__
    raise exc_value.with_traceback(exc_tb)
.venv\Lib\site-packages\sqlalchemy\pool\impl.py:177: in _do_get
    return self._create_connection()
           ^^^^^^^^^^^^^^^^^^^^^^^^^
.venv\Lib\site-packages\sqlalchemy\pool\base.py:390: in _create_connection
    return _ConnectionRecord(self)
           ^^^^^^^^^^^^^^^^^^^^^^^
.venv\Lib\site-packages\sqlalchemy\pool\base.py:674: in __init__
    self.__connect()
.venv\Lib\site-packages\sqlalchemy\pool\base.py:900: in __connect
    with util.safe_reraise():
         ^^^^^^^^^^^^^^^^^^^
.venv\Lib\site-packages\sqlalchemy\util\langhelpers.py:146: in __exit__
    raise exc_value.with_traceback(exc_tb)
.venv\Lib\site-packages\sqlalchemy\pool\base.py:896: in __connect
    self.dbapi_connection = connection = pool._invoke_creator(self)
                                         ^^^^^^^^^^^^^^^^^^^^^^^^^^
.venv\Lib\site-packages\sqlalchemy\engine\create.py:643: in connect
    return dialect.connect(*cargs, **cparams)
           ^^^^^^^^^^^^^^^^^^^^^^^^^^^^^^^^^^
.venv\Lib\site-packages\sqlalchemy\engine\default.py:621: in connect
    return self.loaded_dbapi.connect(*cargs, **cparams)
           ^^^^^^^^^^^^^^^^^^^^^^^^^^^^^^^^^^^^^^^^^^^^
E   sqlite3.OperationalError: unable to open database file

The above exception was the direct cause of the following exception:
..\tests\conftest.py:33: in setup_db
    Base.metadata.create_all(bind=test_engine)
.venv\Lib\site-packages\sqlalchemy\sql\schema.py:5868: in create_all
    bind._run_ddl_visitor(
.venv\Lib\site-packages\sqlalchemy\engine\base.py:3252: in _run_ddl_visitor
    with self.begin() as conn:
         ^^^^^^^^^^^^
C:\Program Files\WindowsApps\PythonSoftwareFoundation.Python.3.13_3.13.3312.0_x64__qbz5n2kfra8p0\Lib\contextlib.py:141: in __enter__
    return next(self.gen)
           ^^^^^^^^^^^^^^
.venv\Lib\site-packages\sqlalchemy\engine\base.py:3242: in begin
    with self.connect() as conn:
         ^^^^^^^^^^^^^^
.venv\Lib\site-packages\sqlalchemy\engine\base.py:3278: in connect
    return self._connection_cls(self)
           ^^^^^^^^^^^^^^^^^^^^^^^^^^
.venv\Lib\site-packages\sqlalchemy\engine\base.py:148: in __init__
    Connection._handle_dbapi_exception_noconnection(
.venv\Lib\site-packages\sqlalchemy\engine\base.py:2442: in _handle_dbapi_exception_noconnection
    raise sqlalchemy_exception.with_traceback(exc_info[2]) from e
.venv\Lib\site-packages\sqlalchemy\engine\base.py:146: in __init__
    self._dbapi_connection = engine.raw_connection()
                             ^^^^^^^^^^^^^^^^^^^^^^^
.venv\Lib\site-packages\sqlalchemy\engine\base.py:3302: in raw_connection
    return self.pool.connect()
           ^^^^^^^^^^^^^^^^^^^
.venv\Lib\site-packages\sqlalchemy\pool\base.py:449: in connect
    return _ConnectionFairy._checkout(self)
           ^^^^^^^^^^^^^^^^^^^^^^^^^^^^^^^^
.venv\Lib\site-packages\sqlalchemy\pool\base.py:1263: in _checkout
    fairy = _ConnectionRecord.checkout(pool)
            ^^^^^^^^^^^^^^^^^^^^^^^^^^^^^^^^
.venv\Lib\site-packages\sqlalchemy\pool\base.py:712: in checkout
    rec = pool._do_get()
          ^^^^^^^^^^^^^^
.venv\Lib\site-packages\sqlalchemy\pool\impl.py:179: in _do_get
    with util.safe_reraise():
         ^^^^^^^^^^^^^^^^^^^
.venv\Lib\site-packages\sqlalchemy\util\langhelpers.py:146: in __exit__
    raise exc_value.with_traceback(exc_tb)
.venv\Lib\site-packages\sqlalchemy\pool\impl.py:177: in _do_get
    return self._create_connection()
           ^^^^^^^^^^^^^^^^^^^^^^^^^
.venv\Lib\site-packages\sqlalchemy\pool\base.py:390: in _create_connection
    return _ConnectionRecord(self)
           ^^^^^^^^^^^^^^^^^^^^^^^
.venv\Lib\site-packages\sqlalchemy\pool\base.py:674: in __init__
    self.__connect()
.venv\Lib\site-packages\sqlalchemy\pool\base.py:900: in __connect
    with util.safe_reraise():
         ^^^^^^^^^^^^^^^^^^^
.venv\Lib\site-packages\sqlalchemy\util\langhelpers.py:146: in __exit__
    raise exc_value.with_traceback(exc_tb)
.venv\Lib\site-packages\sqlalchemy\pool\base.py:896: in __connect
    self.dbapi_connection = connection = pool._invoke_creator(self)
                                         ^^^^^^^^^^^^^^^^^^^^^^^^^^
.venv\Lib\site-packages\sqlalchemy\engine\create.py:643: in connect
    return dialect.connect(*cargs, **cparams)
           ^^^^^^^^^^^^^^^^^^^^^^^^^^^^^^^^^^
.venv\Lib\site-packages\sqlalchemy\engine\default.py:621: in connect
    return self.loaded_dbapi.connect(*cargs, **cparams)
           ^^^^^^^^^^^^^^^^^^^^^^^^^^^^^^^^^^^^^^^^^^^^
E   sqlalchemy.exc.OperationalError: (sqlite3.OperationalError) unable to open database file
E   (Background on this error at: https://sqlalche.me/e/20/e3q8)
________ ERROR at setup of TestGithubUsername.test_handles_non_github _________
.venv\Lib\site-packages\sqlalchemy\engine\base.py:146: in __init__
    self._dbapi_connection = engine.raw_connection()
                             ^^^^^^^^^^^^^^^^^^^^^^^
.venv\Lib\site-packages\sqlalchemy\engine\base.py:3302: in raw_connection
    return self.pool.connect()
           ^^^^^^^^^^^^^^^^^^^
.venv\Lib\site-packages\sqlalchemy\pool\base.py:449: in connect
    return _ConnectionFairy._checkout(self)
           ^^^^^^^^^^^^^^^^^^^^^^^^^^^^^^^^
.venv\Lib\site-packages\sqlalchemy\pool\base.py:1263: in _checkout
    fairy = _ConnectionRecord.checkout(pool)
            ^^^^^^^^^^^^^^^^^^^^^^^^^^^^^^^^
.venv\Lib\site-packages\sqlalchemy\pool\base.py:712: in checkout
    rec = pool._do_get()
          ^^^^^^^^^^^^^^
.venv\Lib\site-packages\sqlalchemy\pool\impl.py:179: in _do_get
    with util.safe_reraise():
         ^^^^^^^^^^^^^^^^^^^
.venv\Lib\site-packages\sqlalchemy\util\langhelpers.py:146: in __exit__
    raise exc_value.with_traceback(exc_tb)
.venv\Lib\site-packages\sqlalchemy\pool\impl.py:177: in _do_get
    return self._create_connection()
           ^^^^^^^^^^^^^^^^^^^^^^^^^
.venv\Lib\site-packages\sqlalchemy\pool\base.py:390: in _create_connection
    return _ConnectionRecord(self)
           ^^^^^^^^^^^^^^^^^^^^^^^
.venv\Lib\site-packages\sqlalchemy\pool\base.py:674: in __init__
    self.__connect()
.venv\Lib\site-packages\sqlalchemy\pool\base.py:900: in __connect
    with util.safe_reraise():
         ^^^^^^^^^^^^^^^^^^^
.venv\Lib\site-packages\sqlalchemy\util\langhelpers.py:146: in __exit__
    raise exc_value.with_traceback(exc_tb)
.venv\Lib\site-packages\sqlalchemy\pool\base.py:896: in __connect
    self.dbapi_connection = connection = pool._invoke_creator(self)
                                         ^^^^^^^^^^^^^^^^^^^^^^^^^^
.venv\Lib\site-packages\sqlalchemy\engine\create.py:643: in connect
    return dialect.connect(*cargs, **cparams)
           ^^^^^^^^^^^^^^^^^^^^^^^^^^^^^^^^^^
.venv\Lib\site-packages\sqlalchemy\engine\default.py:621: in connect
    return self.loaded_dbapi.connect(*cargs, **cparams)
           ^^^^^^^^^^^^^^^^^^^^^^^^^^^^^^^^^^^^^^^^^^^^
E   sqlite3.OperationalError: unable to open database file

The above exception was the direct cause of the following exception:
..\tests\conftest.py:33: in setup_db
    Base.metadata.create_all(bind=test_engine)
.venv\Lib\site-packages\sqlalchemy\sql\schema.py:5868: in create_all
    bind._run_ddl_visitor(
.venv\Lib\site-packages\sqlalchemy\engine\base.py:3252: in _run_ddl_visitor
    with self.begin() as conn:
         ^^^^^^^^^^^^
C:\Program Files\WindowsApps\PythonSoftwareFoundation.Python.3.13_3.13.3312.0_x64__qbz5n2kfra8p0\Lib\contextlib.py:141: in __enter__
    return next(self.gen)
           ^^^^^^^^^^^^^^
.venv\Lib\site-packages\sqlalchemy\engine\base.py:3242: in begin
    with self.connect() as conn:
         ^^^^^^^^^^^^^^
.venv\Lib\site-packages\sqlalchemy\engine\base.py:3278: in connect
    return self._connection_cls(self)
           ^^^^^^^^^^^^^^^^^^^^^^^^^^
.venv\Lib\site-packages\sqlalchemy\engine\base.py:148: in __init__
    Connection._handle_dbapi_exception_noconnection(
.venv\Lib\site-packages\sqlalchemy\engine\base.py:2442: in _handle_dbapi_exception_noconnection
    raise sqlalchemy_exception.with_traceback(exc_info[2]) from e
.venv\Lib\site-packages\sqlalchemy\engine\base.py:146: in __init__
    self._dbapi_connection = engine.raw_connection()
                             ^^^^^^^^^^^^^^^^^^^^^^^
.venv\Lib\site-packages\sqlalchemy\engine\base.py:3302: in raw_connection
    return self.pool.connect()
           ^^^^^^^^^^^^^^^^^^^
.venv\Lib\site-packages\sqlalchemy\pool\base.py:449: in connect
    return _ConnectionFairy._checkout(self)
           ^^^^^^^^^^^^^^^^^^^^^^^^^^^^^^^^
.venv\Lib\site-packages\sqlalchemy\pool\base.py:1263: in _checkout
    fairy = _ConnectionRecord.checkout(pool)
            ^^^^^^^^^^^^^^^^^^^^^^^^^^^^^^^^
.venv\Lib\site-packages\sqlalchemy\pool\base.py:712: in checkout
    rec = pool._do_get()
          ^^^^^^^^^^^^^^
.venv\Lib\site-packages\sqlalchemy\pool\impl.py:179: in _do_get
    with util.safe_reraise():
         ^^^^^^^^^^^^^^^^^^^
.venv\Lib\site-packages\sqlalchemy\util\langhelpers.py:146: in __exit__
    raise exc_value.with_traceback(exc_tb)
.venv\Lib\site-packages\sqlalchemy\pool\impl.py:177: in _do_get
    return self._create_connection()
           ^^^^^^^^^^^^^^^^^^^^^^^^^
.venv\Lib\site-packages\sqlalchemy\pool\base.py:390: in _create_connection
    return _ConnectionRecord(self)
           ^^^^^^^^^^^^^^^^^^^^^^^
.venv\Lib\site-packages\sqlalchemy\pool\base.py:674: in __init__
    self.__connect()
.venv\Lib\site-packages\sqlalchemy\pool\base.py:900: in __connect
    with util.safe_reraise():
         ^^^^^^^^^^^^^^^^^^^
.venv\Lib\site-packages\sqlalchemy\util\langhelpers.py:146: in __exit__
    raise exc_value.with_traceback(exc_tb)
.venv\Lib\site-packages\sqlalchemy\pool\base.py:896: in __connect
    self.dbapi_connection = connection = pool._invoke_creator(self)
                                         ^^^^^^^^^^^^^^^^^^^^^^^^^^
.venv\Lib\site-packages\sqlalchemy\engine\create.py:643: in connect
    return dialect.connect(*cargs, **cparams)
           ^^^^^^^^^^^^^^^^^^^^^^^^^^^^^^^^^^
.venv\Lib\site-packages\sqlalchemy\engine\default.py:621: in connect
    return self.loaded_dbapi.connect(*cargs, **cparams)
           ^^^^^^^^^^^^^^^^^^^^^^^^^^^^^^^^^^^^^^^^^^^^
E   sqlalchemy.exc.OperationalError: (sqlite3.OperationalError) unable to open database file
E   (Background on this error at: https://sqlalche.me/e/20/e3q8)
________ ERROR at setup of TestExtractKeywords.test_extracts_keywords _________
.venv\Lib\site-packages\sqlalchemy\engine\base.py:146: in __init__
    self._dbapi_connection = engine.raw_connection()
                             ^^^^^^^^^^^^^^^^^^^^^^^
.venv\Lib\site-packages\sqlalchemy\engine\base.py:3302: in raw_connection
    return self.pool.connect()
           ^^^^^^^^^^^^^^^^^^^
.venv\Lib\site-packages\sqlalchemy\pool\base.py:449: in connect
    return _ConnectionFairy._checkout(self)
           ^^^^^^^^^^^^^^^^^^^^^^^^^^^^^^^^
.venv\Lib\site-packages\sqlalchemy\pool\base.py:1263: in _checkout
    fairy = _ConnectionRecord.checkout(pool)
            ^^^^^^^^^^^^^^^^^^^^^^^^^^^^^^^^
.venv\Lib\site-packages\sqlalchemy\pool\base.py:712: in checkout
    rec = pool._do_get()
          ^^^^^^^^^^^^^^
.venv\Lib\site-packages\sqlalchemy\pool\impl.py:179: in _do_get
    with util.safe_reraise():
         ^^^^^^^^^^^^^^^^^^^
.venv\Lib\site-packages\sqlalchemy\util\langhelpers.py:146: in __exit__
    raise exc_value.with_traceback(exc_tb)
.venv\Lib\site-packages\sqlalchemy\pool\impl.py:177: in _do_get
    return self._create_connection()
           ^^^^^^^^^^^^^^^^^^^^^^^^^
.venv\Lib\site-packages\sqlalchemy\pool\base.py:390: in _create_connection
    return _ConnectionRecord(self)
           ^^^^^^^^^^^^^^^^^^^^^^^
.venv\Lib\site-packages\sqlalchemy\pool\base.py:674: in __init__
    self.__connect()
.venv\Lib\site-packages\sqlalchemy\pool\base.py:900: in __connect
    with util.safe_reraise():
         ^^^^^^^^^^^^^^^^^^^
.venv\Lib\site-packages\sqlalchemy\util\langhelpers.py:146: in __exit__
    raise exc_value.with_traceback(exc_tb)
.venv\Lib\site-packages\sqlalchemy\pool\base.py:896: in __connect
    self.dbapi_connection = connection = pool._invoke_creator(self)
                                         ^^^^^^^^^^^^^^^^^^^^^^^^^^
.venv\Lib\site-packages\sqlalchemy\engine\create.py:643: in connect
    return dialect.connect(*cargs, **cparams)
           ^^^^^^^^^^^^^^^^^^^^^^^^^^^^^^^^^^
.venv\Lib\site-packages\sqlalchemy\engine\default.py:621: in connect
    return self.loaded_dbapi.connect(*cargs, **cparams)
           ^^^^^^^^^^^^^^^^^^^^^^^^^^^^^^^^^^^^^^^^^^^^
E   sqlite3.OperationalError: unable to open database file

The above exception was the direct cause of the following exception:
..\tests\conftest.py:33: in setup_db
    Base.metadata.create_all(bind=test_engine)
.venv\Lib\site-packages\sqlalchemy\sql\schema.py:5868: in create_all
    bind._run_ddl_visitor(
.venv\Lib\site-packages\sqlalchemy\engine\base.py:3252: in _run_ddl_visitor
    with self.begin() as conn:
         ^^^^^^^^^^^^
C:\Program Files\WindowsApps\PythonSoftwareFoundation.Python.3.13_3.13.3312.0_x64__qbz5n2kfra8p0\Lib\contextlib.py:141: in __enter__
    return next(self.gen)
           ^^^^^^^^^^^^^^
.venv\Lib\site-packages\sqlalchemy\engine\base.py:3242: in begin
    with self.connect() as conn:
         ^^^^^^^^^^^^^^
.venv\Lib\site-packages\sqlalchemy\engine\base.py:3278: in connect
    return self._connection_cls(self)
           ^^^^^^^^^^^^^^^^^^^^^^^^^^
.venv\Lib\site-packages\sqlalchemy\engine\base.py:148: in __init__
    Connection._handle_dbapi_exception_noconnection(
.venv\Lib\site-packages\sqlalchemy\engine\base.py:2442: in _handle_dbapi_exception_noconnection
    raise sqlalchemy_exception.with_traceback(exc_info[2]) from e
.venv\Lib\site-packages\sqlalchemy\engine\base.py:146: in __init__
    self._dbapi_connection = engine.raw_connection()
                             ^^^^^^^^^^^^^^^^^^^^^^^
.venv\Lib\site-packages\sqlalchemy\engine\base.py:3302: in raw_connection
    return self.pool.connect()
           ^^^^^^^^^^^^^^^^^^^
.venv\Lib\site-packages\sqlalchemy\pool\base.py:449: in connect
    return _ConnectionFairy._checkout(self)
           ^^^^^^^^^^^^^^^^^^^^^^^^^^^^^^^^
.venv\Lib\site-packages\sqlalchemy\pool\base.py:1263: in _checkout
    fairy = _ConnectionRecord.checkout(pool)
            ^^^^^^^^^^^^^^^^^^^^^^^^^^^^^^^^
.venv\Lib\site-packages\sqlalchemy\pool\base.py:712: in checkout
    rec = pool._do_get()
          ^^^^^^^^^^^^^^
.venv\Lib\site-packages\sqlalchemy\pool\impl.py:179: in _do_get
    with util.safe_reraise():
         ^^^^^^^^^^^^^^^^^^^
.venv\Lib\site-packages\sqlalchemy\util\langhelpers.py:146: in __exit__
    raise exc_value.with_traceback(exc_tb)
.venv\Lib\site-packages\sqlalchemy\pool\impl.py:177: in _do_get
    return self._create_connection()
           ^^^^^^^^^^^^^^^^^^^^^^^^^
.venv\Lib\site-packages\sqlalchemy\pool\base.py:390: in _create_connection
    return _ConnectionRecord(self)
           ^^^^^^^^^^^^^^^^^^^^^^^
.venv\Lib\site-packages\sqlalchemy\pool\base.py:674: in __init__
    self.__connect()
.venv\Lib\site-packages\sqlalchemy\pool\base.py:900: in __connect
    with util.safe_reraise():
         ^^^^^^^^^^^^^^^^^^^
.venv\Lib\site-packages\sqlalchemy\util\langhelpers.py:146: in __exit__
    raise exc_value.with_traceback(exc_tb)
.venv\Lib\site-packages\sqlalchemy\pool\base.py:896: in __connect
    self.dbapi_connection = connection = pool._invoke_creator(self)
                                         ^^^^^^^^^^^^^^^^^^^^^^^^^^
.venv\Lib\site-packages\sqlalchemy\engine\create.py:643: in connect
    return dialect.connect(*cargs, **cparams)
           ^^^^^^^^^^^^^^^^^^^^^^^^^^^^^^^^^^
.venv\Lib\site-packages\sqlalchemy\engine\default.py:621: in connect
    return self.loaded_dbapi.connect(*cargs, **cparams)
           ^^^^^^^^^^^^^^^^^^^^^^^^^^^^^^^^^^^^^^^^^^^^
E   sqlalchemy.exc.OperationalError: (sqlite3.OperationalError) unable to open database file
E   (Background on this error at: https://sqlalche.me/e/20/e3q8)
________ ERROR at setup of TestExtractKeywords.test_filters_stop_words ________
.venv\Lib\site-packages\sqlalchemy\engine\base.py:146: in __init__
    self._dbapi_connection = engine.raw_connection()
                             ^^^^^^^^^^^^^^^^^^^^^^^
.venv\Lib\site-packages\sqlalchemy\engine\base.py:3302: in raw_connection
    return self.pool.connect()
           ^^^^^^^^^^^^^^^^^^^
.venv\Lib\site-packages\sqlalchemy\pool\base.py:449: in connect
    return _ConnectionFairy._checkout(self)
           ^^^^^^^^^^^^^^^^^^^^^^^^^^^^^^^^
.venv\Lib\site-packages\sqlalchemy\pool\base.py:1263: in _checkout
    fairy = _ConnectionRecord.checkout(pool)
            ^^^^^^^^^^^^^^^^^^^^^^^^^^^^^^^^
.venv\Lib\site-packages\sqlalchemy\pool\base.py:712: in checkout
    rec = pool._do_get()
          ^^^^^^^^^^^^^^
.venv\Lib\site-packages\sqlalchemy\pool\impl.py:179: in _do_get
    with util.safe_reraise():
         ^^^^^^^^^^^^^^^^^^^
.venv\Lib\site-packages\sqlalchemy\util\langhelpers.py:146: in __exit__
    raise exc_value.with_traceback(exc_tb)
.venv\Lib\site-packages\sqlalchemy\pool\impl.py:177: in _do_get
    return self._create_connection()
           ^^^^^^^^^^^^^^^^^^^^^^^^^
.venv\Lib\site-packages\sqlalchemy\pool\base.py:390: in _create_connection
    return _ConnectionRecord(self)
           ^^^^^^^^^^^^^^^^^^^^^^^
.venv\Lib\site-packages\sqlalchemy\pool\base.py:674: in __init__
    self.__connect()
.venv\Lib\site-packages\sqlalchemy\pool\base.py:900: in __connect
    with util.safe_reraise():
         ^^^^^^^^^^^^^^^^^^^
.venv\Lib\site-packages\sqlalchemy\util\langhelpers.py:146: in __exit__
    raise exc_value.with_traceback(exc_tb)
.venv\Lib\site-packages\sqlalchemy\pool\base.py:896: in __connect
    self.dbapi_connection = connection = pool._invoke_creator(self)
                                         ^^^^^^^^^^^^^^^^^^^^^^^^^^
.venv\Lib\site-packages\sqlalchemy\engine\create.py:643: in connect
    return dialect.connect(*cargs, **cparams)
           ^^^^^^^^^^^^^^^^^^^^^^^^^^^^^^^^^^
.venv\Lib\site-packages\sqlalchemy\engine\default.py:621: in connect
    return self.loaded_dbapi.connect(*cargs, **cparams)
           ^^^^^^^^^^^^^^^^^^^^^^^^^^^^^^^^^^^^^^^^^^^^
E   sqlite3.OperationalError: unable to open database file

The above exception was the direct cause of the following exception:
..\tests\conftest.py:33: in setup_db
    Base.metadata.create_all(bind=test_engine)
.venv\Lib\site-packages\sqlalchemy\sql\schema.py:5868: in create_all
    bind._run_ddl_visitor(
.venv\Lib\site-packages\sqlalchemy\engine\base.py:3252: in _run_ddl_visitor
    with self.begin() as conn:
         ^^^^^^^^^^^^
C:\Program Files\WindowsApps\PythonSoftwareFoundation.Python.3.13_3.13.3312.0_x64__qbz5n2kfra8p0\Lib\contextlib.py:141: in __enter__
    return next(self.gen)
           ^^^^^^^^^^^^^^
.venv\Lib\site-packages\sqlalchemy\engine\base.py:3242: in begin
    with self.connect() as conn:
         ^^^^^^^^^^^^^^
.venv\Lib\site-packages\sqlalchemy\engine\base.py:3278: in connect
    return self._connection_cls(self)
           ^^^^^^^^^^^^^^^^^^^^^^^^^^
.venv\Lib\site-packages\sqlalchemy\engine\base.py:148: in __init__
    Connection._handle_dbapi_exception_noconnection(
.venv\Lib\site-packages\sqlalchemy\engine\base.py:2442: in _handle_dbapi_exception_noconnection
    raise sqlalchemy_exception.with_traceback(exc_info[2]) from e
.venv\Lib\site-packages\sqlalchemy\engine\base.py:146: in __init__
    self._dbapi_connection = engine.raw_connection()
                             ^^^^^^^^^^^^^^^^^^^^^^^
.venv\Lib\site-packages\sqlalchemy\engine\base.py:3302: in raw_connection
    return self.pool.connect()
           ^^^^^^^^^^^^^^^^^^^
.venv\Lib\site-packages\sqlalchemy\pool\base.py:449: in connect
    return _ConnectionFairy._checkout(self)
           ^^^^^^^^^^^^^^^^^^^^^^^^^^^^^^^^
.venv\Lib\site-packages\sqlalchemy\pool\base.py:1263: in _checkout
    fairy = _ConnectionRecord.checkout(pool)
            ^^^^^^^^^^^^^^^^^^^^^^^^^^^^^^^^
.venv\Lib\site-packages\sqlalchemy\pool\base.py:712: in checkout
    rec = pool._do_get()
          ^^^^^^^^^^^^^^
.venv\Lib\site-packages\sqlalchemy\pool\impl.py:179: in _do_get
    with util.safe_reraise():
         ^^^^^^^^^^^^^^^^^^^
.venv\Lib\site-packages\sqlalchemy\util\langhelpers.py:146: in __exit__
    raise exc_value.with_traceback(exc_tb)
.venv\Lib\site-packages\sqlalchemy\pool\impl.py:177: in _do_get
    return self._create_connection()
           ^^^^^^^^^^^^^^^^^^^^^^^^^
.venv\Lib\site-packages\sqlalchemy\pool\base.py:390: in _create_connection
    return _ConnectionRecord(self)
           ^^^^^^^^^^^^^^^^^^^^^^^
.venv\Lib\site-packages\sqlalchemy\pool\base.py:674: in __init__
    self.__connect()
.venv\Lib\site-packages\sqlalchemy\pool\base.py:900: in __connect
    with util.safe_reraise():
         ^^^^^^^^^^^^^^^^^^^
.venv\Lib\site-packages\sqlalchemy\util\langhelpers.py:146: in __exit__
    raise exc_value.with_traceback(exc_tb)
.venv\Lib\site-packages\sqlalchemy\pool\base.py:896: in __connect
    self.dbapi_connection = connection = pool._invoke_creator(self)
                                         ^^^^^^^^^^^^^^^^^^^^^^^^^^
.venv\Lib\site-packages\sqlalchemy\engine\create.py:643: in connect
    return dialect.connect(*cargs, **cparams)
           ^^^^^^^^^^^^^^^^^^^^^^^^^^^^^^^^^^
.venv\Lib\site-packages\sqlalchemy\engine\default.py:621: in connect
    return self.loaded_dbapi.connect(*cargs, **cparams)
           ^^^^^^^^^^^^^^^^^^^^^^^^^^^^^^^^^^^^^^^^^^^^
E   sqlalchemy.exc.OperationalError: (sqlite3.OperationalError) unable to open database file
E   (Background on this error at: https://sqlalche.me/e/20/e3q8)
_____________ ERROR at setup of TestExtractKeywords.test_empty_jd _____________
.venv\Lib\site-packages\sqlalchemy\engine\base.py:146: in __init__
    self._dbapi_connection = engine.raw_connection()
                             ^^^^^^^^^^^^^^^^^^^^^^^
.venv\Lib\site-packages\sqlalchemy\engine\base.py:3302: in raw_connection
    return self.pool.connect()
           ^^^^^^^^^^^^^^^^^^^
.venv\Lib\site-packages\sqlalchemy\pool\base.py:449: in connect
    return _ConnectionFairy._checkout(self)
           ^^^^^^^^^^^^^^^^^^^^^^^^^^^^^^^^
.venv\Lib\site-packages\sqlalchemy\pool\base.py:1263: in _checkout
    fairy = _ConnectionRecord.checkout(pool)
            ^^^^^^^^^^^^^^^^^^^^^^^^^^^^^^^^
.venv\Lib\site-packages\sqlalchemy\pool\base.py:712: in checkout
    rec = pool._do_get()
          ^^^^^^^^^^^^^^
.venv\Lib\site-packages\sqlalchemy\pool\impl.py:179: in _do_get
    with util.safe_reraise():
         ^^^^^^^^^^^^^^^^^^^
.venv\Lib\site-packages\sqlalchemy\util\langhelpers.py:146: in __exit__
    raise exc_value.with_traceback(exc_tb)
.venv\Lib\site-packages\sqlalchemy\pool\impl.py:177: in _do_get
    return self._create_connection()
           ^^^^^^^^^^^^^^^^^^^^^^^^^
.venv\Lib\site-packages\sqlalchemy\pool\base.py:390: in _create_connection
    return _ConnectionRecord(self)
           ^^^^^^^^^^^^^^^^^^^^^^^
.venv\Lib\site-packages\sqlalchemy\pool\base.py:674: in __init__
    self.__connect()
.venv\Lib\site-packages\sqlalchemy\pool\base.py:900: in __connect
    with util.safe_reraise():
         ^^^^^^^^^^^^^^^^^^^
.venv\Lib\site-packages\sqlalchemy\util\langhelpers.py:146: in __exit__
    raise exc_value.with_traceback(exc_tb)
.venv\Lib\site-packages\sqlalchemy\pool\base.py:896: in __connect
    self.dbapi_connection = connection = pool._invoke_creator(self)
                                         ^^^^^^^^^^^^^^^^^^^^^^^^^^
.venv\Lib\site-packages\sqlalchemy\engine\create.py:643: in connect
    return dialect.connect(*cargs, **cparams)
           ^^^^^^^^^^^^^^^^^^^^^^^^^^^^^^^^^^
.venv\Lib\site-packages\sqlalchemy\engine\default.py:621: in connect
    return self.loaded_dbapi.connect(*cargs, **cparams)
           ^^^^^^^^^^^^^^^^^^^^^^^^^^^^^^^^^^^^^^^^^^^^
E   sqlite3.OperationalError: unable to open database file

The above exception was the direct cause of the following exception:
..\tests\conftest.py:33: in setup_db
    Base.metadata.create_all(bind=test_engine)
.venv\Lib\site-packages\sqlalchemy\sql\schema.py:5868: in create_all
    bind._run_ddl_visitor(
.venv\Lib\site-packages\sqlalchemy\engine\base.py:3252: in _run_ddl_visitor
    with self.begin() as conn:
         ^^^^^^^^^^^^
C:\Program Files\WindowsApps\PythonSoftwareFoundation.Python.3.13_3.13.3312.0_x64__qbz5n2kfra8p0\Lib\contextlib.py:141: in __enter__
    return next(self.gen)
           ^^^^^^^^^^^^^^
.venv\Lib\site-packages\sqlalchemy\engine\base.py:3242: in begin
    with self.connect() as conn:
         ^^^^^^^^^^^^^^
.venv\Lib\site-packages\sqlalchemy\engine\base.py:3278: in connect
    return self._connection_cls(self)
           ^^^^^^^^^^^^^^^^^^^^^^^^^^
.venv\Lib\site-packages\sqlalchemy\engine\base.py:148: in __init__
    Connection._handle_dbapi_exception_noconnection(
.venv\Lib\site-packages\sqlalchemy\engine\base.py:2442: in _handle_dbapi_exception_noconnection
    raise sqlalchemy_exception.with_traceback(exc_info[2]) from e
.venv\Lib\site-packages\sqlalchemy\engine\base.py:146: in __init__
    self._dbapi_connection = engine.raw_connection()
                             ^^^^^^^^^^^^^^^^^^^^^^^
.venv\Lib\site-packages\sqlalchemy\engine\base.py:3302: in raw_connection
    return self.pool.connect()
           ^^^^^^^^^^^^^^^^^^^
.venv\Lib\site-packages\sqlalchemy\pool\base.py:449: in connect
    return _ConnectionFairy._checkout(self)
           ^^^^^^^^^^^^^^^^^^^^^^^^^^^^^^^^
.venv\Lib\site-packages\sqlalchemy\pool\base.py:1263: in _checkout
    fairy = _ConnectionRecord.checkout(pool)
            ^^^^^^^^^^^^^^^^^^^^^^^^^^^^^^^^
.venv\Lib\site-packages\sqlalchemy\pool\base.py:712: in checkout
    rec = pool._do_get()
          ^^^^^^^^^^^^^^
.venv\Lib\site-packages\sqlalchemy\pool\impl.py:179: in _do_get
    with util.safe_reraise():
         ^^^^^^^^^^^^^^^^^^^
.venv\Lib\site-packages\sqlalchemy\util\langhelpers.py:146: in __exit__
    raise exc_value.with_traceback(exc_tb)
.venv\Lib\site-packages\sqlalchemy\pool\impl.py:177: in _do_get
    return self._create_connection()
           ^^^^^^^^^^^^^^^^^^^^^^^^^
.venv\Lib\site-packages\sqlalchemy\pool\base.py:390: in _create_connection
    return _ConnectionRecord(self)
           ^^^^^^^^^^^^^^^^^^^^^^^
.venv\Lib\site-packages\sqlalchemy\pool\base.py:674: in __init__
    self.__connect()
.venv\Lib\site-packages\sqlalchemy\pool\base.py:900: in __connect
    with util.safe_reraise():
         ^^^^^^^^^^^^^^^^^^^
.venv\Lib\site-packages\sqlalchemy\util\langhelpers.py:146: in __exit__
    raise exc_value.with_traceback(exc_tb)
.venv\Lib\site-packages\sqlalchemy\pool\base.py:896: in __connect
    self.dbapi_connection = connection = pool._invoke_creator(self)
                                         ^^^^^^^^^^^^^^^^^^^^^^^^^^
.venv\Lib\site-packages\sqlalchemy\engine\create.py:643: in connect
    return dialect.connect(*cargs, **cparams)
           ^^^^^^^^^^^^^^^^^^^^^^^^^^^^^^^^^^
.venv\Lib\site-packages\sqlalchemy\engine\default.py:621: in connect
    return self.loaded_dbapi.connect(*cargs, **cparams)
           ^^^^^^^^^^^^^^^^^^^^^^^^^^^^^^^^^^^^^^^^^^^^
E   sqlalchemy.exc.OperationalError: (sqlite3.OperationalError) unable to open database file
E   (Background on this error at: https://sqlalche.me/e/20/e3q8)
_________ ERROR at setup of TestKeywordFallbackScore.test_full_match __________
.venv\Lib\site-packages\sqlalchemy\engine\base.py:146: in __init__
    self._dbapi_connection = engine.raw_connection()
                             ^^^^^^^^^^^^^^^^^^^^^^^
.venv\Lib\site-packages\sqlalchemy\engine\base.py:3302: in raw_connection
    return self.pool.connect()
           ^^^^^^^^^^^^^^^^^^^
.venv\Lib\site-packages\sqlalchemy\pool\base.py:449: in connect
    return _ConnectionFairy._checkout(self)
           ^^^^^^^^^^^^^^^^^^^^^^^^^^^^^^^^
.venv\Lib\site-packages\sqlalchemy\pool\base.py:1263: in _checkout
    fairy = _ConnectionRecord.checkout(pool)
            ^^^^^^^^^^^^^^^^^^^^^^^^^^^^^^^^
.venv\Lib\site-packages\sqlalchemy\pool\base.py:712: in checkout
    rec = pool._do_get()
          ^^^^^^^^^^^^^^
.venv\Lib\site-packages\sqlalchemy\pool\impl.py:179: in _do_get
    with util.safe_reraise():
         ^^^^^^^^^^^^^^^^^^^
.venv\Lib\site-packages\sqlalchemy\util\langhelpers.py:146: in __exit__
    raise exc_value.with_traceback(exc_tb)
.venv\Lib\site-packages\sqlalchemy\pool\impl.py:177: in _do_get
    return self._create_connection()
           ^^^^^^^^^^^^^^^^^^^^^^^^^
.venv\Lib\site-packages\sqlalchemy\pool\base.py:390: in _create_connection
    return _ConnectionRecord(self)
           ^^^^^^^^^^^^^^^^^^^^^^^
.venv\Lib\site-packages\sqlalchemy\pool\base.py:674: in __init__
    self.__connect()
.venv\Lib\site-packages\sqlalchemy\pool\base.py:900: in __connect
    with util.safe_reraise():
         ^^^^^^^^^^^^^^^^^^^
.venv\Lib\site-packages\sqlalchemy\util\langhelpers.py:146: in __exit__
    raise exc_value.with_traceback(exc_tb)
.venv\Lib\site-packages\sqlalchemy\pool\base.py:896: in __connect
    self.dbapi_connection = connection = pool._invoke_creator(self)
                                         ^^^^^^^^^^^^^^^^^^^^^^^^^^
.venv\Lib\site-packages\sqlalchemy\engine\create.py:643: in connect
    return dialect.connect(*cargs, **cparams)
           ^^^^^^^^^^^^^^^^^^^^^^^^^^^^^^^^^^
.venv\Lib\site-packages\sqlalchemy\engine\default.py:621: in connect
    return self.loaded_dbapi.connect(*cargs, **cparams)
           ^^^^^^^^^^^^^^^^^^^^^^^^^^^^^^^^^^^^^^^^^^^^
E   sqlite3.OperationalError: unable to open database file

The above exception was the direct cause of the following exception:
..\tests\conftest.py:33: in setup_db
    Base.metadata.create_all(bind=test_engine)
.venv\Lib\site-packages\sqlalchemy\sql\schema.py:5868: in create_all
    bind._run_ddl_visitor(
.venv\Lib\site-packages\sqlalchemy\engine\base.py:3252: in _run_ddl_visitor
    with self.begin() as conn:
         ^^^^^^^^^^^^
C:\Program Files\WindowsApps\PythonSoftwareFoundation.Python.3.13_3.13.3312.0_x64__qbz5n2kfra8p0\Lib\contextlib.py:141: in __enter__
    return next(self.gen)
           ^^^^^^^^^^^^^^
.venv\Lib\site-packages\sqlalchemy\engine\base.py:3242: in begin
    with self.connect() as conn:
         ^^^^^^^^^^^^^^
.venv\Lib\site-packages\sqlalchemy\engine\base.py:3278: in connect
    return self._connection_cls(self)
           ^^^^^^^^^^^^^^^^^^^^^^^^^^
.venv\Lib\site-packages\sqlalchemy\engine\base.py:148: in __init__
    Connection._handle_dbapi_exception_noconnection(
.venv\Lib\site-packages\sqlalchemy\engine\base.py:2442: in _handle_dbapi_exception_noconnection
    raise sqlalchemy_exception.with_traceback(exc_info[2]) from e
.venv\Lib\site-packages\sqlalchemy\engine\base.py:146: in __init__
    self._dbapi_connection = engine.raw_connection()
                             ^^^^^^^^^^^^^^^^^^^^^^^
.venv\Lib\site-packages\sqlalchemy\engine\base.py:3302: in raw_connection
    return self.pool.connect()
           ^^^^^^^^^^^^^^^^^^^
.venv\Lib\site-packages\sqlalchemy\pool\base.py:449: in connect
    return _ConnectionFairy._checkout(self)
           ^^^^^^^^^^^^^^^^^^^^^^^^^^^^^^^^
.venv\Lib\site-packages\sqlalchemy\pool\base.py:1263: in _checkout
    fairy = _ConnectionRecord.checkout(pool)
            ^^^^^^^^^^^^^^^^^^^^^^^^^^^^^^^^
.venv\Lib\site-packages\sqlalchemy\pool\base.py:712: in checkout
    rec = pool._do_get()
          ^^^^^^^^^^^^^^
.venv\Lib\site-packages\sqlalchemy\pool\impl.py:179: in _do_get
    with util.safe_reraise():
         ^^^^^^^^^^^^^^^^^^^
.venv\Lib\site-packages\sqlalchemy\util\langhelpers.py:146: in __exit__
    raise exc_value.with_traceback(exc_tb)
.venv\Lib\site-packages\sqlalchemy\pool\impl.py:177: in _do_get
    return self._create_connection()
           ^^^^^^^^^^^^^^^^^^^^^^^^^
.venv\Lib\site-packages\sqlalchemy\pool\base.py:390: in _create_connection
    return _ConnectionRecord(self)
           ^^^^^^^^^^^^^^^^^^^^^^^
.venv\Lib\site-packages\sqlalchemy\pool\base.py:674: in __init__
    self.__connect()
.venv\Lib\site-packages\sqlalchemy\pool\base.py:900: in __connect
    with util.safe_reraise():
         ^^^^^^^^^^^^^^^^^^^
.venv\Lib\site-packages\sqlalchemy\util\langhelpers.py:146: in __exit__
    raise exc_value.with_traceback(exc_tb)
.venv\Lib\site-packages\sqlalchemy\pool\base.py:896: in __connect
    self.dbapi_connection = connection = pool._invoke_creator(self)
                                         ^^^^^^^^^^^^^^^^^^^^^^^^^^
.venv\Lib\site-packages\sqlalchemy\engine\create.py:643: in connect
    return dialect.connect(*cargs, **cparams)
           ^^^^^^^^^^^^^^^^^^^^^^^^^^^^^^^^^^
.venv\Lib\site-packages\sqlalchemy\engine\default.py:621: in connect
    return self.loaded_dbapi.connect(*cargs, **cparams)
           ^^^^^^^^^^^^^^^^^^^^^^^^^^^^^^^^^^^^^^^^^^^^
E   sqlalchemy.exc.OperationalError: (sqlite3.OperationalError) unable to open database file
E   (Background on this error at: https://sqlalche.me/e/20/e3q8)
__________ ERROR at setup of TestKeywordFallbackScore.test_no_match ___________
.venv\Lib\site-packages\sqlalchemy\engine\base.py:146: in __init__
    self._dbapi_connection = engine.raw_connection()
                             ^^^^^^^^^^^^^^^^^^^^^^^
.venv\Lib\site-packages\sqlalchemy\engine\base.py:3302: in raw_connection
    return self.pool.connect()
           ^^^^^^^^^^^^^^^^^^^
.venv\Lib\site-packages\sqlalchemy\pool\base.py:449: in connect
    return _ConnectionFairy._checkout(self)
           ^^^^^^^^^^^^^^^^^^^^^^^^^^^^^^^^
.venv\Lib\site-packages\sqlalchemy\pool\base.py:1263: in _checkout
    fairy = _ConnectionRecord.checkout(pool)
            ^^^^^^^^^^^^^^^^^^^^^^^^^^^^^^^^
.venv\Lib\site-packages\sqlalchemy\pool\base.py:712: in checkout
    rec = pool._do_get()
          ^^^^^^^^^^^^^^
.venv\Lib\site-packages\sqlalchemy\pool\impl.py:179: in _do_get
    with util.safe_reraise():
         ^^^^^^^^^^^^^^^^^^^
.venv\Lib\site-packages\sqlalchemy\util\langhelpers.py:146: in __exit__
    raise exc_value.with_traceback(exc_tb)
.venv\Lib\site-packages\sqlalchemy\pool\impl.py:177: in _do_get
    return self._create_connection()
           ^^^^^^^^^^^^^^^^^^^^^^^^^
.venv\Lib\site-packages\sqlalchemy\pool\base.py:390: in _create_connection
    return _ConnectionRecord(self)
           ^^^^^^^^^^^^^^^^^^^^^^^
.venv\Lib\site-packages\sqlalchemy\pool\base.py:674: in __init__
    self.__connect()
.venv\Lib\site-packages\sqlalchemy\pool\base.py:900: in __connect
    with util.safe_reraise():
         ^^^^^^^^^^^^^^^^^^^
.venv\Lib\site-packages\sqlalchemy\util\langhelpers.py:146: in __exit__
    raise exc_value.with_traceback(exc_tb)
.venv\Lib\site-packages\sqlalchemy\pool\base.py:896: in __connect
    self.dbapi_connection = connection = pool._invoke_creator(self)
                                         ^^^^^^^^^^^^^^^^^^^^^^^^^^
.venv\Lib\site-packages\sqlalchemy\engine\create.py:643: in connect
    return dialect.connect(*cargs, **cparams)
           ^^^^^^^^^^^^^^^^^^^^^^^^^^^^^^^^^^
.venv\Lib\site-packages\sqlalchemy\engine\default.py:621: in connect
    return self.loaded_dbapi.connect(*cargs, **cparams)
           ^^^^^^^^^^^^^^^^^^^^^^^^^^^^^^^^^^^^^^^^^^^^
E   sqlite3.OperationalError: unable to open database file

The above exception was the direct cause of the following exception:
..\tests\conftest.py:33: in setup_db
    Base.metadata.create_all(bind=test_engine)
.venv\Lib\site-packages\sqlalchemy\sql\schema.py:5868: in create_all
    bind._run_ddl_visitor(
.venv\Lib\site-packages\sqlalchemy\engine\base.py:3252: in _run_ddl_visitor
    with self.begin() as conn:
         ^^^^^^^^^^^^
C:\Program Files\WindowsApps\PythonSoftwareFoundation.Python.3.13_3.13.3312.0_x64__qbz5n2kfra8p0\Lib\contextlib.py:141: in __enter__
    return next(self.gen)
           ^^^^^^^^^^^^^^
.venv\Lib\site-packages\sqlalchemy\engine\base.py:3242: in begin
    with self.connect() as conn:
         ^^^^^^^^^^^^^^
.venv\Lib\site-packages\sqlalchemy\engine\base.py:3278: in connect
    return self._connection_cls(self)
           ^^^^^^^^^^^^^^^^^^^^^^^^^^
.venv\Lib\site-packages\sqlalchemy\engine\base.py:148: in __init__
    Connection._handle_dbapi_exception_noconnection(
.venv\Lib\site-packages\sqlalchemy\engine\base.py:2442: in _handle_dbapi_exception_noconnection
    raise sqlalchemy_exception.with_traceback(exc_info[2]) from e
.venv\Lib\site-packages\sqlalchemy\engine\base.py:146: in __init__
    self._dbapi_connection = engine.raw_connection()
                             ^^^^^^^^^^^^^^^^^^^^^^^
.venv\Lib\site-packages\sqlalchemy\engine\base.py:3302: in raw_connection
    return self.pool.connect()
           ^^^^^^^^^^^^^^^^^^^
.venv\Lib\site-packages\sqlalchemy\pool\base.py:449: in connect
    return _ConnectionFairy._checkout(self)
           ^^^^^^^^^^^^^^^^^^^^^^^^^^^^^^^^
.venv\Lib\site-packages\sqlalchemy\pool\base.py:1263: in _checkout
    fairy = _ConnectionRecord.checkout(pool)
            ^^^^^^^^^^^^^^^^^^^^^^^^^^^^^^^^
.venv\Lib\site-packages\sqlalchemy\pool\base.py:712: in checkout
    rec = pool._do_get()
          ^^^^^^^^^^^^^^
.venv\Lib\site-packages\sqlalchemy\pool\impl.py:179: in _do_get
    with util.safe_reraise():
         ^^^^^^^^^^^^^^^^^^^
.venv\Lib\site-packages\sqlalchemy\util\langhelpers.py:146: in __exit__
    raise exc_value.with_traceback(exc_tb)
.venv\Lib\site-packages\sqlalchemy\pool\impl.py:177: in _do_get
    return self._create_connection()
           ^^^^^^^^^^^^^^^^^^^^^^^^^
.venv\Lib\site-packages\sqlalchemy\pool\base.py:390: in _create_connection
    return _ConnectionRecord(self)
           ^^^^^^^^^^^^^^^^^^^^^^^
.venv\Lib\site-packages\sqlalchemy\pool\base.py:674: in __init__
    self.__connect()
.venv\Lib\site-packages\sqlalchemy\pool\base.py:900: in __connect
    with util.safe_reraise():
         ^^^^^^^^^^^^^^^^^^^
.venv\Lib\site-packages\sqlalchemy\util\langhelpers.py:146: in __exit__
    raise exc_value.with_traceback(exc_tb)
.venv\Lib\site-packages\sqlalchemy\pool\base.py:896: in __connect
    self.dbapi_connection = connection = pool._invoke_creator(self)
                                         ^^^^^^^^^^^^^^^^^^^^^^^^^^
.venv\Lib\site-packages\sqlalchemy\engine\create.py:643: in connect
    return dialect.connect(*cargs, **cparams)
           ^^^^^^^^^^^^^^^^^^^^^^^^^^^^^^^^^^
.venv\Lib\site-packages\sqlalchemy\engine\default.py:621: in connect
    return self.loaded_dbapi.connect(*cargs, **cparams)
           ^^^^^^^^^^^^^^^^^^^^^^^^^^^^^^^^^^^^^^^^^^^^
E   sqlalchemy.exc.OperationalError: (sqlite3.OperationalError) unable to open database file
E   (Background on this error at: https://sqlalche.me/e/20/e3q8)
________ ERROR at setup of TestKeywordFallbackScore.test_partial_match ________
.venv\Lib\site-packages\sqlalchemy\engine\base.py:146: in __init__
    self._dbapi_connection = engine.raw_connection()
                             ^^^^^^^^^^^^^^^^^^^^^^^
.venv\Lib\site-packages\sqlalchemy\engine\base.py:3302: in raw_connection
    return self.pool.connect()
           ^^^^^^^^^^^^^^^^^^^
.venv\Lib\site-packages\sqlalchemy\pool\base.py:449: in connect
    return _ConnectionFairy._checkout(self)
           ^^^^^^^^^^^^^^^^^^^^^^^^^^^^^^^^
.venv\Lib\site-packages\sqlalchemy\pool\base.py:1263: in _checkout
    fairy = _ConnectionRecord.checkout(pool)
            ^^^^^^^^^^^^^^^^^^^^^^^^^^^^^^^^
.venv\Lib\site-packages\sqlalchemy\pool\base.py:712: in checkout
    rec = pool._do_get()
          ^^^^^^^^^^^^^^
.venv\Lib\site-packages\sqlalchemy\pool\impl.py:179: in _do_get
    with util.safe_reraise():
         ^^^^^^^^^^^^^^^^^^^
.venv\Lib\site-packages\sqlalchemy\util\langhelpers.py:146: in __exit__
    raise exc_value.with_traceback(exc_tb)
.venv\Lib\site-packages\sqlalchemy\pool\impl.py:177: in _do_get
    return self._create_connection()
           ^^^^^^^^^^^^^^^^^^^^^^^^^
.venv\Lib\site-packages\sqlalchemy\pool\base.py:390: in _create_connection
    return _ConnectionRecord(self)
           ^^^^^^^^^^^^^^^^^^^^^^^
.venv\Lib\site-packages\sqlalchemy\pool\base.py:674: in __init__
    self.__connect()
.venv\Lib\site-packages\sqlalchemy\pool\base.py:900: in __connect
    with util.safe_reraise():
         ^^^^^^^^^^^^^^^^^^^
.venv\Lib\site-packages\sqlalchemy\util\langhelpers.py:146: in __exit__
    raise exc_value.with_traceback(exc_tb)
.venv\Lib\site-packages\sqlalchemy\pool\base.py:896: in __connect
    self.dbapi_connection = connection = pool._invoke_creator(self)
                                         ^^^^^^^^^^^^^^^^^^^^^^^^^^
.venv\Lib\site-packages\sqlalchemy\engine\create.py:643: in connect
    return dialect.connect(*cargs, **cparams)
           ^^^^^^^^^^^^^^^^^^^^^^^^^^^^^^^^^^
.venv\Lib\site-packages\sqlalchemy\engine\default.py:621: in connect
    return self.loaded_dbapi.connect(*cargs, **cparams)
           ^^^^^^^^^^^^^^^^^^^^^^^^^^^^^^^^^^^^^^^^^^^^
E   sqlite3.OperationalError: unable to open database file

The above exception was the direct cause of the following exception:
..\tests\conftest.py:33: in setup_db
    Base.metadata.create_all(bind=test_engine)
.venv\Lib\site-packages\sqlalchemy\sql\schema.py:5868: in create_all
    bind._run_ddl_visitor(
.venv\Lib\site-packages\sqlalchemy\engine\base.py:3252: in _run_ddl_visitor
    with self.begin() as conn:
         ^^^^^^^^^^^^
C:\Program Files\WindowsApps\PythonSoftwareFoundation.Python.3.13_3.13.3312.0_x64__qbz5n2kfra8p0\Lib\contextlib.py:141: in __enter__
    return next(self.gen)
           ^^^^^^^^^^^^^^
.venv\Lib\site-packages\sqlalchemy\engine\base.py:3242: in begin
    with self.connect() as conn:
         ^^^^^^^^^^^^^^
.venv\Lib\site-packages\sqlalchemy\engine\base.py:3278: in connect
    return self._connection_cls(self)
           ^^^^^^^^^^^^^^^^^^^^^^^^^^
.venv\Lib\site-packages\sqlalchemy\engine\base.py:148: in __init__
    Connection._handle_dbapi_exception_noconnection(
.venv\Lib\site-packages\sqlalchemy\engine\base.py:2442: in _handle_dbapi_exception_noconnection
    raise sqlalchemy_exception.with_traceback(exc_info[2]) from e
.venv\Lib\site-packages\sqlalchemy\engine\base.py:146: in __init__
    self._dbapi_connection = engine.raw_connection()
                             ^^^^^^^^^^^^^^^^^^^^^^^
.venv\Lib\site-packages\sqlalchemy\engine\base.py:3302: in raw_connection
    return self.pool.connect()
           ^^^^^^^^^^^^^^^^^^^
.venv\Lib\site-packages\sqlalchemy\pool\base.py:449: in connect
    return _ConnectionFairy._checkout(self)
           ^^^^^^^^^^^^^^^^^^^^^^^^^^^^^^^^
.venv\Lib\site-packages\sqlalchemy\pool\base.py:1263: in _checkout
    fairy = _ConnectionRecord.checkout(pool)
            ^^^^^^^^^^^^^^^^^^^^^^^^^^^^^^^^
.venv\Lib\site-packages\sqlalchemy\pool\base.py:712: in checkout
    rec = pool._do_get()
          ^^^^^^^^^^^^^^
.venv\Lib\site-packages\sqlalchemy\pool\impl.py:179: in _do_get
    with util.safe_reraise():
         ^^^^^^^^^^^^^^^^^^^
.venv\Lib\site-packages\sqlalchemy\util\langhelpers.py:146: in __exit__
    raise exc_value.with_traceback(exc_tb)
.venv\Lib\site-packages\sqlalchemy\pool\impl.py:177: in _do_get
    return self._create_connection()
           ^^^^^^^^^^^^^^^^^^^^^^^^^
.venv\Lib\site-packages\sqlalchemy\pool\base.py:390: in _create_connection
    return _ConnectionRecord(self)
           ^^^^^^^^^^^^^^^^^^^^^^^
.venv\Lib\site-packages\sqlalchemy\pool\base.py:674: in __init__
    self.__connect()
.venv\Lib\site-packages\sqlalchemy\pool\base.py:900: in __connect
    with util.safe_reraise():
         ^^^^^^^^^^^^^^^^^^^
.venv\Lib\site-packages\sqlalchemy\util\langhelpers.py:146: in __exit__
    raise exc_value.with_traceback(exc_tb)
.venv\Lib\site-packages\sqlalchemy\pool\base.py:896: in __connect
    self.dbapi_connection = connection = pool._invoke_creator(self)
                                         ^^^^^^^^^^^^^^^^^^^^^^^^^^
.venv\Lib\site-packages\sqlalchemy\engine\create.py:643: in connect
    return dialect.connect(*cargs, **cparams)
           ^^^^^^^^^^^^^^^^^^^^^^^^^^^^^^^^^^
.venv\Lib\site-packages\sqlalchemy\engine\default.py:621: in connect
    return self.loaded_dbapi.connect(*cargs, **cparams)
           ^^^^^^^^^^^^^^^^^^^^^^^^^^^^^^^^^^^^^^^^^^^^
E   sqlalchemy.exc.OperationalError: (sqlite3.OperationalError) unable to open database file
E   (Background on this error at: https://sqlalche.me/e/20/e3q8)
__________ ERROR at setup of TestKeywordFallbackScore.test_empty_jd ___________
.venv\Lib\site-packages\sqlalchemy\engine\base.py:146: in __init__
    self._dbapi_connection = engine.raw_connection()
                             ^^^^^^^^^^^^^^^^^^^^^^^
.venv\Lib\site-packages\sqlalchemy\engine\base.py:3302: in raw_connection
    return self.pool.connect()
           ^^^^^^^^^^^^^^^^^^^
.venv\Lib\site-packages\sqlalchemy\pool\base.py:449: in connect
    return _ConnectionFairy._checkout(self)
           ^^^^^^^^^^^^^^^^^^^^^^^^^^^^^^^^
.venv\Lib\site-packages\sqlalchemy\pool\base.py:1263: in _checkout
    fairy = _ConnectionRecord.checkout(pool)
            ^^^^^^^^^^^^^^^^^^^^^^^^^^^^^^^^
.venv\Lib\site-packages\sqlalchemy\pool\base.py:712: in checkout
    rec = pool._do_get()
          ^^^^^^^^^^^^^^
.venv\Lib\site-packages\sqlalchemy\pool\impl.py:179: in _do_get
    with util.safe_reraise():
         ^^^^^^^^^^^^^^^^^^^
.venv\Lib\site-packages\sqlalchemy\util\langhelpers.py:146: in __exit__
    raise exc_value.with_traceback(exc_tb)
.venv\Lib\site-packages\sqlalchemy\pool\impl.py:177: in _do_get
    return self._create_connection()
           ^^^^^^^^^^^^^^^^^^^^^^^^^
.venv\Lib\site-packages\sqlalchemy\pool\base.py:390: in _create_connection
    return _ConnectionRecord(self)
           ^^^^^^^^^^^^^^^^^^^^^^^
.venv\Lib\site-packages\sqlalchemy\pool\base.py:674: in __init__
    self.__connect()
.venv\Lib\site-packages\sqlalchemy\pool\base.py:900: in __connect
    with util.safe_reraise():
         ^^^^^^^^^^^^^^^^^^^
.venv\Lib\site-packages\sqlalchemy\util\langhelpers.py:146: in __exit__
    raise exc_value.with_traceback(exc_tb)
.venv\Lib\site-packages\sqlalchemy\pool\base.py:896: in __connect
    self.dbapi_connection = connection = pool._invoke_creator(self)
                                         ^^^^^^^^^^^^^^^^^^^^^^^^^^
.venv\Lib\site-packages\sqlalchemy\engine\create.py:643: in connect
    return dialect.connect(*cargs, **cparams)
           ^^^^^^^^^^^^^^^^^^^^^^^^^^^^^^^^^^
.venv\Lib\site-packages\sqlalchemy\engine\default.py:621: in connect
    return self.loaded_dbapi.connect(*cargs, **cparams)
           ^^^^^^^^^^^^^^^^^^^^^^^^^^^^^^^^^^^^^^^^^^^^
E   sqlite3.OperationalError: unable to open database file

The above exception was the direct cause of the following exception:
..\tests\conftest.py:33: in setup_db
    Base.metadata.create_all(bind=test_engine)
.venv\Lib\site-packages\sqlalchemy\sql\schema.py:5868: in create_all
    bind._run_ddl_visitor(
.venv\Lib\site-packages\sqlalchemy\engine\base.py:3252: in _run_ddl_visitor
    with self.begin() as conn:
         ^^^^^^^^^^^^
C:\Program Files\WindowsApps\PythonSoftwareFoundation.Python.3.13_3.13.3312.0_x64__qbz5n2kfra8p0\Lib\contextlib.py:141: in __enter__
    return next(self.gen)
           ^^^^^^^^^^^^^^
.venv\Lib\site-packages\sqlalchemy\engine\base.py:3242: in begin
    with self.connect() as conn:
         ^^^^^^^^^^^^^^
.venv\Lib\site-packages\sqlalchemy\engine\base.py:3278: in connect
    return self._connection_cls(self)
           ^^^^^^^^^^^^^^^^^^^^^^^^^^
.venv\Lib\site-packages\sqlalchemy\engine\base.py:148: in __init__
    Connection._handle_dbapi_exception_noconnection(
.venv\Lib\site-packages\sqlalchemy\engine\base.py:2442: in _handle_dbapi_exception_noconnection
    raise sqlalchemy_exception.with_traceback(exc_info[2]) from e
.venv\Lib\site-packages\sqlalchemy\engine\base.py:146: in __init__
    self._dbapi_connection = engine.raw_connection()
                             ^^^^^^^^^^^^^^^^^^^^^^^
.venv\Lib\site-packages\sqlalchemy\engine\base.py:3302: in raw_connection
    return self.pool.connect()
           ^^^^^^^^^^^^^^^^^^^
.venv\Lib\site-packages\sqlalchemy\pool\base.py:449: in connect
    return _ConnectionFairy._checkout(self)
           ^^^^^^^^^^^^^^^^^^^^^^^^^^^^^^^^
.venv\Lib\site-packages\sqlalchemy\pool\base.py:1263: in _checkout
    fairy = _ConnectionRecord.checkout(pool)
            ^^^^^^^^^^^^^^^^^^^^^^^^^^^^^^^^
.venv\Lib\site-packages\sqlalchemy\pool\base.py:712: in checkout
    rec = pool._do_get()
          ^^^^^^^^^^^^^^
.venv\Lib\site-packages\sqlalchemy\pool\impl.py:179: in _do_get
    with util.safe_reraise():
         ^^^^^^^^^^^^^^^^^^^
.venv\Lib\site-packages\sqlalchemy\util\langhelpers.py:146: in __exit__
    raise exc_value.with_traceback(exc_tb)
.venv\Lib\site-packages\sqlalchemy\pool\impl.py:177: in _do_get
    return self._create_connection()
           ^^^^^^^^^^^^^^^^^^^^^^^^^
.venv\Lib\site-packages\sqlalchemy\pool\base.py:390: in _create_connection
    return _ConnectionRecord(self)
           ^^^^^^^^^^^^^^^^^^^^^^^
.venv\Lib\site-packages\sqlalchemy\pool\base.py:674: in __init__
    self.__connect()
.venv\Lib\site-packages\sqlalchemy\pool\base.py:900: in __connect
    with util.safe_reraise():
         ^^^^^^^^^^^^^^^^^^^
.venv\Lib\site-packages\sqlalchemy\util\langhelpers.py:146: in __exit__
    raise exc_value.with_traceback(exc_tb)
.venv\Lib\site-packages\sqlalchemy\pool\base.py:896: in __connect
    self.dbapi_connection = connection = pool._invoke_creator(self)
                                         ^^^^^^^^^^^^^^^^^^^^^^^^^^
.venv\Lib\site-packages\sqlalchemy\engine\create.py:643: in connect
    return dialect.connect(*cargs, **cparams)
           ^^^^^^^^^^^^^^^^^^^^^^^^^^^^^^^^^^
.venv\Lib\site-packages\sqlalchemy\engine\default.py:621: in connect
    return self.loaded_dbapi.connect(*cargs, **cparams)
           ^^^^^^^^^^^^^^^^^^^^^^^^^^^^^^^^^^^^^^^^^^^^
E   sqlalchemy.exc.OperationalError: (sqlite3.OperationalError) unable to open database file
E   (Background on this error at: https://sqlalche.me/e/20/e3q8)
___________ ERROR at setup of TestNormalizeCgpa.test_perfect_score ____________
.venv\Lib\site-packages\sqlalchemy\engine\base.py:146: in __init__
    self._dbapi_connection = engine.raw_connection()
                             ^^^^^^^^^^^^^^^^^^^^^^^
.venv\Lib\site-packages\sqlalchemy\engine\base.py:3302: in raw_connection
    return self.pool.connect()
           ^^^^^^^^^^^^^^^^^^^
.venv\Lib\site-packages\sqlalchemy\pool\base.py:449: in connect
    return _ConnectionFairy._checkout(self)
           ^^^^^^^^^^^^^^^^^^^^^^^^^^^^^^^^
.venv\Lib\site-packages\sqlalchemy\pool\base.py:1263: in _checkout
    fairy = _ConnectionRecord.checkout(pool)
            ^^^^^^^^^^^^^^^^^^^^^^^^^^^^^^^^
.venv\Lib\site-packages\sqlalchemy\pool\base.py:712: in checkout
    rec = pool._do_get()
          ^^^^^^^^^^^^^^
.venv\Lib\site-packages\sqlalchemy\pool\impl.py:179: in _do_get
    with util.safe_reraise():
         ^^^^^^^^^^^^^^^^^^^
.venv\Lib\site-packages\sqlalchemy\util\langhelpers.py:146: in __exit__
    raise exc_value.with_traceback(exc_tb)
.venv\Lib\site-packages\sqlalchemy\pool\impl.py:177: in _do_get
    return self._create_connection()
           ^^^^^^^^^^^^^^^^^^^^^^^^^
.venv\Lib\site-packages\sqlalchemy\pool\base.py:390: in _create_connection
    return _ConnectionRecord(self)
           ^^^^^^^^^^^^^^^^^^^^^^^
.venv\Lib\site-packages\sqlalchemy\pool\base.py:674: in __init__
    self.__connect()
.venv\Lib\site-packages\sqlalchemy\pool\base.py:900: in __connect
    with util.safe_reraise():
         ^^^^^^^^^^^^^^^^^^^
.venv\Lib\site-packages\sqlalchemy\util\langhelpers.py:146: in __exit__
    raise exc_value.with_traceback(exc_tb)
.venv\Lib\site-packages\sqlalchemy\pool\base.py:896: in __connect
    self.dbapi_connection = connection = pool._invoke_creator(self)
                                         ^^^^^^^^^^^^^^^^^^^^^^^^^^
.venv\Lib\site-packages\sqlalchemy\engine\create.py:643: in connect
    return dialect.connect(*cargs, **cparams)
           ^^^^^^^^^^^^^^^^^^^^^^^^^^^^^^^^^^
.venv\Lib\site-packages\sqlalchemy\engine\default.py:621: in connect
    return self.loaded_dbapi.connect(*cargs, **cparams)
           ^^^^^^^^^^^^^^^^^^^^^^^^^^^^^^^^^^^^^^^^^^^^
E   sqlite3.OperationalError: unable to open database file

The above exception was the direct cause of the following exception:
..\tests\conftest.py:33: in setup_db
    Base.metadata.create_all(bind=test_engine)
.venv\Lib\site-packages\sqlalchemy\sql\schema.py:5868: in create_all
    bind._run_ddl_visitor(
.venv\Lib\site-packages\sqlalchemy\engine\base.py:3252: in _run_ddl_visitor
    with self.begin() as conn:
         ^^^^^^^^^^^^
C:\Program Files\WindowsApps\PythonSoftwareFoundation.Python.3.13_3.13.3312.0_x64__qbz5n2kfra8p0\Lib\contextlib.py:141: in __enter__
    return next(self.gen)
           ^^^^^^^^^^^^^^
.venv\Lib\site-packages\sqlalchemy\engine\base.py:3242: in begin
    with self.connect() as conn:
         ^^^^^^^^^^^^^^
.venv\Lib\site-packages\sqlalchemy\engine\base.py:3278: in connect
    return self._connection_cls(self)
           ^^^^^^^^^^^^^^^^^^^^^^^^^^
.venv\Lib\site-packages\sqlalchemy\engine\base.py:148: in __init__
    Connection._handle_dbapi_exception_noconnection(
.venv\Lib\site-packages\sqlalchemy\engine\base.py:2442: in _handle_dbapi_exception_noconnection
    raise sqlalchemy_exception.with_traceback(exc_info[2]) from e
.venv\Lib\site-packages\sqlalchemy\engine\base.py:146: in __init__
    self._dbapi_connection = engine.raw_connection()
                             ^^^^^^^^^^^^^^^^^^^^^^^
.venv\Lib\site-packages\sqlalchemy\engine\base.py:3302: in raw_connection
    return self.pool.connect()
           ^^^^^^^^^^^^^^^^^^^
.venv\Lib\site-packages\sqlalchemy\pool\base.py:449: in connect
    return _ConnectionFairy._checkout(self)
           ^^^^^^^^^^^^^^^^^^^^^^^^^^^^^^^^
.venv\Lib\site-packages\sqlalchemy\pool\base.py:1263: in _checkout
    fairy = _ConnectionRecord.checkout(pool)
            ^^^^^^^^^^^^^^^^^^^^^^^^^^^^^^^^
.venv\Lib\site-packages\sqlalchemy\pool\base.py:712: in checkout
    rec = pool._do_get()
          ^^^^^^^^^^^^^^
.venv\Lib\site-packages\sqlalchemy\pool\impl.py:179: in _do_get
    with util.safe_reraise():
         ^^^^^^^^^^^^^^^^^^^
.venv\Lib\site-packages\sqlalchemy\util\langhelpers.py:146: in __exit__
    raise exc_value.with_traceback(exc_tb)
.venv\Lib\site-packages\sqlalchemy\pool\impl.py:177: in _do_get
    return self._create_connection()
           ^^^^^^^^^^^^^^^^^^^^^^^^^
.venv\Lib\site-packages\sqlalchemy\pool\base.py:390: in _create_connection
    return _ConnectionRecord(self)
           ^^^^^^^^^^^^^^^^^^^^^^^
.venv\Lib\site-packages\sqlalchemy\pool\base.py:674: in __init__
    self.__connect()
.venv\Lib\site-packages\sqlalchemy\pool\base.py:900: in __connect
    with util.safe_reraise():
         ^^^^^^^^^^^^^^^^^^^
.venv\Lib\site-packages\sqlalchemy\util\langhelpers.py:146: in __exit__
    raise exc_value.with_traceback(exc_tb)
.venv\Lib\site-packages\sqlalchemy\pool\base.py:896: in __connect
    self.dbapi_connection = connection = pool._invoke_creator(self)
                                         ^^^^^^^^^^^^^^^^^^^^^^^^^^
.venv\Lib\site-packages\sqlalchemy\engine\create.py:643: in connect
    return dialect.connect(*cargs, **cparams)
           ^^^^^^^^^^^^^^^^^^^^^^^^^^^^^^^^^^
.venv\Lib\site-packages\sqlalchemy\engine\default.py:621: in connect
    return self.loaded_dbapi.connect(*cargs, **cparams)
           ^^^^^^^^^^^^^^^^^^^^^^^^^^^^^^^^^^^^^^^^^^^^
E   sqlalchemy.exc.OperationalError: (sqlite3.OperationalError) unable to open database file
E   (Background on this error at: https://sqlalche.me/e/20/e3q8)
_____________ ERROR at setup of TestNormalizeCgpa.test_mid_score ______________
.venv\Lib\site-packages\sqlalchemy\engine\base.py:146: in __init__
    self._dbapi_connection = engine.raw_connection()
                             ^^^^^^^^^^^^^^^^^^^^^^^
.venv\Lib\site-packages\sqlalchemy\engine\base.py:3302: in raw_connection
    return self.pool.connect()
           ^^^^^^^^^^^^^^^^^^^
.venv\Lib\site-packages\sqlalchemy\pool\base.py:449: in connect
    return _ConnectionFairy._checkout(self)
           ^^^^^^^^^^^^^^^^^^^^^^^^^^^^^^^^
.venv\Lib\site-packages\sqlalchemy\pool\base.py:1263: in _checkout
    fairy = _ConnectionRecord.checkout(pool)
            ^^^^^^^^^^^^^^^^^^^^^^^^^^^^^^^^
.venv\Lib\site-packages\sqlalchemy\pool\base.py:712: in checkout
    rec = pool._do_get()
          ^^^^^^^^^^^^^^
.venv\Lib\site-packages\sqlalchemy\pool\impl.py:179: in _do_get
    with util.safe_reraise():
         ^^^^^^^^^^^^^^^^^^^
.venv\Lib\site-packages\sqlalchemy\util\langhelpers.py:146: in __exit__
    raise exc_value.with_traceback(exc_tb)
.venv\Lib\site-packages\sqlalchemy\pool\impl.py:177: in _do_get
    return self._create_connection()
           ^^^^^^^^^^^^^^^^^^^^^^^^^
.venv\Lib\site-packages\sqlalchemy\pool\base.py:390: in _create_connection
    return _ConnectionRecord(self)
           ^^^^^^^^^^^^^^^^^^^^^^^
.venv\Lib\site-packages\sqlalchemy\pool\base.py:674: in __init__
    self.__connect()
.venv\Lib\site-packages\sqlalchemy\pool\base.py:900: in __connect
    with util.safe_reraise():
         ^^^^^^^^^^^^^^^^^^^
.venv\Lib\site-packages\sqlalchemy\util\langhelpers.py:146: in __exit__
    raise exc_value.with_traceback(exc_tb)
.venv\Lib\site-packages\sqlalchemy\pool\base.py:896: in __connect
    self.dbapi_connection = connection = pool._invoke_creator(self)
                                         ^^^^^^^^^^^^^^^^^^^^^^^^^^
.venv\Lib\site-packages\sqlalchemy\engine\create.py:643: in connect
    return dialect.connect(*cargs, **cparams)
           ^^^^^^^^^^^^^^^^^^^^^^^^^^^^^^^^^^
.venv\Lib\site-packages\sqlalchemy\engine\default.py:621: in connect
    return self.loaded_dbapi.connect(*cargs, **cparams)
           ^^^^^^^^^^^^^^^^^^^^^^^^^^^^^^^^^^^^^^^^^^^^
E   sqlite3.OperationalError: unable to open database file

The above exception was the direct cause of the following exception:
..\tests\conftest.py:33: in setup_db
    Base.metadata.create_all(bind=test_engine)
.venv\Lib\site-packages\sqlalchemy\sql\schema.py:5868: in create_all
    bind._run_ddl_visitor(
.venv\Lib\site-packages\sqlalchemy\engine\base.py:3252: in _run_ddl_visitor
    with self.begin() as conn:
         ^^^^^^^^^^^^
C:\Program Files\WindowsApps\PythonSoftwareFoundation.Python.3.13_3.13.3312.0_x64__qbz5n2kfra8p0\Lib\contextlib.py:141: in __enter__
    return next(self.gen)
           ^^^^^^^^^^^^^^
.venv\Lib\site-packages\sqlalchemy\engine\base.py:3242: in begin
    with self.connect() as conn:
         ^^^^^^^^^^^^^^
.venv\Lib\site-packages\sqlalchemy\engine\base.py:3278: in connect
    return self._connection_cls(self)
           ^^^^^^^^^^^^^^^^^^^^^^^^^^
.venv\Lib\site-packages\sqlalchemy\engine\base.py:148: in __init__
    Connection._handle_dbapi_exception_noconnection(
.venv\Lib\site-packages\sqlalchemy\engine\base.py:2442: in _handle_dbapi_exception_noconnection
    raise sqlalchemy_exception.with_traceback(exc_info[2]) from e
.venv\Lib\site-packages\sqlalchemy\engine\base.py:146: in __init__
    self._dbapi_connection = engine.raw_connection()
                             ^^^^^^^^^^^^^^^^^^^^^^^
.venv\Lib\site-packages\sqlalchemy\engine\base.py:3302: in raw_connection
    return self.pool.connect()
           ^^^^^^^^^^^^^^^^^^^
.venv\Lib\site-packages\sqlalchemy\pool\base.py:449: in connect
    return _ConnectionFairy._checkout(self)
           ^^^^^^^^^^^^^^^^^^^^^^^^^^^^^^^^
.venv\Lib\site-packages\sqlalchemy\pool\base.py:1263: in _checkout
    fairy = _ConnectionRecord.checkout(pool)
            ^^^^^^^^^^^^^^^^^^^^^^^^^^^^^^^^
.venv\Lib\site-packages\sqlalchemy\pool\base.py:712: in checkout
    rec = pool._do_get()
          ^^^^^^^^^^^^^^
.venv\Lib\site-packages\sqlalchemy\pool\impl.py:179: in _do_get
    with util.safe_reraise():
         ^^^^^^^^^^^^^^^^^^^
.venv\Lib\site-packages\sqlalchemy\util\langhelpers.py:146: in __exit__
    raise exc_value.with_traceback(exc_tb)
.venv\Lib\site-packages\sqlalchemy\pool\impl.py:177: in _do_get
    return self._create_connection()
           ^^^^^^^^^^^^^^^^^^^^^^^^^
.venv\Lib\site-packages\sqlalchemy\pool\base.py:390: in _create_connection
    return _ConnectionRecord(self)
           ^^^^^^^^^^^^^^^^^^^^^^^
.venv\Lib\site-packages\sqlalchemy\pool\base.py:674: in __init__
    self.__connect()
.venv\Lib\site-packages\sqlalchemy\pool\base.py:900: in __connect
    with util.safe_reraise():
         ^^^^^^^^^^^^^^^^^^^
.venv\Lib\site-packages\sqlalchemy\util\langhelpers.py:146: in __exit__
    raise exc_value.with_traceback(exc_tb)
.venv\Lib\site-packages\sqlalchemy\pool\base.py:896: in __connect
    self.dbapi_connection = connection = pool._invoke_creator(self)
                                         ^^^^^^^^^^^^^^^^^^^^^^^^^^
.venv\Lib\site-packages\sqlalchemy\engine\create.py:643: in connect
    return dialect.connect(*cargs, **cparams)
           ^^^^^^^^^^^^^^^^^^^^^^^^^^^^^^^^^^
.venv\Lib\site-packages\sqlalchemy\engine\default.py:621: in connect
    return self.loaded_dbapi.connect(*cargs, **cparams)
           ^^^^^^^^^^^^^^^^^^^^^^^^^^^^^^^^^^^^^^^^^^^^
E   sqlalchemy.exc.OperationalError: (sqlite3.OperationalError) unable to open database file
E   (Background on this error at: https://sqlalche.me/e/20/e3q8)
________________ ERROR at setup of TestNormalizeCgpa.test_zero ________________
.venv\Lib\site-packages\sqlalchemy\engine\base.py:146: in __init__
    self._dbapi_connection = engine.raw_connection()
                             ^^^^^^^^^^^^^^^^^^^^^^^
.venv\Lib\site-packages\sqlalchemy\engine\base.py:3302: in raw_connection
    return self.pool.connect()
           ^^^^^^^^^^^^^^^^^^^
.venv\Lib\site-packages\sqlalchemy\pool\base.py:449: in connect
    return _ConnectionFairy._checkout(self)
           ^^^^^^^^^^^^^^^^^^^^^^^^^^^^^^^^
.venv\Lib\site-packages\sqlalchemy\pool\base.py:1263: in _checkout
    fairy = _ConnectionRecord.checkout(pool)
            ^^^^^^^^^^^^^^^^^^^^^^^^^^^^^^^^
.venv\Lib\site-packages\sqlalchemy\pool\base.py:712: in checkout
    rec = pool._do_get()
          ^^^^^^^^^^^^^^
.venv\Lib\site-packages\sqlalchemy\pool\impl.py:179: in _do_get
    with util.safe_reraise():
         ^^^^^^^^^^^^^^^^^^^
.venv\Lib\site-packages\sqlalchemy\util\langhelpers.py:146: in __exit__
    raise exc_value.with_traceback(exc_tb)
.venv\Lib\site-packages\sqlalchemy\pool\impl.py:177: in _do_get
    return self._create_connection()
           ^^^^^^^^^^^^^^^^^^^^^^^^^
.venv\Lib\site-packages\sqlalchemy\pool\base.py:390: in _create_connection
    return _ConnectionRecord(self)
           ^^^^^^^^^^^^^^^^^^^^^^^
.venv\Lib\site-packages\sqlalchemy\pool\base.py:674: in __init__
    self.__connect()
.venv\Lib\site-packages\sqlalchemy\pool\base.py:900: in __connect
    with util.safe_reraise():
         ^^^^^^^^^^^^^^^^^^^
.venv\Lib\site-packages\sqlalchemy\util\langhelpers.py:146: in __exit__
    raise exc_value.with_traceback(exc_tb)
.venv\Lib\site-packages\sqlalchemy\pool\base.py:896: in __connect
    self.dbapi_connection = connection = pool._invoke_creator(self)
                                         ^^^^^^^^^^^^^^^^^^^^^^^^^^
.venv\Lib\site-packages\sqlalchemy\engine\create.py:643: in connect
    return dialect.connect(*cargs, **cparams)
           ^^^^^^^^^^^^^^^^^^^^^^^^^^^^^^^^^^
.venv\Lib\site-packages\sqlalchemy\engine\default.py:621: in connect
    return self.loaded_dbapi.connect(*cargs, **cparams)
           ^^^^^^^^^^^^^^^^^^^^^^^^^^^^^^^^^^^^^^^^^^^^
E   sqlite3.OperationalError: unable to open database file

The above exception was the direct cause of the following exception:
..\tests\conftest.py:33: in setup_db
    Base.metadata.create_all(bind=test_engine)
.venv\Lib\site-packages\sqlalchemy\sql\schema.py:5868: in create_all
    bind._run_ddl_visitor(
.venv\Lib\site-packages\sqlalchemy\engine\base.py:3252: in _run_ddl_visitor
    with self.begin() as conn:
         ^^^^^^^^^^^^
C:\Program Files\WindowsApps\PythonSoftwareFoundation.Python.3.13_3.13.3312.0_x64__qbz5n2kfra8p0\Lib\contextlib.py:141: in __enter__
    return next(self.gen)
           ^^^^^^^^^^^^^^
.venv\Lib\site-packages\sqlalchemy\engine\base.py:3242: in begin
    with self.connect() as conn:
         ^^^^^^^^^^^^^^
.venv\Lib\site-packages\sqlalchemy\engine\base.py:3278: in connect
    return self._connection_cls(self)
           ^^^^^^^^^^^^^^^^^^^^^^^^^^
.venv\Lib\site-packages\sqlalchemy\engine\base.py:148: in __init__
    Connection._handle_dbapi_exception_noconnection(
.venv\Lib\site-packages\sqlalchemy\engine\base.py:2442: in _handle_dbapi_exception_noconnection
    raise sqlalchemy_exception.with_traceback(exc_info[2]) from e
.venv\Lib\site-packages\sqlalchemy\engine\base.py:146: in __init__
    self._dbapi_connection = engine.raw_connection()
                             ^^^^^^^^^^^^^^^^^^^^^^^
.venv\Lib\site-packages\sqlalchemy\engine\base.py:3302: in raw_connection
    return self.pool.connect()
           ^^^^^^^^^^^^^^^^^^^
.venv\Lib\site-packages\sqlalchemy\pool\base.py:449: in connect
    return _ConnectionFairy._checkout(self)
           ^^^^^^^^^^^^^^^^^^^^^^^^^^^^^^^^
.venv\Lib\site-packages\sqlalchemy\pool\base.py:1263: in _checkout
    fairy = _ConnectionRecord.checkout(pool)
            ^^^^^^^^^^^^^^^^^^^^^^^^^^^^^^^^
.venv\Lib\site-packages\sqlalchemy\pool\base.py:712: in checkout
    rec = pool._do_get()
          ^^^^^^^^^^^^^^
.venv\Lib\site-packages\sqlalchemy\pool\impl.py:179: in _do_get
    with util.safe_reraise():
         ^^^^^^^^^^^^^^^^^^^
.venv\Lib\site-packages\sqlalchemy\util\langhelpers.py:146: in __exit__
    raise exc_value.with_traceback(exc_tb)
.venv\Lib\site-packages\sqlalchemy\pool\impl.py:177: in _do_get
    return self._create_connection()
           ^^^^^^^^^^^^^^^^^^^^^^^^^
.venv\Lib\site-packages\sqlalchemy\pool\base.py:390: in _create_connection
    return _ConnectionRecord(self)
           ^^^^^^^^^^^^^^^^^^^^^^^
.venv\Lib\site-packages\sqlalchemy\pool\base.py:674: in __init__
    self.__connect()
.venv\Lib\site-packages\sqlalchemy\pool\base.py:900: in __connect
    with util.safe_reraise():
         ^^^^^^^^^^^^^^^^^^^
.venv\Lib\site-packages\sqlalchemy\util\langhelpers.py:146: in __exit__
    raise exc_value.with_traceback(exc_tb)
.venv\Lib\site-packages\sqlalchemy\pool\base.py:896: in __connect
    self.dbapi_connection = connection = pool._invoke_creator(self)
                                         ^^^^^^^^^^^^^^^^^^^^^^^^^^
.venv\Lib\site-packages\sqlalchemy\engine\create.py:643: in connect
    return dialect.connect(*cargs, **cparams)
           ^^^^^^^^^^^^^^^^^^^^^^^^^^^^^^^^^^
.venv\Lib\site-packages\sqlalchemy\engine\default.py:621: in connect
    return self.loaded_dbapi.connect(*cargs, **cparams)
           ^^^^^^^^^^^^^^^^^^^^^^^^^^^^^^^^^^^^^^^^^^^^
E   sqlalchemy.exc.OperationalError: (sqlite3.OperationalError) unable to open database file
E   (Background on this error at: https://sqlalche.me/e/20/e3q8)
________________ ERROR at setup of TestNormalizeCgpa.test_none ________________
.venv\Lib\site-packages\sqlalchemy\engine\base.py:146: in __init__
    self._dbapi_connection = engine.raw_connection()
                             ^^^^^^^^^^^^^^^^^^^^^^^
.venv\Lib\site-packages\sqlalchemy\engine\base.py:3302: in raw_connection
    return self.pool.connect()
           ^^^^^^^^^^^^^^^^^^^
.venv\Lib\site-packages\sqlalchemy\pool\base.py:449: in connect
    return _ConnectionFairy._checkout(self)
           ^^^^^^^^^^^^^^^^^^^^^^^^^^^^^^^^
.venv\Lib\site-packages\sqlalchemy\pool\base.py:1263: in _checkout
    fairy = _ConnectionRecord.checkout(pool)
            ^^^^^^^^^^^^^^^^^^^^^^^^^^^^^^^^
.venv\Lib\site-packages\sqlalchemy\pool\base.py:712: in checkout
    rec = pool._do_get()
          ^^^^^^^^^^^^^^
.venv\Lib\site-packages\sqlalchemy\pool\impl.py:179: in _do_get
    with util.safe_reraise():
         ^^^^^^^^^^^^^^^^^^^
.venv\Lib\site-packages\sqlalchemy\util\langhelpers.py:146: in __exit__
    raise exc_value.with_traceback(exc_tb)
.venv\Lib\site-packages\sqlalchemy\pool\impl.py:177: in _do_get
    return self._create_connection()
           ^^^^^^^^^^^^^^^^^^^^^^^^^
.venv\Lib\site-packages\sqlalchemy\pool\base.py:390: in _create_connection
    return _ConnectionRecord(self)
           ^^^^^^^^^^^^^^^^^^^^^^^
.venv\Lib\site-packages\sqlalchemy\pool\base.py:674: in __init__
    self.__connect()
.venv\Lib\site-packages\sqlalchemy\pool\base.py:900: in __connect
    with util.safe_reraise():
         ^^^^^^^^^^^^^^^^^^^
.venv\Lib\site-packages\sqlalchemy\util\langhelpers.py:146: in __exit__
    raise exc_value.with_traceback(exc_tb)
.venv\Lib\site-packages\sqlalchemy\pool\base.py:896: in __connect
    self.dbapi_connection = connection = pool._invoke_creator(self)
                                         ^^^^^^^^^^^^^^^^^^^^^^^^^^
.venv\Lib\site-packages\sqlalchemy\engine\create.py:643: in connect
    return dialect.connect(*cargs, **cparams)
           ^^^^^^^^^^^^^^^^^^^^^^^^^^^^^^^^^^
.venv\Lib\site-packages\sqlalchemy\engine\default.py:621: in connect
    return self.loaded_dbapi.connect(*cargs, **cparams)
           ^^^^^^^^^^^^^^^^^^^^^^^^^^^^^^^^^^^^^^^^^^^^
E   sqlite3.OperationalError: unable to open database file

The above exception was the direct cause of the following exception:
..\tests\conftest.py:33: in setup_db
    Base.metadata.create_all(bind=test_engine)
.venv\Lib\site-packages\sqlalchemy\sql\schema.py:5868: in create_all
    bind._run_ddl_visitor(
.venv\Lib\site-packages\sqlalchemy\engine\base.py:3252: in _run_ddl_visitor
    with self.begin() as conn:
         ^^^^^^^^^^^^
C:\Program Files\WindowsApps\PythonSoftwareFoundation.Python.3.13_3.13.3312.0_x64__qbz5n2kfra8p0\Lib\contextlib.py:141: in __enter__
    return next(self.gen)
           ^^^^^^^^^^^^^^
.venv\Lib\site-packages\sqlalchemy\engine\base.py:3242: in begin
    with self.connect() as conn:
         ^^^^^^^^^^^^^^
.venv\Lib\site-packages\sqlalchemy\engine\base.py:3278: in connect
    return self._connection_cls(self)
           ^^^^^^^^^^^^^^^^^^^^^^^^^^
.venv\Lib\site-packages\sqlalchemy\engine\base.py:148: in __init__
    Connection._handle_dbapi_exception_noconnection(
.venv\Lib\site-packages\sqlalchemy\engine\base.py:2442: in _handle_dbapi_exception_noconnection
    raise sqlalchemy_exception.with_traceback(exc_info[2]) from e
.venv\Lib\site-packages\sqlalchemy\engine\base.py:146: in __init__
    self._dbapi_connection = engine.raw_connection()
                             ^^^^^^^^^^^^^^^^^^^^^^^
.venv\Lib\site-packages\sqlalchemy\engine\base.py:3302: in raw_connection
    return self.pool.connect()
           ^^^^^^^^^^^^^^^^^^^
.venv\Lib\site-packages\sqlalchemy\pool\base.py:449: in connect
    return _ConnectionFairy._checkout(self)
           ^^^^^^^^^^^^^^^^^^^^^^^^^^^^^^^^
.venv\Lib\site-packages\sqlalchemy\pool\base.py:1263: in _checkout
    fairy = _ConnectionRecord.checkout(pool)
            ^^^^^^^^^^^^^^^^^^^^^^^^^^^^^^^^
.venv\Lib\site-packages\sqlalchemy\pool\base.py:712: in checkout
    rec = pool._do_get()
          ^^^^^^^^^^^^^^
.venv\Lib\site-packages\sqlalchemy\pool\impl.py:179: in _do_get
    with util.safe_reraise():
         ^^^^^^^^^^^^^^^^^^^
.venv\Lib\site-packages\sqlalchemy\util\langhelpers.py:146: in __exit__
    raise exc_value.with_traceback(exc_tb)
.venv\Lib\site-packages\sqlalchemy\pool\impl.py:177: in _do_get
    return self._create_connection()
           ^^^^^^^^^^^^^^^^^^^^^^^^^
.venv\Lib\site-packages\sqlalchemy\pool\base.py:390: in _create_connection
    return _ConnectionRecord(self)
           ^^^^^^^^^^^^^^^^^^^^^^^
.venv\Lib\site-packages\sqlalchemy\pool\base.py:674: in __init__
    self.__connect()
.venv\Lib\site-packages\sqlalchemy\pool\base.py:900: in __connect
    with util.safe_reraise():
         ^^^^^^^^^^^^^^^^^^^
.venv\Lib\site-packages\sqlalchemy\util\langhelpers.py:146: in __exit__
    raise exc_value.with_traceback(exc_tb)
.venv\Lib\site-packages\sqlalchemy\pool\base.py:896: in __connect
    self.dbapi_connection = connection = pool._invoke_creator(self)
                                         ^^^^^^^^^^^^^^^^^^^^^^^^^^
.venv\Lib\site-packages\sqlalchemy\engine\create.py:643: in connect
    return dialect.connect(*cargs, **cparams)
           ^^^^^^^^^^^^^^^^^^^^^^^^^^^^^^^^^^
.venv\Lib\site-packages\sqlalchemy\engine\default.py:621: in connect
    return self.loaded_dbapi.connect(*cargs, **cparams)
           ^^^^^^^^^^^^^^^^^^^^^^^^^^^^^^^^^^^^^^^^^^^^
E   sqlalchemy.exc.OperationalError: (sqlite3.OperationalError) unable to open database file
E   (Background on this error at: https://sqlalche.me/e/20/e3q8)
______________ ERROR at setup of TestNormalizeCgpa.test_over_max ______________
.venv\Lib\site-packages\sqlalchemy\engine\base.py:146: in __init__
    self._dbapi_connection = engine.raw_connection()
                             ^^^^^^^^^^^^^^^^^^^^^^^
.venv\Lib\site-packages\sqlalchemy\engine\base.py:3302: in raw_connection
    return self.pool.connect()
           ^^^^^^^^^^^^^^^^^^^
.venv\Lib\site-packages\sqlalchemy\pool\base.py:449: in connect
    return _ConnectionFairy._checkout(self)
           ^^^^^^^^^^^^^^^^^^^^^^^^^^^^^^^^
.venv\Lib\site-packages\sqlalchemy\pool\base.py:1263: in _checkout
    fairy = _ConnectionRecord.checkout(pool)
            ^^^^^^^^^^^^^^^^^^^^^^^^^^^^^^^^
.venv\Lib\site-packages\sqlalchemy\pool\base.py:712: in checkout
    rec = pool._do_get()
          ^^^^^^^^^^^^^^
.venv\Lib\site-packages\sqlalchemy\pool\impl.py:179: in _do_get
    with util.safe_reraise():
         ^^^^^^^^^^^^^^^^^^^
.venv\Lib\site-packages\sqlalchemy\util\langhelpers.py:146: in __exit__
    raise exc_value.with_traceback(exc_tb)
.venv\Lib\site-packages\sqlalchemy\pool\impl.py:177: in _do_get
    return self._create_connection()
           ^^^^^^^^^^^^^^^^^^^^^^^^^
.venv\Lib\site-packages\sqlalchemy\pool\base.py:390: in _create_connection
    return _ConnectionRecord(self)
           ^^^^^^^^^^^^^^^^^^^^^^^
.venv\Lib\site-packages\sqlalchemy\pool\base.py:674: in __init__
    self.__connect()
.venv\Lib\site-packages\sqlalchemy\pool\base.py:900: in __connect
    with util.safe_reraise():
         ^^^^^^^^^^^^^^^^^^^
.venv\Lib\site-packages\sqlalchemy\util\langhelpers.py:146: in __exit__
    raise exc_value.with_traceback(exc_tb)
.venv\Lib\site-packages\sqlalchemy\pool\base.py:896: in __connect
    self.dbapi_connection = connection = pool._invoke_creator(self)
                                         ^^^^^^^^^^^^^^^^^^^^^^^^^^
.venv\Lib\site-packages\sqlalchemy\engine\create.py:643: in connect
    return dialect.connect(*cargs, **cparams)
           ^^^^^^^^^^^^^^^^^^^^^^^^^^^^^^^^^^
.venv\Lib\site-packages\sqlalchemy\engine\default.py:621: in connect
    return self.loaded_dbapi.connect(*cargs, **cparams)
           ^^^^^^^^^^^^^^^^^^^^^^^^^^^^^^^^^^^^^^^^^^^^
E   sqlite3.OperationalError: unable to open database file

The above exception was the direct cause of the following exception:
..\tests\conftest.py:33: in setup_db
    Base.metadata.create_all(bind=test_engine)
.venv\Lib\site-packages\sqlalchemy\sql\schema.py:5868: in create_all
    bind._run_ddl_visitor(
.venv\Lib\site-packages\sqlalchemy\engine\base.py:3252: in _run_ddl_visitor
    with self.begin() as conn:
         ^^^^^^^^^^^^
C:\Program Files\WindowsApps\PythonSoftwareFoundation.Python.3.13_3.13.3312.0_x64__qbz5n2kfra8p0\Lib\contextlib.py:141: in __enter__
    return next(self.gen)
           ^^^^^^^^^^^^^^
.venv\Lib\site-packages\sqlalchemy\engine\base.py:3242: in begin
    with self.connect() as conn:
         ^^^^^^^^^^^^^^
.venv\Lib\site-packages\sqlalchemy\engine\base.py:3278: in connect
    return self._connection_cls(self)
           ^^^^^^^^^^^^^^^^^^^^^^^^^^
.venv\Lib\site-packages\sqlalchemy\engine\base.py:148: in __init__
    Connection._handle_dbapi_exception_noconnection(
.venv\Lib\site-packages\sqlalchemy\engine\base.py:2442: in _handle_dbapi_exception_noconnection
    raise sqlalchemy_exception.with_traceback(exc_info[2]) from e
.venv\Lib\site-packages\sqlalchemy\engine\base.py:146: in __init__
    self._dbapi_connection = engine.raw_connection()
                             ^^^^^^^^^^^^^^^^^^^^^^^
.venv\Lib\site-packages\sqlalchemy\engine\base.py:3302: in raw_connection
    return self.pool.connect()
           ^^^^^^^^^^^^^^^^^^^
.venv\Lib\site-packages\sqlalchemy\pool\base.py:449: in connect
    return _ConnectionFairy._checkout(self)
           ^^^^^^^^^^^^^^^^^^^^^^^^^^^^^^^^
.venv\Lib\site-packages\sqlalchemy\pool\base.py:1263: in _checkout
    fairy = _ConnectionRecord.checkout(pool)
            ^^^^^^^^^^^^^^^^^^^^^^^^^^^^^^^^
.venv\Lib\site-packages\sqlalchemy\pool\base.py:712: in checkout
    rec = pool._do_get()
          ^^^^^^^^^^^^^^
.venv\Lib\site-packages\sqlalchemy\pool\impl.py:179: in _do_get
    with util.safe_reraise():
         ^^^^^^^^^^^^^^^^^^^
.venv\Lib\site-packages\sqlalchemy\util\langhelpers.py:146: in __exit__
    raise exc_value.with_traceback(exc_tb)
.venv\Lib\site-packages\sqlalchemy\pool\impl.py:177: in _do_get
    return self._create_connection()
           ^^^^^^^^^^^^^^^^^^^^^^^^^
.venv\Lib\site-packages\sqlalchemy\pool\base.py:390: in _create_connection
    return _ConnectionRecord(self)
           ^^^^^^^^^^^^^^^^^^^^^^^
.venv\Lib\site-packages\sqlalchemy\pool\base.py:674: in __init__
    self.__connect()
.venv\Lib\site-packages\sqlalchemy\pool\base.py:900: in __connect
    with util.safe_reraise():
         ^^^^^^^^^^^^^^^^^^^
.venv\Lib\site-packages\sqlalchemy\util\langhelpers.py:146: in __exit__
    raise exc_value.with_traceback(exc_tb)
.venv\Lib\site-packages\sqlalchemy\pool\base.py:896: in __connect
    self.dbapi_connection = connection = pool._invoke_creator(self)
                                         ^^^^^^^^^^^^^^^^^^^^^^^^^^
.venv\Lib\site-packages\sqlalchemy\engine\create.py:643: in connect
    return dialect.connect(*cargs, **cparams)
           ^^^^^^^^^^^^^^^^^^^^^^^^^^^^^^^^^^
.venv\Lib\site-packages\sqlalchemy\engine\default.py:621: in connect
    return self.loaded_dbapi.connect(*cargs, **cparams)
           ^^^^^^^^^^^^^^^^^^^^^^^^^^^^^^^^^^^^^^^^^^^^
E   sqlalchemy.exc.OperationalError: (sqlite3.OperationalError) unable to open database file
E   (Background on this error at: https://sqlalche.me/e/20/e3q8)
_________ ERROR at setup of TestGithubScoreRepo.test_scores_good_repo _________
.venv\Lib\site-packages\sqlalchemy\engine\base.py:146: in __init__
    self._dbapi_connection = engine.raw_connection()
                             ^^^^^^^^^^^^^^^^^^^^^^^
.venv\Lib\site-packages\sqlalchemy\engine\base.py:3302: in raw_connection
    return self.pool.connect()
           ^^^^^^^^^^^^^^^^^^^
.venv\Lib\site-packages\sqlalchemy\pool\base.py:449: in connect
    return _ConnectionFairy._checkout(self)
           ^^^^^^^^^^^^^^^^^^^^^^^^^^^^^^^^
.venv\Lib\site-packages\sqlalchemy\pool\base.py:1263: in _checkout
    fairy = _ConnectionRecord.checkout(pool)
            ^^^^^^^^^^^^^^^^^^^^^^^^^^^^^^^^
.venv\Lib\site-packages\sqlalchemy\pool\base.py:712: in checkout
    rec = pool._do_get()
          ^^^^^^^^^^^^^^
.venv\Lib\site-packages\sqlalchemy\pool\impl.py:179: in _do_get
    with util.safe_reraise():
         ^^^^^^^^^^^^^^^^^^^
.venv\Lib\site-packages\sqlalchemy\util\langhelpers.py:146: in __exit__
    raise exc_value.with_traceback(exc_tb)
.venv\Lib\site-packages\sqlalchemy\pool\impl.py:177: in _do_get
    return self._create_connection()
           ^^^^^^^^^^^^^^^^^^^^^^^^^
.venv\Lib\site-packages\sqlalchemy\pool\base.py:390: in _create_connection
    return _ConnectionRecord(self)
           ^^^^^^^^^^^^^^^^^^^^^^^
.venv\Lib\site-packages\sqlalchemy\pool\base.py:674: in __init__
    self.__connect()
.venv\Lib\site-packages\sqlalchemy\pool\base.py:900: in __connect
    with util.safe_reraise():
         ^^^^^^^^^^^^^^^^^^^
.venv\Lib\site-packages\sqlalchemy\util\langhelpers.py:146: in __exit__
    raise exc_value.with_traceback(exc_tb)
.venv\Lib\site-packages\sqlalchemy\pool\base.py:896: in __connect
    self.dbapi_connection = connection = pool._invoke_creator(self)
                                         ^^^^^^^^^^^^^^^^^^^^^^^^^^
.venv\Lib\site-packages\sqlalchemy\engine\create.py:643: in connect
    return dialect.connect(*cargs, **cparams)
           ^^^^^^^^^^^^^^^^^^^^^^^^^^^^^^^^^^
.venv\Lib\site-packages\sqlalchemy\engine\default.py:621: in connect
    return self.loaded_dbapi.connect(*cargs, **cparams)
           ^^^^^^^^^^^^^^^^^^^^^^^^^^^^^^^^^^^^^^^^^^^^
E   sqlite3.OperationalError: unable to open database file

The above exception was the direct cause of the following exception:
..\tests\conftest.py:33: in setup_db
    Base.metadata.create_all(bind=test_engine)
.venv\Lib\site-packages\sqlalchemy\sql\schema.py:5868: in create_all
    bind._run_ddl_visitor(
.venv\Lib\site-packages\sqlalchemy\engine\base.py:3252: in _run_ddl_visitor
    with self.begin() as conn:
         ^^^^^^^^^^^^
C:\Program Files\WindowsApps\PythonSoftwareFoundation.Python.3.13_3.13.3312.0_x64__qbz5n2kfra8p0\Lib\contextlib.py:141: in __enter__
    return next(self.gen)
           ^^^^^^^^^^^^^^
.venv\Lib\site-packages\sqlalchemy\engine\base.py:3242: in begin
    with self.connect() as conn:
         ^^^^^^^^^^^^^^
.venv\Lib\site-packages\sqlalchemy\engine\base.py:3278: in connect
    return self._connection_cls(self)
           ^^^^^^^^^^^^^^^^^^^^^^^^^^
.venv\Lib\site-packages\sqlalchemy\engine\base.py:148: in __init__
    Connection._handle_dbapi_exception_noconnection(
.venv\Lib\site-packages\sqlalchemy\engine\base.py:2442: in _handle_dbapi_exception_noconnection
    raise sqlalchemy_exception.with_traceback(exc_info[2]) from e
.venv\Lib\site-packages\sqlalchemy\engine\base.py:146: in __init__
    self._dbapi_connection = engine.raw_connection()
                             ^^^^^^^^^^^^^^^^^^^^^^^
.venv\Lib\site-packages\sqlalchemy\engine\base.py:3302: in raw_connection
    return self.pool.connect()
           ^^^^^^^^^^^^^^^^^^^
.venv\Lib\site-packages\sqlalchemy\pool\base.py:449: in connect
    return _ConnectionFairy._checkout(self)
           ^^^^^^^^^^^^^^^^^^^^^^^^^^^^^^^^
.venv\Lib\site-packages\sqlalchemy\pool\base.py:1263: in _checkout
    fairy = _ConnectionRecord.checkout(pool)
            ^^^^^^^^^^^^^^^^^^^^^^^^^^^^^^^^
.venv\Lib\site-packages\sqlalchemy\pool\base.py:712: in checkout
    rec = pool._do_get()
          ^^^^^^^^^^^^^^
.venv\Lib\site-packages\sqlalchemy\pool\impl.py:179: in _do_get
    with util.safe_reraise():
         ^^^^^^^^^^^^^^^^^^^
.venv\Lib\site-packages\sqlalchemy\util\langhelpers.py:146: in __exit__
    raise exc_value.with_traceback(exc_tb)
.venv\Lib\site-packages\sqlalchemy\pool\impl.py:177: in _do_get
    return self._create_connection()
           ^^^^^^^^^^^^^^^^^^^^^^^^^
.venv\Lib\site-packages\sqlalchemy\pool\base.py:390: in _create_connection
    return _ConnectionRecord(self)
           ^^^^^^^^^^^^^^^^^^^^^^^
.venv\Lib\site-packages\sqlalchemy\pool\base.py:674: in __init__
    self.__connect()
.venv\Lib\site-packages\sqlalchemy\pool\base.py:900: in __connect
    with util.safe_reraise():
         ^^^^^^^^^^^^^^^^^^^
.venv\Lib\site-packages\sqlalchemy\util\langhelpers.py:146: in __exit__
    raise exc_value.with_traceback(exc_tb)
.venv\Lib\site-packages\sqlalchemy\pool\base.py:896: in __connect
    self.dbapi_connection = connection = pool._invoke_creator(self)
                                         ^^^^^^^^^^^^^^^^^^^^^^^^^^
.venv\Lib\site-packages\sqlalchemy\engine\create.py:643: in connect
    return dialect.connect(*cargs, **cparams)
           ^^^^^^^^^^^^^^^^^^^^^^^^^^^^^^^^^^
.venv\Lib\site-packages\sqlalchemy\engine\default.py:621: in connect
    return self.loaded_dbapi.connect(*cargs, **cparams)
           ^^^^^^^^^^^^^^^^^^^^^^^^^^^^^^^^^^^^^^^^^^^^
E   sqlalchemy.exc.OperationalError: (sqlite3.OperationalError) unable to open database file
E   (Background on this error at: https://sqlalche.me/e/20/e3q8)
________ ERROR at setup of TestGithubScoreRepo.test_scores_empty_repo _________
.venv\Lib\site-packages\sqlalchemy\engine\base.py:146: in __init__
    self._dbapi_connection = engine.raw_connection()
                             ^^^^^^^^^^^^^^^^^^^^^^^
.venv\Lib\site-packages\sqlalchemy\engine\base.py:3302: in raw_connection
    return self.pool.connect()
           ^^^^^^^^^^^^^^^^^^^
.venv\Lib\site-packages\sqlalchemy\pool\base.py:449: in connect
    return _ConnectionFairy._checkout(self)
           ^^^^^^^^^^^^^^^^^^^^^^^^^^^^^^^^
.venv\Lib\site-packages\sqlalchemy\pool\base.py:1263: in _checkout
    fairy = _ConnectionRecord.checkout(pool)
            ^^^^^^^^^^^^^^^^^^^^^^^^^^^^^^^^
.venv\Lib\site-packages\sqlalchemy\pool\base.py:712: in checkout
    rec = pool._do_get()
          ^^^^^^^^^^^^^^
.venv\Lib\site-packages\sqlalchemy\pool\impl.py:179: in _do_get
    with util.safe_reraise():
         ^^^^^^^^^^^^^^^^^^^
.venv\Lib\site-packages\sqlalchemy\util\langhelpers.py:146: in __exit__
    raise exc_value.with_traceback(exc_tb)
.venv\Lib\site-packages\sqlalchemy\pool\impl.py:177: in _do_get
    return self._create_connection()
           ^^^^^^^^^^^^^^^^^^^^^^^^^
.venv\Lib\site-packages\sqlalchemy\pool\base.py:390: in _create_connection
    return _ConnectionRecord(self)
           ^^^^^^^^^^^^^^^^^^^^^^^
.venv\Lib\site-packages\sqlalchemy\pool\base.py:674: in __init__
    self.__connect()
.venv\Lib\site-packages\sqlalchemy\pool\base.py:900: in __connect
    with util.safe_reraise():
         ^^^^^^^^^^^^^^^^^^^
.venv\Lib\site-packages\sqlalchemy\util\langhelpers.py:146: in __exit__
    raise exc_value.with_traceback(exc_tb)
.venv\Lib\site-packages\sqlalchemy\pool\base.py:896: in __connect
    self.dbapi_connection = connection = pool._invoke_creator(self)
                                         ^^^^^^^^^^^^^^^^^^^^^^^^^^
.venv\Lib\site-packages\sqlalchemy\engine\create.py:643: in connect
    return dialect.connect(*cargs, **cparams)
           ^^^^^^^^^^^^^^^^^^^^^^^^^^^^^^^^^^
.venv\Lib\site-packages\sqlalchemy\engine\default.py:621: in connect
    return self.loaded_dbapi.connect(*cargs, **cparams)
           ^^^^^^^^^^^^^^^^^^^^^^^^^^^^^^^^^^^^^^^^^^^^
E   sqlite3.OperationalError: unable to open database file

The above exception was the direct cause of the following exception:
..\tests\conftest.py:33: in setup_db
    Base.metadata.create_all(bind=test_engine)
.venv\Lib\site-packages\sqlalchemy\sql\schema.py:5868: in create_all
    bind._run_ddl_visitor(
.venv\Lib\site-packages\sqlalchemy\engine\base.py:3252: in _run_ddl_visitor
    with self.begin() as conn:
         ^^^^^^^^^^^^
C:\Program Files\WindowsApps\PythonSoftwareFoundation.Python.3.13_3.13.3312.0_x64__qbz5n2kfra8p0\Lib\contextlib.py:141: in __enter__
    return next(self.gen)
           ^^^^^^^^^^^^^^
.venv\Lib\site-packages\sqlalchemy\engine\base.py:3242: in begin
    with self.connect() as conn:
         ^^^^^^^^^^^^^^
.venv\Lib\site-packages\sqlalchemy\engine\base.py:3278: in connect
    return self._connection_cls(self)
           ^^^^^^^^^^^^^^^^^^^^^^^^^^
.venv\Lib\site-packages\sqlalchemy\engine\base.py:148: in __init__
    Connection._handle_dbapi_exception_noconnection(
.venv\Lib\site-packages\sqlalchemy\engine\base.py:2442: in _handle_dbapi_exception_noconnection
    raise sqlalchemy_exception.with_traceback(exc_info[2]) from e
.venv\Lib\site-packages\sqlalchemy\engine\base.py:146: in __init__
    self._dbapi_connection = engine.raw_connection()
                             ^^^^^^^^^^^^^^^^^^^^^^^
.venv\Lib\site-packages\sqlalchemy\engine\base.py:3302: in raw_connection
    return self.pool.connect()
           ^^^^^^^^^^^^^^^^^^^
.venv\Lib\site-packages\sqlalchemy\pool\base.py:449: in connect
    return _ConnectionFairy._checkout(self)
           ^^^^^^^^^^^^^^^^^^^^^^^^^^^^^^^^
.venv\Lib\site-packages\sqlalchemy\pool\base.py:1263: in _checkout
    fairy = _ConnectionRecord.checkout(pool)
            ^^^^^^^^^^^^^^^^^^^^^^^^^^^^^^^^
.venv\Lib\site-packages\sqlalchemy\pool\base.py:712: in checkout
    rec = pool._do_get()
          ^^^^^^^^^^^^^^
.venv\Lib\site-packages\sqlalchemy\pool\impl.py:179: in _do_get
    with util.safe_reraise():
         ^^^^^^^^^^^^^^^^^^^
.venv\Lib\site-packages\sqlalchemy\util\langhelpers.py:146: in __exit__
    raise exc_value.with_traceback(exc_tb)
.venv\Lib\site-packages\sqlalchemy\pool\impl.py:177: in _do_get
    return self._create_connection()
           ^^^^^^^^^^^^^^^^^^^^^^^^^
.venv\Lib\site-packages\sqlalchemy\pool\base.py:390: in _create_connection
    return _ConnectionRecord(self)
           ^^^^^^^^^^^^^^^^^^^^^^^
.venv\Lib\site-packages\sqlalchemy\pool\base.py:674: in __init__
    self.__connect()
.venv\Lib\site-packages\sqlalchemy\pool\base.py:900: in __connect
    with util.safe_reraise():
         ^^^^^^^^^^^^^^^^^^^
.venv\Lib\site-packages\sqlalchemy\util\langhelpers.py:146: in __exit__
    raise exc_value.with_traceback(exc_tb)
.venv\Lib\site-packages\sqlalchemy\pool\base.py:896: in __connect
    self.dbapi_connection = connection = pool._invoke_creator(self)
                                         ^^^^^^^^^^^^^^^^^^^^^^^^^^
.venv\Lib\site-packages\sqlalchemy\engine\create.py:643: in connect
    return dialect.connect(*cargs, **cparams)
           ^^^^^^^^^^^^^^^^^^^^^^^^^^^^^^^^^^
.venv\Lib\site-packages\sqlalchemy\engine\default.py:621: in connect
    return self.loaded_dbapi.connect(*cargs, **cparams)
           ^^^^^^^^^^^^^^^^^^^^^^^^^^^^^^^^^^^^^^^^^^^^
E   sqlalchemy.exc.OperationalError: (sqlite3.OperationalError) unable to open database file
E   (Background on this error at: https://sqlalche.me/e/20/e3q8)
______ ERROR at setup of TestUpsertCandidates.test_upsert_from_dataframe ______
.venv\Lib\site-packages\sqlalchemy\engine\base.py:146: in __init__
    self._dbapi_connection = engine.raw_connection()
                             ^^^^^^^^^^^^^^^^^^^^^^^
.venv\Lib\site-packages\sqlalchemy\engine\base.py:3302: in raw_connection
    return self.pool.connect()
           ^^^^^^^^^^^^^^^^^^^
.venv\Lib\site-packages\sqlalchemy\pool\base.py:449: in connect
    return _ConnectionFairy._checkout(self)
           ^^^^^^^^^^^^^^^^^^^^^^^^^^^^^^^^
.venv\Lib\site-packages\sqlalchemy\pool\base.py:1263: in _checkout
    fairy = _ConnectionRecord.checkout(pool)
            ^^^^^^^^^^^^^^^^^^^^^^^^^^^^^^^^
.venv\Lib\site-packages\sqlalchemy\pool\base.py:712: in checkout
    rec = pool._do_get()
          ^^^^^^^^^^^^^^
.venv\Lib\site-packages\sqlalchemy\pool\impl.py:179: in _do_get
    with util.safe_reraise():
         ^^^^^^^^^^^^^^^^^^^
.venv\Lib\site-packages\sqlalchemy\util\langhelpers.py:146: in __exit__
    raise exc_value.with_traceback(exc_tb)
.venv\Lib\site-packages\sqlalchemy\pool\impl.py:177: in _do_get
    return self._create_connection()
           ^^^^^^^^^^^^^^^^^^^^^^^^^
.venv\Lib\site-packages\sqlalchemy\pool\base.py:390: in _create_connection
    return _ConnectionRecord(self)
           ^^^^^^^^^^^^^^^^^^^^^^^
.venv\Lib\site-packages\sqlalchemy\pool\base.py:674: in __init__
    self.__connect()
.venv\Lib\site-packages\sqlalchemy\pool\base.py:900: in __connect
    with util.safe_reraise():
         ^^^^^^^^^^^^^^^^^^^
.venv\Lib\site-packages\sqlalchemy\util\langhelpers.py:146: in __exit__
    raise exc_value.with_traceback(exc_tb)
.venv\Lib\site-packages\sqlalchemy\pool\base.py:896: in __connect
    self.dbapi_connection = connection = pool._invoke_creator(self)
                                         ^^^^^^^^^^^^^^^^^^^^^^^^^^
.venv\Lib\site-packages\sqlalchemy\engine\create.py:643: in connect
    return dialect.connect(*cargs, **cparams)
           ^^^^^^^^^^^^^^^^^^^^^^^^^^^^^^^^^^
.venv\Lib\site-packages\sqlalchemy\engine\default.py:621: in connect
    return self.loaded_dbapi.connect(*cargs, **cparams)
           ^^^^^^^^^^^^^^^^^^^^^^^^^^^^^^^^^^^^^^^^^^^^
E   sqlite3.OperationalError: unable to open database file

The above exception was the direct cause of the following exception:
..\tests\conftest.py:33: in setup_db
    Base.metadata.create_all(bind=test_engine)
.venv\Lib\site-packages\sqlalchemy\sql\schema.py:5868: in create_all
    bind._run_ddl_visitor(
.venv\Lib\site-packages\sqlalchemy\engine\base.py:3252: in _run_ddl_visitor
    with self.begin() as conn:
         ^^^^^^^^^^^^
C:\Program Files\WindowsApps\PythonSoftwareFoundation.Python.3.13_3.13.3312.0_x64__qbz5n2kfra8p0\Lib\contextlib.py:141: in __enter__
    return next(self.gen)
           ^^^^^^^^^^^^^^
.venv\Lib\site-packages\sqlalchemy\engine\base.py:3242: in begin
    with self.connect() as conn:
         ^^^^^^^^^^^^^^
.venv\Lib\site-packages\sqlalchemy\engine\base.py:3278: in connect
    return self._connection_cls(self)
           ^^^^^^^^^^^^^^^^^^^^^^^^^^
.venv\Lib\site-packages\sqlalchemy\engine\base.py:148: in __init__
    Connection._handle_dbapi_exception_noconnection(
.venv\Lib\site-packages\sqlalchemy\engine\base.py:2442: in _handle_dbapi_exception_noconnection
    raise sqlalchemy_exception.with_traceback(exc_info[2]) from e
.venv\Lib\site-packages\sqlalchemy\engine\base.py:146: in __init__
    self._dbapi_connection = engine.raw_connection()
                             ^^^^^^^^^^^^^^^^^^^^^^^
.venv\Lib\site-packages\sqlalchemy\engine\base.py:3302: in raw_connection
    return self.pool.connect()
           ^^^^^^^^^^^^^^^^^^^
.venv\Lib\site-packages\sqlalchemy\pool\base.py:449: in connect
    return _ConnectionFairy._checkout(self)
           ^^^^^^^^^^^^^^^^^^^^^^^^^^^^^^^^
.venv\Lib\site-packages\sqlalchemy\pool\base.py:1263: in _checkout
    fairy = _ConnectionRecord.checkout(pool)
            ^^^^^^^^^^^^^^^^^^^^^^^^^^^^^^^^
.venv\Lib\site-packages\sqlalchemy\pool\base.py:712: in checkout
    rec = pool._do_get()
          ^^^^^^^^^^^^^^
.venv\Lib\site-packages\sqlalchemy\pool\impl.py:179: in _do_get
    with util.safe_reraise():
         ^^^^^^^^^^^^^^^^^^^
.venv\Lib\site-packages\sqlalchemy\util\langhelpers.py:146: in __exit__
    raise exc_value.with_traceback(exc_tb)
.venv\Lib\site-packages\sqlalchemy\pool\impl.py:177: in _do_get
    return self._create_connection()
           ^^^^^^^^^^^^^^^^^^^^^^^^^
.venv\Lib\site-packages\sqlalchemy\pool\base.py:390: in _create_connection
    return _ConnectionRecord(self)
           ^^^^^^^^^^^^^^^^^^^^^^^
.venv\Lib\site-packages\sqlalchemy\pool\base.py:674: in __init__
    self.__connect()
.venv\Lib\site-packages\sqlalchemy\pool\base.py:900: in __connect
    with util.safe_reraise():
         ^^^^^^^^^^^^^^^^^^^
.venv\Lib\site-packages\sqlalchemy\util\langhelpers.py:146: in __exit__
    raise exc_value.with_traceback(exc_tb)
.venv\Lib\site-packages\sqlalchemy\pool\base.py:896: in __connect
    self.dbapi_connection = connection = pool._invoke_creator(self)
                                         ^^^^^^^^^^^^^^^^^^^^^^^^^^
.venv\Lib\site-packages\sqlalchemy\engine\create.py:643: in connect
    return dialect.connect(*cargs, **cparams)
           ^^^^^^^^^^^^^^^^^^^^^^^^^^^^^^^^^^
.venv\Lib\site-packages\sqlalchemy\engine\default.py:621: in connect
    return self.loaded_dbapi.connect(*cargs, **cparams)
           ^^^^^^^^^^^^^^^^^^^^^^^^^^^^^^^^^^^^^^^^^^^^
E   sqlalchemy.exc.OperationalError: (sqlite3.OperationalError) unable to open database file
E   (Background on this error at: https://sqlalche.me/e/20/e3q8)
________ ERROR at setup of TestUpsertCandidates.test_upsert_idempotent ________
.venv\Lib\site-packages\sqlalchemy\engine\base.py:146: in __init__
    self._dbapi_connection = engine.raw_connection()
                             ^^^^^^^^^^^^^^^^^^^^^^^
.venv\Lib\site-packages\sqlalchemy\engine\base.py:3302: in raw_connection
    return self.pool.connect()
           ^^^^^^^^^^^^^^^^^^^
.venv\Lib\site-packages\sqlalchemy\pool\base.py:449: in connect
    return _ConnectionFairy._checkout(self)
           ^^^^^^^^^^^^^^^^^^^^^^^^^^^^^^^^
.venv\Lib\site-packages\sqlalchemy\pool\base.py:1263: in _checkout
    fairy = _ConnectionRecord.checkout(pool)
            ^^^^^^^^^^^^^^^^^^^^^^^^^^^^^^^^
.venv\Lib\site-packages\sqlalchemy\pool\base.py:712: in checkout
    rec = pool._do_get()
          ^^^^^^^^^^^^^^
.venv\Lib\site-packages\sqlalchemy\pool\impl.py:179: in _do_get
    with util.safe_reraise():
         ^^^^^^^^^^^^^^^^^^^
.venv\Lib\site-packages\sqlalchemy\util\langhelpers.py:146: in __exit__
    raise exc_value.with_traceback(exc_tb)
.venv\Lib\site-packages\sqlalchemy\pool\impl.py:177: in _do_get
    return self._create_connection()
           ^^^^^^^^^^^^^^^^^^^^^^^^^
.venv\Lib\site-packages\sqlalchemy\pool\base.py:390: in _create_connection
    return _ConnectionRecord(self)
           ^^^^^^^^^^^^^^^^^^^^^^^
.venv\Lib\site-packages\sqlalchemy\pool\base.py:674: in __init__
    self.__connect()
.venv\Lib\site-packages\sqlalchemy\pool\base.py:900: in __connect
    with util.safe_reraise():
         ^^^^^^^^^^^^^^^^^^^
.venv\Lib\site-packages\sqlalchemy\util\langhelpers.py:146: in __exit__
    raise exc_value.with_traceback(exc_tb)
.venv\Lib\site-packages\sqlalchemy\pool\base.py:896: in __connect
    self.dbapi_connection = connection = pool._invoke_creator(self)
                                         ^^^^^^^^^^^^^^^^^^^^^^^^^^
.venv\Lib\site-packages\sqlalchemy\engine\create.py:643: in connect
    return dialect.connect(*cargs, **cparams)
           ^^^^^^^^^^^^^^^^^^^^^^^^^^^^^^^^^^
.venv\Lib\site-packages\sqlalchemy\engine\default.py:621: in connect
    return self.loaded_dbapi.connect(*cargs, **cparams)
           ^^^^^^^^^^^^^^^^^^^^^^^^^^^^^^^^^^^^^^^^^^^^
E   sqlite3.OperationalError: unable to open database file

The above exception was the direct cause of the following exception:
..\tests\conftest.py:33: in setup_db
    Base.metadata.create_all(bind=test_engine)
.venv\Lib\site-packages\sqlalchemy\sql\schema.py:5868: in create_all
    bind._run_ddl_visitor(
.venv\Lib\site-packages\sqlalchemy\engine\base.py:3252: in _run_ddl_visitor
    with self.begin() as conn:
         ^^^^^^^^^^^^
C:\Program Files\WindowsApps\PythonSoftwareFoundation.Python.3.13_3.13.3312.0_x64__qbz5n2kfra8p0\Lib\contextlib.py:141: in __enter__
    return next(self.gen)
           ^^^^^^^^^^^^^^
.venv\Lib\site-packages\sqlalchemy\engine\base.py:3242: in begin
    with self.connect() as conn:
         ^^^^^^^^^^^^^^
.venv\Lib\site-packages\sqlalchemy\engine\base.py:3278: in connect
    return self._connection_cls(self)
           ^^^^^^^^^^^^^^^^^^^^^^^^^^
.venv\Lib\site-packages\sqlalchemy\engine\base.py:148: in __init__
    Connection._handle_dbapi_exception_noconnection(
.venv\Lib\site-packages\sqlalchemy\engine\base.py:2442: in _handle_dbapi_exception_noconnection
    raise sqlalchemy_exception.with_traceback(exc_info[2]) from e
.venv\Lib\site-packages\sqlalchemy\engine\base.py:146: in __init__
    self._dbapi_connection = engine.raw_connection()
                             ^^^^^^^^^^^^^^^^^^^^^^^
.venv\Lib\site-packages\sqlalchemy\engine\base.py:3302: in raw_connection
    return self.pool.connect()
           ^^^^^^^^^^^^^^^^^^^
.venv\Lib\site-packages\sqlalchemy\pool\base.py:449: in connect
    return _ConnectionFairy._checkout(self)
           ^^^^^^^^^^^^^^^^^^^^^^^^^^^^^^^^
.venv\Lib\site-packages\sqlalchemy\pool\base.py:1263: in _checkout
    fairy = _ConnectionRecord.checkout(pool)
            ^^^^^^^^^^^^^^^^^^^^^^^^^^^^^^^^
.venv\Lib\site-packages\sqlalchemy\pool\base.py:712: in checkout
    rec = pool._do_get()
          ^^^^^^^^^^^^^^
.venv\Lib\site-packages\sqlalchemy\pool\impl.py:179: in _do_get
    with util.safe_reraise():
         ^^^^^^^^^^^^^^^^^^^
.venv\Lib\site-packages\sqlalchemy\util\langhelpers.py:146: in __exit__
    raise exc_value.with_traceback(exc_tb)
.venv\Lib\site-packages\sqlalchemy\pool\impl.py:177: in _do_get
    return self._create_connection()
           ^^^^^^^^^^^^^^^^^^^^^^^^^
.venv\Lib\site-packages\sqlalchemy\pool\base.py:390: in _create_connection
    return _ConnectionRecord(self)
           ^^^^^^^^^^^^^^^^^^^^^^^
.venv\Lib\site-packages\sqlalchemy\pool\base.py:674: in __init__
    self.__connect()
.venv\Lib\site-packages\sqlalchemy\pool\base.py:900: in __connect
    with util.safe_reraise():
         ^^^^^^^^^^^^^^^^^^^
.venv\Lib\site-packages\sqlalchemy\util\langhelpers.py:146: in __exit__
    raise exc_value.with_traceback(exc_tb)
.venv\Lib\site-packages\sqlalchemy\pool\base.py:896: in __connect
    self.dbapi_connection = connection = pool._invoke_creator(self)
                                         ^^^^^^^^^^^^^^^^^^^^^^^^^^
.venv\Lib\site-packages\sqlalchemy\engine\create.py:643: in connect
    return dialect.connect(*cargs, **cparams)
           ^^^^^^^^^^^^^^^^^^^^^^^^^^^^^^^^^^
.venv\Lib\site-packages\sqlalchemy\engine\default.py:621: in connect
    return self.loaded_dbapi.connect(*cargs, **cparams)
           ^^^^^^^^^^^^^^^^^^^^^^^^^^^^^^^^^^^^^^^^^^^^
E   sqlalchemy.exc.OperationalError: (sqlite3.OperationalError) unable to open database file
E   (Background on this error at: https://sqlalche.me/e/20/e3q8)
__________ ERROR at setup of TestPhase6Rank.test_ranking_calculation __________
.venv\Lib\site-packages\sqlalchemy\engine\base.py:146: in __init__
    self._dbapi_connection = engine.raw_connection()
                             ^^^^^^^^^^^^^^^^^^^^^^^
.venv\Lib\site-packages\sqlalchemy\engine\base.py:3302: in raw_connection
    return self.pool.connect()
           ^^^^^^^^^^^^^^^^^^^
.venv\Lib\site-packages\sqlalchemy\pool\base.py:449: in connect
    return _ConnectionFairy._checkout(self)
           ^^^^^^^^^^^^^^^^^^^^^^^^^^^^^^^^
.venv\Lib\site-packages\sqlalchemy\pool\base.py:1263: in _checkout
    fairy = _ConnectionRecord.checkout(pool)
            ^^^^^^^^^^^^^^^^^^^^^^^^^^^^^^^^
.venv\Lib\site-packages\sqlalchemy\pool\base.py:712: in checkout
    rec = pool._do_get()
          ^^^^^^^^^^^^^^
.venv\Lib\site-packages\sqlalchemy\pool\impl.py:179: in _do_get
    with util.safe_reraise():
         ^^^^^^^^^^^^^^^^^^^
.venv\Lib\site-packages\sqlalchemy\util\langhelpers.py:146: in __exit__
    raise exc_value.with_traceback(exc_tb)
.venv\Lib\site-packages\sqlalchemy\pool\impl.py:177: in _do_get
    return self._create_connection()
           ^^^^^^^^^^^^^^^^^^^^^^^^^
.venv\Lib\site-packages\sqlalchemy\pool\base.py:390: in _create_connection
    return _ConnectionRecord(self)
           ^^^^^^^^^^^^^^^^^^^^^^^
.venv\Lib\site-packages\sqlalchemy\pool\base.py:674: in __init__
    self.__connect()
.venv\Lib\site-packages\sqlalchemy\pool\base.py:900: in __connect
    with util.safe_reraise():
         ^^^^^^^^^^^^^^^^^^^
.venv\Lib\site-packages\sqlalchemy\util\langhelpers.py:146: in __exit__
    raise exc_value.with_traceback(exc_tb)
.venv\Lib\site-packages\sqlalchemy\pool\base.py:896: in __connect
    self.dbapi_connection = connection = pool._invoke_creator(self)
                                         ^^^^^^^^^^^^^^^^^^^^^^^^^^
.venv\Lib\site-packages\sqlalchemy\engine\create.py:643: in connect
    return dialect.connect(*cargs, **cparams)
           ^^^^^^^^^^^^^^^^^^^^^^^^^^^^^^^^^^
.venv\Lib\site-packages\sqlalchemy\engine\default.py:621: in connect
    return self.loaded_dbapi.connect(*cargs, **cparams)
           ^^^^^^^^^^^^^^^^^^^^^^^^^^^^^^^^^^^^^^^^^^^^
E   sqlite3.OperationalError: unable to open database file

The above exception was the direct cause of the following exception:
..\tests\conftest.py:33: in setup_db
    Base.metadata.create_all(bind=test_engine)
.venv\Lib\site-packages\sqlalchemy\sql\schema.py:5868: in create_all
    bind._run_ddl_visitor(
.venv\Lib\site-packages\sqlalchemy\engine\base.py:3252: in _run_ddl_visitor
    with self.begin() as conn:
         ^^^^^^^^^^^^
C:\Program Files\WindowsApps\PythonSoftwareFoundation.Python.3.13_3.13.3312.0_x64__qbz5n2kfra8p0\Lib\contextlib.py:141: in __enter__
    return next(self.gen)
           ^^^^^^^^^^^^^^
.venv\Lib\site-packages\sqlalchemy\engine\base.py:3242: in begin
    with self.connect() as conn:
         ^^^^^^^^^^^^^^
.venv\Lib\site-packages\sqlalchemy\engine\base.py:3278: in connect
    return self._connection_cls(self)
           ^^^^^^^^^^^^^^^^^^^^^^^^^^
.venv\Lib\site-packages\sqlalchemy\engine\base.py:148: in __init__
    Connection._handle_dbapi_exception_noconnection(
.venv\Lib\site-packages\sqlalchemy\engine\base.py:2442: in _handle_dbapi_exception_noconnection
    raise sqlalchemy_exception.with_traceback(exc_info[2]) from e
.venv\Lib\site-packages\sqlalchemy\engine\base.py:146: in __init__
    self._dbapi_connection = engine.raw_connection()
                             ^^^^^^^^^^^^^^^^^^^^^^^
.venv\Lib\site-packages\sqlalchemy\engine\base.py:3302: in raw_connection
    return self.pool.connect()
           ^^^^^^^^^^^^^^^^^^^
.venv\Lib\site-packages\sqlalchemy\pool\base.py:449: in connect
    return _ConnectionFairy._checkout(self)
           ^^^^^^^^^^^^^^^^^^^^^^^^^^^^^^^^
.venv\Lib\site-packages\sqlalchemy\pool\base.py:1263: in _checkout
    fairy = _ConnectionRecord.checkout(pool)
            ^^^^^^^^^^^^^^^^^^^^^^^^^^^^^^^^
.venv\Lib\site-packages\sqlalchemy\pool\base.py:712: in checkout
    rec = pool._do_get()
          ^^^^^^^^^^^^^^
.venv\Lib\site-packages\sqlalchemy\pool\impl.py:179: in _do_get
    with util.safe_reraise():
         ^^^^^^^^^^^^^^^^^^^
.venv\Lib\site-packages\sqlalchemy\util\langhelpers.py:146: in __exit__
    raise exc_value.with_traceback(exc_tb)
.venv\Lib\site-packages\sqlalchemy\pool\impl.py:177: in _do_get
    return self._create_connection()
           ^^^^^^^^^^^^^^^^^^^^^^^^^
.venv\Lib\site-packages\sqlalchemy\pool\base.py:390: in _create_connection
    return _ConnectionRecord(self)
           ^^^^^^^^^^^^^^^^^^^^^^^
.venv\Lib\site-packages\sqlalchemy\pool\base.py:674: in __init__
    self.__connect()
.venv\Lib\site-packages\sqlalchemy\pool\base.py:900: in __connect
    with util.safe_reraise():
         ^^^^^^^^^^^^^^^^^^^
.venv\Lib\site-packages\sqlalchemy\util\langhelpers.py:146: in __exit__
    raise exc_value.with_traceback(exc_tb)
.venv\Lib\site-packages\sqlalchemy\pool\base.py:896: in __connect
    self.dbapi_connection = connection = pool._invoke_creator(self)
                                         ^^^^^^^^^^^^^^^^^^^^^^^^^^
.venv\Lib\site-packages\sqlalchemy\engine\create.py:643: in connect
    return dialect.connect(*cargs, **cparams)
           ^^^^^^^^^^^^^^^^^^^^^^^^^^^^^^^^^^
.venv\Lib\site-packages\sqlalchemy\engine\default.py:621: in connect
    return self.loaded_dbapi.connect(*cargs, **cparams)
           ^^^^^^^^^^^^^^^^^^^^^^^^^^^^^^^^^^^^^^^^^^^^
E   sqlalchemy.exc.OperationalError: (sqlite3.OperationalError) unable to open database file
E   (Background on this error at: https://sqlalche.me/e/20/e3q8)
_________ ERROR at setup of TestPhase8FinalRanking.test_final_ranking _________
.venv\Lib\site-packages\sqlalchemy\engine\base.py:146: in __init__
    self._dbapi_connection = engine.raw_connection()
                             ^^^^^^^^^^^^^^^^^^^^^^^
.venv\Lib\site-packages\sqlalchemy\engine\base.py:3302: in raw_connection
    return self.pool.connect()
           ^^^^^^^^^^^^^^^^^^^
.venv\Lib\site-packages\sqlalchemy\pool\base.py:449: in connect
    return _ConnectionFairy._checkout(self)
           ^^^^^^^^^^^^^^^^^^^^^^^^^^^^^^^^
.venv\Lib\site-packages\sqlalchemy\pool\base.py:1263: in _checkout
    fairy = _ConnectionRecord.checkout(pool)
            ^^^^^^^^^^^^^^^^^^^^^^^^^^^^^^^^
.venv\Lib\site-packages\sqlalchemy\pool\base.py:712: in checkout
    rec = pool._do_get()
          ^^^^^^^^^^^^^^
.venv\Lib\site-packages\sqlalchemy\pool\impl.py:179: in _do_get
    with util.safe_reraise():
         ^^^^^^^^^^^^^^^^^^^
.venv\Lib\site-packages\sqlalchemy\util\langhelpers.py:146: in __exit__
    raise exc_value.with_traceback(exc_tb)
.venv\Lib\site-packages\sqlalchemy\pool\impl.py:177: in _do_get
    return self._create_connection()
           ^^^^^^^^^^^^^^^^^^^^^^^^^
.venv\Lib\site-packages\sqlalchemy\pool\base.py:390: in _create_connection
    return _ConnectionRecord(self)
           ^^^^^^^^^^^^^^^^^^^^^^^
.venv\Lib\site-packages\sqlalchemy\pool\base.py:674: in __init__
    self.__connect()
.venv\Lib\site-packages\sqlalchemy\pool\base.py:900: in __connect
    with util.safe_reraise():
         ^^^^^^^^^^^^^^^^^^^
.venv\Lib\site-packages\sqlalchemy\util\langhelpers.py:146: in __exit__
    raise exc_value.with_traceback(exc_tb)
.venv\Lib\site-packages\sqlalchemy\pool\base.py:896: in __connect
    self.dbapi_connection = connection = pool._invoke_creator(self)
                                         ^^^^^^^^^^^^^^^^^^^^^^^^^^
.venv\Lib\site-packages\sqlalchemy\engine\create.py:643: in connect
    return dialect.connect(*cargs, **cparams)
           ^^^^^^^^^^^^^^^^^^^^^^^^^^^^^^^^^^
.venv\Lib\site-packages\sqlalchemy\engine\default.py:621: in connect
    return self.loaded_dbapi.connect(*cargs, **cparams)
           ^^^^^^^^^^^^^^^^^^^^^^^^^^^^^^^^^^^^^^^^^^^^
E   sqlite3.OperationalError: unable to open database file

The above exception was the direct cause of the following exception:
..\tests\conftest.py:33: in setup_db
    Base.metadata.create_all(bind=test_engine)
.venv\Lib\site-packages\sqlalchemy\sql\schema.py:5868: in create_all
    bind._run_ddl_visitor(
.venv\Lib\site-packages\sqlalchemy\engine\base.py:3252: in _run_ddl_visitor
    with self.begin() as conn:
         ^^^^^^^^^^^^
C:\Program Files\WindowsApps\PythonSoftwareFoundation.Python.3.13_3.13.3312.0_x64__qbz5n2kfra8p0\Lib\contextlib.py:141: in __enter__
    return next(self.gen)
           ^^^^^^^^^^^^^^
.venv\Lib\site-packages\sqlalchemy\engine\base.py:3242: in begin
    with self.connect() as conn:
         ^^^^^^^^^^^^^^
.venv\Lib\site-packages\sqlalchemy\engine\base.py:3278: in connect
    return self._connection_cls(self)
           ^^^^^^^^^^^^^^^^^^^^^^^^^^
.venv\Lib\site-packages\sqlalchemy\engine\base.py:148: in __init__
    Connection._handle_dbapi_exception_noconnection(
.venv\Lib\site-packages\sqlalchemy\engine\base.py:2442: in _handle_dbapi_exception_noconnection
    raise sqlalchemy_exception.with_traceback(exc_info[2]) from e
.venv\Lib\site-packages\sqlalchemy\engine\base.py:146: in __init__
    self._dbapi_connection = engine.raw_connection()
                             ^^^^^^^^^^^^^^^^^^^^^^^
.venv\Lib\site-packages\sqlalchemy\engine\base.py:3302: in raw_connection
    return self.pool.connect()
           ^^^^^^^^^^^^^^^^^^^
.venv\Lib\site-packages\sqlalchemy\pool\base.py:449: in connect
    return _ConnectionFairy._checkout(self)
           ^^^^^^^^^^^^^^^^^^^^^^^^^^^^^^^^
.venv\Lib\site-packages\sqlalchemy\pool\base.py:1263: in _checkout
    fairy = _ConnectionRecord.checkout(pool)
            ^^^^^^^^^^^^^^^^^^^^^^^^^^^^^^^^
.venv\Lib\site-packages\sqlalchemy\pool\base.py:712: in checkout
    rec = pool._do_get()
          ^^^^^^^^^^^^^^
.venv\Lib\site-packages\sqlalchemy\pool\impl.py:179: in _do_get
    with util.safe_reraise():
         ^^^^^^^^^^^^^^^^^^^
.venv\Lib\site-packages\sqlalchemy\util\langhelpers.py:146: in __exit__
    raise exc_value.with_traceback(exc_tb)
.venv\Lib\site-packages\sqlalchemy\pool\impl.py:177: in _do_get
    return self._create_connection()
           ^^^^^^^^^^^^^^^^^^^^^^^^^
.venv\Lib\site-packages\sqlalchemy\pool\base.py:390: in _create_connection
    return _ConnectionRecord(self)
           ^^^^^^^^^^^^^^^^^^^^^^^
.venv\Lib\site-packages\sqlalchemy\pool\base.py:674: in __init__
    self.__connect()
.venv\Lib\site-packages\sqlalchemy\pool\base.py:900: in __connect
    with util.safe_reraise():
         ^^^^^^^^^^^^^^^^^^^
.venv\Lib\site-packages\sqlalchemy\util\langhelpers.py:146: in __exit__
    raise exc_value.with_traceback(exc_tb)
.venv\Lib\site-packages\sqlalchemy\pool\base.py:896: in __connect
    self.dbapi_connection = connection = pool._invoke_creator(self)
                                         ^^^^^^^^^^^^^^^^^^^^^^^^^^
.venv\Lib\site-packages\sqlalchemy\engine\create.py:643: in connect
    return dialect.connect(*cargs, **cparams)
           ^^^^^^^^^^^^^^^^^^^^^^^^^^^^^^^^^^
.venv\Lib\site-packages\sqlalchemy\engine\default.py:621: in connect
    return self.loaded_dbapi.connect(*cargs, **cparams)
           ^^^^^^^^^^^^^^^^^^^^^^^^^^^^^^^^^^^^^^^^^^^^
E   sqlalchemy.exc.OperationalError: (sqlite3.OperationalError) unable to open database file
E   (Background on this error at: https://sqlalche.me/e/20/e3q8)
__________ ERROR at setup of TestRecomputeFinalScores.test_recompute __________
.venv\Lib\site-packages\sqlalchemy\engine\base.py:146: in __init__
    self._dbapi_connection = engine.raw_connection()
                             ^^^^^^^^^^^^^^^^^^^^^^^
.venv\Lib\site-packages\sqlalchemy\engine\base.py:3302: in raw_connection
    return self.pool.connect()
           ^^^^^^^^^^^^^^^^^^^
.venv\Lib\site-packages\sqlalchemy\pool\base.py:449: in connect
    return _ConnectionFairy._checkout(self)
           ^^^^^^^^^^^^^^^^^^^^^^^^^^^^^^^^
.venv\Lib\site-packages\sqlalchemy\pool\base.py:1263: in _checkout
    fairy = _ConnectionRecord.checkout(pool)
            ^^^^^^^^^^^^^^^^^^^^^^^^^^^^^^^^
.venv\Lib\site-packages\sqlalchemy\pool\base.py:712: in checkout
    rec = pool._do_get()
          ^^^^^^^^^^^^^^
.venv\Lib\site-packages\sqlalchemy\pool\impl.py:179: in _do_get
    with util.safe_reraise():
         ^^^^^^^^^^^^^^^^^^^
.venv\Lib\site-packages\sqlalchemy\util\langhelpers.py:146: in __exit__
    raise exc_value.with_traceback(exc_tb)
.venv\Lib\site-packages\sqlalchemy\pool\impl.py:177: in _do_get
    return self._create_connection()
           ^^^^^^^^^^^^^^^^^^^^^^^^^
.venv\Lib\site-packages\sqlalchemy\pool\base.py:390: in _create_connection
    return _ConnectionRecord(self)
           ^^^^^^^^^^^^^^^^^^^^^^^
.venv\Lib\site-packages\sqlalchemy\pool\base.py:674: in __init__
    self.__connect()
.venv\Lib\site-packages\sqlalchemy\pool\base.py:900: in __connect
    with util.safe_reraise():
         ^^^^^^^^^^^^^^^^^^^
.venv\Lib\site-packages\sqlalchemy\util\langhelpers.py:146: in __exit__
    raise exc_value.with_traceback(exc_tb)
.venv\Lib\site-packages\sqlalchemy\pool\base.py:896: in __connect
    self.dbapi_connection = connection = pool._invoke_creator(self)
                                         ^^^^^^^^^^^^^^^^^^^^^^^^^^
.venv\Lib\site-packages\sqlalchemy\engine\create.py:643: in connect
    return dialect.connect(*cargs, **cparams)
           ^^^^^^^^^^^^^^^^^^^^^^^^^^^^^^^^^^
.venv\Lib\site-packages\sqlalchemy\engine\default.py:621: in connect
    return self.loaded_dbapi.connect(*cargs, **cparams)
           ^^^^^^^^^^^^^^^^^^^^^^^^^^^^^^^^^^^^^^^^^^^^
E   sqlite3.OperationalError: unable to open database file

The above exception was the direct cause of the following exception:
..\tests\conftest.py:33: in setup_db
    Base.metadata.create_all(bind=test_engine)
.venv\Lib\site-packages\sqlalchemy\sql\schema.py:5868: in create_all
    bind._run_ddl_visitor(
.venv\Lib\site-packages\sqlalchemy\engine\base.py:3252: in _run_ddl_visitor
    with self.begin() as conn:
         ^^^^^^^^^^^^
C:\Program Files\WindowsApps\PythonSoftwareFoundation.Python.3.13_3.13.3312.0_x64__qbz5n2kfra8p0\Lib\contextlib.py:141: in __enter__
    return next(self.gen)
           ^^^^^^^^^^^^^^
.venv\Lib\site-packages\sqlalchemy\engine\base.py:3242: in begin
    with self.connect() as conn:
         ^^^^^^^^^^^^^^
.venv\Lib\site-packages\sqlalchemy\engine\base.py:3278: in connect
    return self._connection_cls(self)
           ^^^^^^^^^^^^^^^^^^^^^^^^^^
.venv\Lib\site-packages\sqlalchemy\engine\base.py:148: in __init__
    Connection._handle_dbapi_exception_noconnection(
.venv\Lib\site-packages\sqlalchemy\engine\base.py:2442: in _handle_dbapi_exception_noconnection
    raise sqlalchemy_exception.with_traceback(exc_info[2]) from e
.venv\Lib\site-packages\sqlalchemy\engine\base.py:146: in __init__
    self._dbapi_connection = engine.raw_connection()
                             ^^^^^^^^^^^^^^^^^^^^^^^
.venv\Lib\site-packages\sqlalchemy\engine\base.py:3302: in raw_connection
    return self.pool.connect()
           ^^^^^^^^^^^^^^^^^^^
.venv\Lib\site-packages\sqlalchemy\pool\base.py:449: in connect
    return _ConnectionFairy._checkout(self)
           ^^^^^^^^^^^^^^^^^^^^^^^^^^^^^^^^
.venv\Lib\site-packages\sqlalchemy\pool\base.py:1263: in _checkout
    fairy = _ConnectionRecord.checkout(pool)
            ^^^^^^^^^^^^^^^^^^^^^^^^^^^^^^^^
.venv\Lib\site-packages\sqlalchemy\pool\base.py:712: in checkout
    rec = pool._do_get()
          ^^^^^^^^^^^^^^
.venv\Lib\site-packages\sqlalchemy\pool\impl.py:179: in _do_get
    with util.safe_reraise():
         ^^^^^^^^^^^^^^^^^^^
.venv\Lib\site-packages\sqlalchemy\util\langhelpers.py:146: in __exit__
    raise exc_value.with_traceback(exc_tb)
.venv\Lib\site-packages\sqlalchemy\pool\impl.py:177: in _do_get
    return self._create_connection()
           ^^^^^^^^^^^^^^^^^^^^^^^^^
.venv\Lib\site-packages\sqlalchemy\pool\base.py:390: in _create_connection
    return _ConnectionRecord(self)
           ^^^^^^^^^^^^^^^^^^^^^^^
.venv\Lib\site-packages\sqlalchemy\pool\base.py:674: in __init__
    self.__connect()
.venv\Lib\site-packages\sqlalchemy\pool\base.py:900: in __connect
    with util.safe_reraise():
         ^^^^^^^^^^^^^^^^^^^
.venv\Lib\site-packages\sqlalchemy\util\langhelpers.py:146: in __exit__
    raise exc_value.with_traceback(exc_tb)
.venv\Lib\site-packages\sqlalchemy\pool\base.py:896: in __connect
    self.dbapi_connection = connection = pool._invoke_creator(self)
                                         ^^^^^^^^^^^^^^^^^^^^^^^^^^
.venv\Lib\site-packages\sqlalchemy\engine\create.py:643: in connect
    return dialect.connect(*cargs, **cparams)
           ^^^^^^^^^^^^^^^^^^^^^^^^^^^^^^^^^^
.venv\Lib\site-packages\sqlalchemy\engine\default.py:621: in connect
    return self.loaded_dbapi.connect(*cargs, **cparams)
           ^^^^^^^^^^^^^^^^^^^^^^^^^^^^^^^^^^^^^^^^^^^^
E   sqlalchemy.exc.OperationalError: (sqlite3.OperationalError) unable to open database file
E   (Background on this error at: https://sqlalche.me/e/20/e3q8)
============================== warnings summary ===============================
main.py:80
  c:\Users\arunk\OneDrive\Desktop\files\candidate_screening_platform\backend\app\main.py:80: DeprecationWarning: 
          on_event is deprecated, use lifespan event handlers instead.
  
          Read more about it in the
          [FastAPI docs for Lifespan Events](https://fastapi.tiangolo.com/advanced/events/).
          
    @app.on_event("startup")

.venv\Lib\site-packages\fastapi\applications.py:4495
  C:\Users\arunk\OneDrive\Desktop\files\candidate_screening_platform\backend\app\.venv\Lib\site-packages\fastapi\applications.py:4495: DeprecationWarning: 
          on_event is deprecated, use lifespan event handlers instead.
  
          Read more about it in the
          [FastAPI docs for Lifespan Events](https://fastapi.tiangolo.com/advanced/events/).
          
    return self.router.on_event(event_type)

models.py:91
  c:\Users\arunk\OneDrive\Desktop\files\candidate_screening_platform\backend\app\models.py:91: PytestCollectionWarning: cannot collect test class 'TestResult' because it has a __init__ constructor (from: tests/test_models.py)
    class TestResult(Base):

models.py:109
  c:\Users\arunk\OneDrive\Desktop\files\candidate_screening_platform\backend\app\models.py:109: PytestCollectionWarning: cannot collect test class 'TestLink' because it has a __init__ constructor (from: tests/test_models.py)
    class TestLink(Base):

models.py:91
  c:\Users\arunk\OneDrive\Desktop\files\candidate_screening_platform\backend\app\models.py:91: PytestCollectionWarning: cannot collect test class 'TestResult' because it has a __init__ constructor (from: tests/test_pipeline.py)
    class TestResult(Base):

-- Docs: https://docs.pytest.org/en/stable/how-to/capture-warnings.html
=========================== short test summary info ===========================
ERROR ..\tests\test_api.py::test_index_page - sqlalchemy.exc.OperationalError...
ERROR ..\tests\test_api.py::test_create_pipeline_run - sqlalchemy.exc.Operati...
ERROR ..\tests\test_api.py::test_set_job_description - sqlalchemy.exc.Operati...
ERROR ..\tests\test_api.py::test_set_job_description_invalid_run - sqlalchemy...
ERROR ..\tests\test_api.py::test_upload_candidates_csv - sqlalchemy.exc.Opera...
ERROR ..\tests\test_api.py::test_upload_candidates_csv_invalid_run - sqlalche...
ERROR ..\tests\test_api.py::test_get_pipeline_status - sqlalchemy.exc.Operati...
ERROR ..\tests\test_api.py::test_get_pipeline_status_with_candidates - sqlalc...
ERROR ..\tests\test_api.py::test_leaderboard_empty - sqlalchemy.exc.Operation...
ERROR ..\tests\test_api.py::test_leaderboard_with_candidates - sqlalchemy.exc...
ERROR ..\tests\test_api.py::test_get_test_links_empty - sqlalchemy.exc.Operat...
ERROR ..\tests\test_api.py::test_get_interview_events_empty - sqlalchemy.exc....
ERROR ..\tests\test_api.py::test_start_pipeline_without_jd - sqlalchemy.exc.O...
ERROR ..\tests\test_api.py::test_schedule_interviews_empty - sqlalchemy.exc.O...
ERROR ..\tests\test_api.py::test_submit_test_invalid_token - sqlalchemy.exc.O...
ERROR ..\tests\test_api.py::test_take_test_invalid_token - sqlalchemy.exc.Ope...
ERROR ..\tests\test_models.py::test_create_pipeline_run - sqlalchemy.exc.Oper...
ERROR ..\tests\test_models.py::test_create_candidate - sqlalchemy.exc.Operati...
ERROR ..\tests\test_models.py::test_resume_extraction - sqlalchemy.exc.Operat...
ERROR ..\tests\test_models.py::test_ai_evaluation - sqlalchemy.exc.Operationa...
ERROR ..\tests\test_models.py::test_github_analysis - sqlalchemy.exc.Operatio...
ERROR ..\tests\test_models.py::test_full_ranking_chain - sqlalchemy.exc.Opera...
ERROR ..\tests\test_models.py::test_interview_event - sqlalchemy.exc.Operatio...
ERROR ..\tests\test_models.py::test_email_send_log - sqlalchemy.exc.Operation...
ERROR ..\tests\test_pipeline.py::TestGoogleDriveUrl::test_converts_drive_link
ERROR ..\tests\test_pipeline.py::TestGoogleDriveUrl::test_returns_non_drive_url_unchanged
ERROR ..\tests\test_pipeline.py::TestGoogleDriveUrl::test_handles_none - sqla...
ERROR ..\tests\test_pipeline.py::TestGoogleDriveUrl::test_handles_empty_string
ERROR ..\tests\test_pipeline.py::TestGithubUsername::test_extracts_username
ERROR ..\tests\test_pipeline.py::TestGithubUsername::test_extracts_from_repo_url
ERROR ..\tests\test_pipeline.py::TestGithubUsername::test_handles_none - sqla...
ERROR ..\tests\test_pipeline.py::TestGithubUsername::test_handles_empty - sql...
ERROR ..\tests\test_pipeline.py::TestGithubUsername::test_handles_non_github
ERROR ..\tests\test_pipeline.py::TestExtractKeywords::test_extracts_keywords
ERROR ..\tests\test_pipeline.py::TestExtractKeywords::test_filters_stop_words
ERROR ..\tests\test_pipeline.py::TestExtractKeywords::test_empty_jd - sqlalch...
ERROR ..\tests\test_pipeline.py::TestKeywordFallbackScore::test_full_match - ...
ERROR ..\tests\test_pipeline.py::TestKeywordFallbackScore::test_no_match - sq...
ERROR ..\tests\test_pipeline.py::TestKeywordFallbackScore::test_partial_match
ERROR ..\tests\test_pipeline.py::TestKeywordFallbackScore::test_empty_jd - sq...
ERROR ..\tests\test_pipeline.py::TestNormalizeCgpa::test_perfect_score - sqla...
ERROR ..\tests\test_pipeline.py::TestNormalizeCgpa::test_mid_score - sqlalche...
ERROR ..\tests\test_pipeline.py::TestNormalizeCgpa::test_zero - sqlalchemy.ex...
ERROR ..\tests\test_pipeline.py::TestNormalizeCgpa::test_none - sqlalchemy.ex...
ERROR ..\tests\test_pipeline.py::TestNormalizeCgpa::test_over_max - sqlalchem...
ERROR ..\tests\test_pipeline.py::TestGithubScoreRepo::test_scores_good_repo
ERROR ..\tests\test_pipeline.py::TestGithubScoreRepo::test_scores_empty_repo
ERROR ..\tests\test_pipeline.py::TestUpsertCandidates::test_upsert_from_dataframe
ERROR ..\tests\test_pipeline.py::TestUpsertCandidates::test_upsert_idempotent
ERROR ..\tests\test_pipeline.py::TestPhase6Rank::test_ranking_calculation - s...
ERROR ..\tests\test_pipeline.py::TestPhase8FinalRanking::test_final_ranking
ERROR ..\tests\test_pipeline.py::TestRecomputeFinalScores::test_recompute - s...
======================= 5 warnings, 52 errors in 13.11s =======================
